Component: Arm Compiler for Embedded 6.23 Tool: armlink [5f102400]

==============================================================================

Section Cross References

    main.o(.text.uart_menu_handler) refers to main.o(.rodata.str1.1) for .L.str.8
    main.o(.text.uart_menu_handler) refers to uart.o(.text.uart_print) for uart_print
    main.o(.text.uart_menu_handler) refers to main.o(.bss.display_message) for display_message
    main.o(.text.uart_menu_handler) refers to main.o(.data.menu) for menu
    main.o(.text.uart_menu_handler) refers to strcat.o(.text) for strcat
    main.o(.text.uart_menu_handler) refers to main.o(.data.highlight_front) for highlight_front
    main.o(.text.uart_menu_handler) refers to main.o(.data.test) for test
    main.o(.text.uart_menu_handler) refers to main.o(.data.highlight_back) for highlight_back
    main.o(.text.uart_menu_handler) refers to main.o(.bss.buff_index) for buff_index
    main.o(.ARM.exidx.text.uart_menu_handler) refers to main.o(.text.uart_menu_handler) for [Anonymous Symbol]
    main.o(.text.DHT11_data_handler) refers to main.o(.bss.display_cases) for display_cases
    main.o(.text.DHT11_data_handler) refers to main.o(.bss.humidity) for humidity
    main.o(.text.DHT11_data_handler) refers to main.o(.bss.temperature) for temperature
    main.o(.text.DHT11_data_handler) refers to f2d.o(x$fpl$f2d) for __aeabi_f2d
    main.o(.text.DHT11_data_handler) refers to main.o(.data.reading_period) for reading_period
    main.o(.text.DHT11_data_handler) refers to main.o(.bss.display_message) for display_message
    main.o(.text.DHT11_data_handler) refers to main.o(.rodata.str1.1) for .L.str.13
    main.o(.text.DHT11_data_handler) refers to sprintf.o(.text) for sprintf
    main.o(.text.DHT11_data_handler) refers to uart.o(.text.uart_print) for uart_print
    main.o(.text.DHT11_data_handler) refers to main.o(.bss.buff_index) for buff_index
    main.o(.ARM.exidx.text.DHT11_data_handler) refers to main.o(.text.DHT11_data_handler) for [Anonymous Symbol]
    main.o(.ARM.exidx.text.update_timer_frequency) refers to main.o(.text.update_timer_frequency) for [Anonymous Symbol]
    main.o(.text.observer) refers to delay.o(.text.delay_us) for delay_us
    main.o(.text.observer) refers to gpio.o(.text.gpio_get) for gpio_get
    main.o(.ARM.exidx.text.observer) refers to main.o(.text.observer) for [Anonymous Symbol]
    main.o(.text.DHT11_read_data) refers to gpio.o(.text.gpio_set_mode) for gpio_set_mode
    main.o(.text.DHT11_read_data) refers to gpio.o(.text.gpio_set) for gpio_set
    main.o(.text.DHT11_read_data) refers to delay.o(.text.delay_ms) for delay_ms
    main.o(.text.DHT11_read_data) refers to delay.o(.text.delay_us) for delay_us
    main.o(.text.DHT11_read_data) refers to gpio.o(.text.gpio_get) for gpio_get
    main.o(.text.DHT11_read_data) refers to main.o(.rodata.str1.1) for .L.str.17
    main.o(.text.DHT11_read_data) refers to uart.o(.text.uart_print) for uart_print
    main.o(.text.DHT11_read_data) refers to main.o(.text.observer) for observer
    main.o(.text.DHT11_read_data) refers to main.o(.bss.humidity) for humidity
    main.o(.text.DHT11_read_data) refers to main.o(.bss.temperature) for temperature
    main.o(.text.DHT11_read_data) refers to main.o(.bss.dangerous_values) for dangerous_values
    main.o(.text.DHT11_read_data) refers to main.o(.text.__NVIC_SystemReset) for __NVIC_SystemReset
    main.o(.text.DHT11_read_data) refers to main.o(.data.mode) for mode
    main.o(.text.DHT11_read_data) refers to main.o(.bss.safe_values_count) for safe_values_count
    main.o(.text.DHT11_read_data) refers to main.o(.bss.danger) for danger
    main.o(.ARM.exidx.text.DHT11_read_data) refers to main.o(.text.DHT11_read_data) for [Anonymous Symbol]
    main.o(.ARM.exidx.text.__NVIC_SystemReset) refers to main.o(.text.__NVIC_SystemReset) for [Anonymous Symbol]
    main.o(.text.status_handler) refers to main.o(.bss.selection) for selection
    main.o(.text.status_handler) refers to main.o(.text.uart_menu_handler) for uart_menu_handler
    main.o(.text.status_handler) refers to main.o(.bss.buff_index) for buff_index
    main.o(.text.status_handler) refers to uart.o(.text.uart_tx) for uart_tx
    main.o(.text.status_handler) refers to main.o(.bss.buff) for buff
    main.o(.text.status_handler) refers to main.o(.rodata.str1.1) for .L.str.25
    main.o(.text.status_handler) refers to strcmpv7em.o(.text) for strcmp
    main.o(.text.status_handler) refers to main.o(.text.__NVIC_EnableIRQ) for __NVIC_EnableIRQ
    main.o(.text.status_handler) refers to main.o(.text.DHT11_read_data) for DHT11_read_data
    main.o(.text.status_handler) refers to main.o(.text.DHT11_data_handler) for DHT11_data_handler
    main.o(.text.status_handler) refers to main.o(.data.mode) for mode
    main.o(.text.status_handler) refers to main.o(.bss.touch_sensor_clicks) for touch_sensor_clicks
    main.o(.text.status_handler) refers to main.o(.bss.display_message) for display_message
[...]
    [Anonymous Symbol]                       0x08002fd0   Section        0  gpio.o(.text.gpio_toggle)
    [Anonymous Symbol]                       0x08002ff0   Section        0  main.o(.text.led_blinking_isr)
    [Anonymous Symbol]                       0x08003010   Section        0  main.o(.text.main)
    [Anonymous Symbol]                       0x080034b8   Section        0  main.o(.text.observer)
    [Anonymous Symbol]                       0x08003514   Section        0  main.o(.text.password_handler)
    [Anonymous Symbol]                       0x08003574   Section        0  queue.o(.text.queue_dequeue)
    [Anonymous Symbol]                       0x080035b8   Section        0  queue.o(.text.queue_enqueue)
    [Anonymous Symbol]                       0x08003608   Section        0  queue.o(.text.queue_init)
    [Anonymous Symbol]                       0x08003638   Section        0  queue.o(.text.queue_is_empty)
    [Anonymous Symbol]                       0x08003650   Section        0  queue.o(.text.queue_is_full)
    [Anonymous Symbol]                       0x08003674   Section        0  main.o(.text.status_handler)
    [Anonymous Symbol]                       0x08003734   Section        0  timer.o(.text.timer_disable)
    [Anonymous Symbol]                       0x08003748   Section        0  timer.o(.text.timer_enable)
    [Anonymous Symbol]                       0x08003758   Section        0  timer.o(.text.timer_init)
    [Anonymous Symbol]                       0x080037c0   Section        0  timer.o(.text.timer_set_callback)
    [Anonymous Symbol]                       0x080037d4   Section        0  main.o(.text.touch_sensor_isr)
    [Anonymous Symbol]                       0x08003838   Section        0  uart.o(.text.uart_enable)
    [Anonymous Symbol]                       0x0800384c   Section        0  uart.o(.text.uart_init)
    [Anonymous Symbol]                       0x080038d8   Section        0  main.o(.text.uart_menu_handler)
    [Anonymous Symbol]                       0x08003a1c   Section        0  uart.o(.text.uart_print)
    [Anonymous Symbol]                       0x08003a40   Section        0  uart.o(.text.uart_rx)
    [Anonymous Symbol]                       0x08003a74   Section        0  main.o(.text.uart_rx_isr)
    [Anonymous Symbol]                       0x08003aa8   Section        0  uart.o(.text.uart_set_rx_callback)
    [Anonymous Symbol]                       0x08003ae8   Section        0  uart.o(.text.uart_tx)
    [Anonymous Symbol]                       0x08003b1c   Section        0  main.o(.text.update_timer_frequency)
    CL$$btod_d2e                             0x08003b60   Section       62  btod.o(CL$$btod_d2e)
    CL$$btod_d2e_denorm_low                  0x08003b9e   Section       70  btod.o(CL$$btod_d2e_denorm_low)
    CL$$btod_d2e_norm_op1                    0x08003be4   Section       96  btod.o(CL$$btod_d2e_norm_op1)
    CL$$btod_div_common                      0x08003c44   Section      824  btod.o(CL$$btod_div_common)
    CL$$btod_e2e                             0x08003f7c   Section      220  btod.o(CL$$btod_e2e)
    CL$$btod_ediv                            0x08004058   Section       42  btod.o(CL$$btod_ediv)
    CL$$btod_emul                            0x08004082   Section       42  btod.o(CL$$btod_emul)
    CL$$btod_mult_common                     0x080040ac   Section      580  btod.o(CL$$btod_mult_common)
    i.__ARM_fpclassify                       0x080042f0   Section        0  fpclassify.o(i.__ARM_fpclassify)
    i._is_digit                              0x08004320   Section        0  __printf_wp.o(i._is_digit)
    locale$$code                             0x08004330   Section       44  lc_numeric_c.o(locale$$code)
    locale$$code                             0x0800435c   Section       44  lc_ctype_c.o(locale$$code)
    $v0                                      0x08004388   Number         0  ddiv.o(x$fpl$ddiv)
    x$fpl$ddiv                               0x08004388   Section      696  ddiv.o(x$fpl$ddiv)
    ddiv_entry                               0x0800438f   Thumb Code     0  ddiv.o(x$fpl$ddiv)
    $v0                                      0x08004640   Number         0  dfixu.o(x$fpl$dfixu)
    x$fpl$dfixu                              0x08004640   Section       90  dfixu.o(x$fpl$dfixu)
    $v0                                      0x0800469a   Number         0  dflt_clz.o(x$fpl$dfltu)
    x$fpl$dfltu                              0x0800469a   Section       38  dflt_clz.o(x$fpl$dfltu)
    $v0                                      0x080046c0   Number         0  dnaninf.o(x$fpl$dnaninf)
    x$fpl$dnaninf                            0x080046c0   Section      156  dnaninf.o(x$fpl$dnaninf)
    $v0                                      0x0800475c   Number         0  dretinf.o(x$fpl$dretinf)
    x$fpl$dretinf                            0x0800475c   Section       12  dretinf.o(x$fpl$dretinf)
    $v0                                      0x08004768   Number         0  f2d.o(x$fpl$f2d)
    x$fpl$f2d                                0x08004768   Section       86  f2d.o(x$fpl$f2d)
    $v0                                      0x080047be   Number         0  fnaninf.o(x$fpl$fnaninf)
    x$fpl$fnaninf                            0x080047be   Section      140  fnaninf.o(x$fpl$fnaninf)
    $v0                                      0x0800484a   Number         0  fpinit.o(x$fpl$fpinit)
    x$fpl$fpinit                             0x0800484a   Section       26  fpinit.o(x$fpl$fpinit)
    $v0                                      0x08004864   Number         0  printf1.o(x$fpl$printf1)
    x$fpl$printf1                            0x08004864   Section        4  printf1.o(x$fpl$printf1)
    $v0                                      0x08004868   Number         0  printf2.o(x$fpl$printf2)
    x$fpl$printf2                            0x08004868   Section        4  printf2.o(x$fpl$printf2)
    initial_mbstate                          0x0800486c   Data           8  _printf_wctomb.o(.constdata)
    .constdata                               0x0800486c   Section        8  _printf_wctomb.o(.constdata)
    x$fpl$usenofp                            0x0800486c   Section        0  usenofp.o(x$fpl$usenofp)
    uc_hextab                                0x08004874   Data          20  _printf_hex_int_ll_ptr.o(.constdata)
    .constdata                               0x08004874   Section       40  _printf_hex_int_ll_ptr.o(.constdata)
    lc_hextab                                0x08004888   Data          20  _printf_hex_int_ll_ptr.o(.constdata)
    maptable                                 0x0800489c   Data          17  __printf_flags_ss_wp.o(.constdata)
    .constdata                               0x0800489c   Section       17  __printf_flags_ss_wp.o(.constdata)
    lc_hextab                                0x080048ad   Data          19  _printf_fp_hex.o(.constdata)
    .constdata                               0x080048ad   Section       38  _printf_fp_hex.o(.constdata)
    uc_hextab                                0x080048c0   Data          19  _printf_fp_hex.o(.constdata)
    tenpwrs_x                                0x080048d4   Data          60  bigflt0.o(.constdata)
    .constdata                               0x080048d4   Section      148  bigflt0.o(.constdata)
    tenpwrs_i                                0x08004910   Data          64  bigflt0.o(.constdata)
    APBAHBPrescTable                         0x08004968   Data          16  stm32f4xx_rcc.o(.rodata.APBAHBPrescTable)
    [Anonymous Symbol]                       0x08004968   Section        0  stm32f4xx_rcc.o(.rodata.APBAHBPrescTable)
    .L.str.10                                0x08004978   Data           4  main.o(.rodata.str1.1)
    [Anonymous Symbol]                       0x08004978   Section        0  main.o(.rodata.str1.1)
    .L.str.15                                0x0800497c   Data          71  main.o(.rodata.str1.1)
    .L.str.14                                0x080049c3   Data          64  main.o(.rodata.str1.1)
    .L.str.13                                0x08004a03   Data          64  main.o(.rodata.str1.1)
    .L.str.18                                0x08004a43   Data          21  main.o(.rodata.str1.1)
    .L.str.20                                0x08004a58   Data          13  main.o(.rodata.str1.1)
    .L.str.19                                0x08004a65   Data          21  main.o(.rodata.str1.1)
    .L.str.21                                0x08004a7a   Data          13  main.o(.rodata.str1.1)
    .L.str.22                                0x08004a87   Data          12  main.o(.rodata.str1.1)
    .L.str.17                                0x08004a93   Data           9  main.o(.rodata.str1.1)
    .L.str.9                                 0x08004ad4   Data           3  main.o(.rodata.str1.1)
    .L.str.23                                0x08004ad7   Data           9  main.o(.rodata.str1.1)
    .L.str.29                                0x08004ae0   Data          51  main.o(.rodata.str1.1)
    .L.str.27                                0x08004b13   Data          53  main.o(.rodata.str1.1)
    .L.str.8                                 0x08004b48   Data           5  main.o(.rodata.str1.1)
    .L.str.16                                0x08004b4d   Data          36  main.o(.rodata.str1.1)
    .L.str.31                                0x08004b71   Data          27  main.o(.rodata.str1.1)
    .L.str.28                                0x08004b8c   Data          17  main.o(.rodata.str1.1)
    .L.str.11                                0x08004b9d   Data          10  main.o(.rodata.str1.1)
    .L.str.32                                0x08004ba7   Data          22  main.o(.rodata.str1.1)
    .L.str.30                                0x08004bbd   Data          32  main.o(.rodata.str1.1)
    .L.str.12                                0x08004ca0   Data           5  main.o(.rodata.str1.1)
    .L.str.33                                0x08004ca5   Data          76  main.o(.rodata.str1.1)
    .L.str.26                                0x08004cf1   Data          75  main.o(.rodata.str1.1)
    .L.str.24                                0x08004d3c   Data          38  main.o(.rodata.str1.1)
    .L.str.25                                0x08004d79   Data           7  main.o(.rodata.str1.1)
    locale$$data                             0x08004da0   Section       28  lc_numeric_c.o(locale$$data)
    __lcnum_c_name                           0x08004da4   Data           2  lc_numeric_c.o(locale$$data)
    __lcnum_c_start                          0x08004dac   Data           0  lc_numeric_c.o(locale$$data)
    __lcnum_c_point                          0x08004db8   Data           0  lc_numeric_c.o(locale$$data)
    __lcnum_c_thousands                      0x08004dba   Data           0  lc_numeric_c.o(locale$$data)
    __lcnum_c_grouping                       0x08004dbb   Data           0  lc_numeric_c.o(locale$$data)
    __lcnum_c_end                            0x08004dbc   Data           0  lc_numeric_c.o(locale$$data)
    locale$$data                             0x08004dbc   Section      272  lc_ctype_c.o(locale$$data)
    __lcctype_c_name                         0x08004dc0   Data           2  lc_ctype_c.o(locale$$data)
    __lcctype_c_start                        0x08004dc8   Data           0  lc_ctype_c.o(locale$$data)
    __lcctype_c_end                          0x08004ecc   Data           0  lc_ctype_c.o(locale$$data)
    .bss                                     0x20000030   Section       96  libspace.o(.bss)
    GPIO_callback                            0x20000094   Data           4  gpio.o(.bss.GPIO_callback)
    [Anonymous Symbol]                       0x20000094   Section        0  gpio.o(.bss.GPIO_callback)
    UART_callback                            0x200000a4   Data           4  uart.o(.bss.UART_callback)
    [Anonymous Symbol]                       0x200000a4   Section        0  uart.o(.bss.UART_callback)
    timer_callback                           0x2000073c   Data           4  timer.o(.bss.timer_callback)
    [Anonymous Symbol]                       0x2000073c   Section        0  timer.o(.bss.timer_callback)
    Heap_Mem                                 0x20000748   Data         512  startup_stm32f411xe.o(HEAP)
    HEAP                                     0x20000748   Section      512  startup_stm32f411xe.o(HEAP)
    Stack_Mem                                0x20000948   Data        1024  startup_stm32f411xe.o(STACK)
    STACK                                    0x20000948   Section     1024  startup_stm32f411xe.o(STACK)
    __initial_sp                             0x20000d48   Data           0  startup_stm32f411xe.o(STACK)

    Global Symbols

    Symbol Name                              Value     Ov Type        Size  Object(Section)

    BuildAttributes$$THM_ISAv4$E$P$D$K$B$S$7EM$VFPi3$EXTD16$VFPS$VFMA$PE$A:L22UL41UL21$X:L11$S22US41US21$IEEE1$IW$~IW$USESV6$~STKCKD$USESV7$~SHL$OTIME$ROPI$IEEEJ$EBA8$UX$STANDARDLIB$REQ8$EABIv2 0x00000000   Number         0  anon$$obj.o ABSOLUTE
    _printf_flags                            0x00000000   Number         0  printf_stubs.o ABSOLUTE
    _printf_return_value                     0x00000000   Number         0  printf_stubs.o ABSOLUTE
    _printf_sizespec                         0x00000000   Number         0  printf_stubs.o ABSOLUTE
    _printf_widthprec                        0x00000000   Number         0  printf_stubs.o ABSOLUTE
    SHT$$ARM_EXIDX$$Base                      - Undefined Reference
    SHT$$ARM_EXIDX$$Limit                     - Undefined Reference
    __ARM_exceptions_init                     - Undefined Weak Reference
    __alloca_initialize                       - Undefined Weak Reference
    __arm_find_exidx_section                  - Undefined Weak Reference
    __arm_preinit_                            - Undefined Weak Reference
    __arm_relocate_pie_                       - Undefined Weak Reference
    __cpp_initialize__aeabi_                  - Undefined Weak Reference
    __cxa_finalize                            - Undefined Weak Reference
    __sigvec_lookup                           - Undefined Weak Reference
    __user_heap_extent                        - Undefined Weak Reference
    _atexit_init                              - Undefined Weak Reference
    _call_atexit_fns                          - Undefined Weak Reference
    _clock_init                               - Undefined Weak Reference
    _fp_trap_init                             - Undefined Weak Reference
    _fp_trap_shutdown                         - Undefined Weak Reference
    _get_lc_collate                           - Undefined Weak Reference
    _get_lc_monetary                          - Undefined Weak Reference
    _get_lc_time                              - Undefined Weak Reference
    _getenv_init                              - Undefined Weak Reference
    _handle_redirection                       - Undefined Weak Reference
    _initio                                   - Undefined Weak Reference
    _mutex_acquire                            - Undefined Weak Reference
    _mutex_free                               - Undefined Weak Reference
    _mutex_release                            - Undefined Weak Reference
    _printf_mbtowc                            - Undefined Weak Reference
    _printf_wc                                - Undefined Weak Reference
    _rand_init                                - Undefined Weak Reference
    _signal_finish                            - Undefined Weak Reference
    _signal_init                              - Undefined Weak Reference
    _terminateio                              - Undefined Weak Reference
    __Vectors_Size                           0x00000198   Number         0  startup_stm32f411xe.o ABSOLUTE
    __Vectors                                0x08000000   Data           4  startup_stm32f411xe.o(RESET)
    __Vectors_End                            0x08000198   Data           0  startup_stm32f411xe.o(RESET)
    __main                                   0x08000199   Thumb Code     8  __main.o(!!!main)
    __scatterload                            0x080001a1   Thumb Code     0  __scatter.o(!!!scatter)
    __scatterload_rt2                        0x080001a1   Thumb Code    84  __scatter.o(!!!scatter)
    __scatterload_rt2_thumb_only             0x080001a1   Thumb Code     0  __scatter.o(!!!scatter)
    __scatterload_loop                       0x080001ab   Thumb Code     0  __scatter.o(!!!scatter)
    __scatterload_copy                       0x080001fd   Thumb Code    26  __scatter_copy.o(!!handler_copy)
    __scatterload_null                       0x08000219   Thumb Code     2  __scatter.o(!!handler_null)
    __scatterload_zeroinit                   0x0800021d   Thumb Code    28  __scatter_zi.o(!!handler_zi)
    _printf_n                                0x08000239   Thumb Code     0  _printf_n.o(.ARM.Collect$$_printf_percent$$00000001)
    _printf_percent                          0x08000239   Thumb Code     0  _printf_percent.o(.ARM.Collect$$_printf_percent$$00000000)
    _printf_p                                0x0800023f   Thumb Code     0  _printf_p.o(.ARM.Collect$$_printf_percent$$00000002)
    _printf_f                                0x08000245   Thumb Code     0  _printf_f.o(.ARM.Collect$$_printf_percent$$00000003)
    _printf_e                                0x0800024b   Thumb Code     0  _printf_e.o(.ARM.Collect$$_printf_percent$$00000004)
    _printf_g                                0x08000251   Thumb Code     0  _printf_g.o(.ARM.Collect$$_printf_percent$$00000005)
    _printf_a                                0x08000257   Thumb Code     0  _printf_a.o(.ARM.Collect$$_printf_percent$$00000006)
    _printf_ll                               0x0800025d   Thumb Code     0  _printf_ll.o(.ARM.Collect$$_printf_percent$$00000007)
    _printf_i                                0x08000267   Thumb Code     0  _printf_i.o(.ARM.Collect$$_printf_percent$$00000008)
    _printf_d                                0x0800026d   Thumb Code     0  _printf_d.o(.ARM.Collect$$_printf_percent$$00000009)
    _printf_u                                0x08000273   Thumb Code     0  _printf_u.o(.ARM.Collect$$_printf_percent$$0000000A)
    _printf_o                                0x08000279   Thumb Code     0  _printf_o.o(.ARM.Collect$$_printf_percent$$0000000B)
    _printf_x                                0x0800027f   Thumb Code     0  _printf_x.o(.ARM.Collect$$_printf_percent$$0000000C)
    _printf_lli                              0x08000285   Thumb Code     0  _printf_lli.o(.ARM.Collect$$_printf_percent$$0000000D)
    _printf_lld                              0x0800028b   Thumb Code     0  _printf_lld.o(.ARM.Collect$$_printf_percent$$0000000E)
    _printf_llu                              0x08000291   Thumb Code     0  _printf_llu.o(.ARM.Collect$$_printf_percent$$0000000F)
    _printf_llo                              0x08000297   Thumb Code     0  _printf_llo.o(.ARM.Collect$$_printf_percent$$00000010)
    _printf_llx                              0x0800029d   Thumb Code     0  _printf_llx.o(.ARM.Collect$$_printf_percent$$00000011)
    _printf_l                                0x080002a3   Thumb Code     0  _printf_l.o(.ARM.Collect$$_printf_percent$$00000012)
    _printf_c                                0x080002ad   Thumb Code     0  _printf_c.o(.ARM.Collect$$_printf_percent$$00000013)
    _printf_s                                0x080002b3   Thumb Code     0  _printf_s.o(.ARM.Collect$$_printf_percent$$00000014)
    _printf_lc                               0x080002b9   Thumb Code     0  _printf_lc.o(.ARM.Collect$$_printf_percent$$00000015)
    _printf_ls                               0x080002bf   Thumb Code     0  _printf_ls.o(.ARM.Collect$$_printf_percent$$00000016)
    _printf_percent_end                      0x080002c5   Thumb Code     0  _printf_percent_end.o(.ARM.Collect$$_printf_percent$$00000017)
    __rt_lib_init                            0x080002c9   Thumb Code     0  libinit.o(.ARM.Collect$$libinit$$00000000)
    __rt_lib_init_fp_1                       0x080002cb   Thumb Code     0  libinit2.o(.ARM.Collect$$libinit$$00000001)
    __rt_lib_init_heap_2                     0x080002cf   Thumb Code     0  libinit2.o(.ARM.Collect$$libinit$$00000007)
    __rt_lib_init_preinit_1                  0x080002cf   Thumb Code     0  libinit2.o(.ARM.Collect$$libinit$$00000006)
    __rt_lib_init_relocate_pie_1             0x080002cf   Thumb Code     0  libinit2.o(.ARM.Collect$$libinit$$00000004)
    __rt_lib_init_heap_1                     0x080002d7   Thumb Code     0  libinit2.o(.ARM.Collect$$libinit$$0000000C)
    __rt_lib_init_lc_common                  0x080002d7   Thumb Code     0  libinit2.o(.ARM.Collect$$libinit$$00000011)
    __rt_lib_init_rand_1                     0x080002d7   Thumb Code     0  libinit2.o(.ARM.Collect$$libinit$$00000010)
    __rt_lib_init_user_alloc_1               0x080002d7   Thumb Code     0  libinit2.o(.ARM.Collect$$libinit$$0000000E)
    __rt_lib_init_lc_collate_1               0x080002dd   Thumb Code     0  libinit2.o(.ARM.Collect$$libinit$$00000013)
    __rt_lib_init_lc_ctype_2                 0x080002dd   Thumb Code     0  libinit2.o(.ARM.Collect$$libinit$$00000014)
    __rt_lib_init_lc_ctype_1                 0x080002e9   Thumb Code     0  libinit2.o(.ARM.Collect$$libinit$$00000015)
    __rt_lib_init_lc_monetary_1              0x080002e9   Thumb Code     0  libinit2.o(.ARM.Collect$$libinit$$00000017)
    __rt_lib_init_lc_numeric_2               0x080002e9   Thumb Code     0  libinit2.o(.ARM.Collect$$libinit$$00000018)
    __rt_lib_init_alloca_1                   0x080002f3   Thumb Code     0  libinit2.o(.ARM.Collect$$libinit$$00000030)
    __rt_lib_init_argv_1                     0x080002f3   Thumb Code     0  libinit2.o(.ARM.Collect$$libinit$$0000002E)
    __rt_lib_init_atexit_1                   0x080002f3   Thumb Code     0  libinit2.o(.ARM.Collect$$libinit$$0000001D)
    __rt_lib_init_clock_1                    0x080002f3   Thumb Code     0  libinit2.o(.ARM.Collect$$libinit$$00000023)
    __rt_lib_init_cpp_1                      0x080002f3   Thumb Code     0  libinit2.o(.ARM.Collect$$libinit$$00000034)
    __rt_lib_init_exceptions_1               0x080002f3   Thumb Code     0  libinit2.o(.ARM.Collect$$libinit$$00000032)
    __rt_lib_init_fp_trap_1                  0x080002f3   Thumb Code     0  libinit2.o(.ARM.Collect$$libinit$$00000021)
    __rt_lib_init_getenv_1                   0x080002f3   Thumb Code     0  libinit2.o(.ARM.Collect$$libinit$$00000025)
    __rt_lib_init_lc_numeric_1               0x080002f3   Thumb Code     0  libinit2.o(.ARM.Collect$$libinit$$00000019)
    __rt_lib_init_lc_time_1                  0x080002f3   Thumb Code     0  libinit2.o(.ARM.Collect$$libinit$$0000001B)
    __rt_lib_init_return                     0x080002f3   Thumb Code     0  libinit2.o(.ARM.Collect$$libinit$$00000035)
    __rt_lib_init_signal_1                   0x080002f3   Thumb Code     0  libinit2.o(.ARM.Collect$$libinit$$0000001F)
    __rt_lib_init_stdio_1                    0x080002f3   Thumb Code     0  libinit2.o(.ARM.Collect$$libinit$$00000027)
    __rt_lib_shutdown                        0x080002f5   Thumb Code     0  libshutdown.o(.ARM.Collect$$libshutdown$$00000000)
    __rt_lib_shutdown_cpp_1                  0x080002f7   Thumb Code     0  libshutdown2.o(.ARM.Collect$$libshutdown$$00000002)
    __rt_lib_shutdown_fp_trap_1              0x080002f7   Thumb Code     0  libshutdown2.o(.ARM.Collect$$libshutdown$$00000007)
    __rt_lib_shutdown_heap_1                 0x080002f7   Thumb Code     0  libshutdown2.o(.ARM.Collect$$libshutdown$$0000000F)
    __rt_lib_shutdown_return                 0x080002f7   Thumb Code     0  libshutdown2.o(.ARM.Collect$$libshutdown$$00000010)
    __rt_lib_shutdown_signal_1               0x080002f7   Thumb Code     0  libshutdown2.o(.ARM.Collect$$libshutdown$$0000000A)
    __rt_lib_shutdown_stdio_1                0x080002f7   Thumb Code     0  libshutdown2.o(.ARM.Collect$$libshutdown$$00000004)
    __rt_lib_shutdown_user_alloc_1           0x080002f7   Thumb Code     0  libshutdown2.o(.ARM.Collect$$libshutdown$$0000000C)
    __rt_entry                               0x080002f9   Thumb Code     0  __rtentry.o(.ARM.Collect$$rtentry$$00000000)
    __rt_entry_presh_1                       0x080002f9   Thumb Code     0  __rtentry2.o(.ARM.Collect$$rtentry$$00000002)
    __rt_entry_sh                            0x080002f9   Thumb Code     0  __rtentry4.o(.ARM.Collect$$rtentry$$00000004)
    __rt_entry_li                            0x080002ff   Thumb Code     0  __rtentry2.o(.ARM.Collect$$rtentry$$0000000A)
    __rt_entry_postsh_1                      0x080002ff   Thumb Code     0  __rtentry2.o(.ARM.Collect$$rtentry$$00000009)
    __rt_entry_main                          0x08000303   Thumb Code     0  __rtentry2.o(.ARM.Collect$$rtentry$$0000000D)
    __rt_entry_postli_1                      0x08000303   Thumb Code     0  __rtentry2.o(.ARM.Collect$$rtentry$$0000000C)
    __rt_exit                                0x0800030b   Thumb Code     0  rtexit.o(.ARM.Collect$$rtexit$$00000000)
    __rt_exit_ls                             0x0800030d   Thumb Code     0  rtexit2.o(.ARM.Collect$$rtexit$$00000003)
    __rt_exit_prels_1                        0x0800030d   Thumb Code     0  rtexit2.o(.ARM.Collect$$rtexit$$00000002)
    __rt_exit_exit                           0x08000311   Thumb Code     0  rtexit2.o(.ARM.Collect$$rtexit$$00000004)
    delay_cycles                             0x08000319   Thumb Code     0  delay_as.o(.text)
    Reset_Handler                            0x08000325   Thumb Code     8  startup_stm32f411xe.o(.text)
    NMI_Handler                              0x0800032d   Thumb Code     2  startup_stm32f411xe.o(.text)
    HardFault_Handler                        0x0800032f   Thumb Code     2  startup_stm32f411xe.o(.text)
    MemManage_Handler                        0x08000331   Thumb Code     2  startup_stm32f411xe.o(.text)
    BusFault_Handler                         0x08000333   Thumb Code     2  startup_stm32f411xe.o(.text)
    UsageFault_Handler                       0x08000335   Thumb Code     2  startup_stm32f411xe.o(.text)
    SVC_Handler                              0x08000337   Thumb Code     2  startup_stm32f411xe.o(.text)
    DebugMon_Handler                         0x08000339   Thumb Code     2  startup_stm32f411xe.o(.text)
    PendSV_Handler                           0x0800033b   Thumb Code     2  startup_stm32f411xe.o(.text)
    ADC_IRQHandler                           0x0800033f   Thumb Code     0  startup_stm32f411xe.o(.text)
    DMA1_Stream0_IRQHandler                  0x0800033f   Thumb Code     0  startup_stm32f411xe.o(.text)
    DMA1_Stream1_IRQHandler                  0x0800033f   Thumb Code     0  startup_stm32f411xe.o(.text)
    DMA1_Stream2_IRQHandler                  0x0800033f   Thumb Code     0  startup_stm32f411xe.o(.text)
    DMA1_Stream3_IRQHandler                  0x0800033f   Thumb Code     0  startup_stm32f411xe.o(.text)
    DMA1_Stream4_IRQHandler                  0x0800033f   Thumb Code     0  startup_stm32f411xe.o(.text)
    DMA1_Stream5_IRQHandler                  0x0800033f   Thumb Code     0  startup_stm32f411xe.o(.text)
    DMA1_Stream6_IRQHandler                  0x0800033f   Thumb Code     0  startup_stm32f411xe.o(.text)
    DMA1_Stream7_IRQHandler                  0x0800033f   Thumb Code     0  startup_stm32f411xe.o(.text)
    DMA2_Stream0_IRQHandler                  0x0800033f   Thumb Code     0  startup_stm32f411xe.o(.text)
    DMA2_Stream1_IRQHandler                  0x0800033f   Thumb Code     0  startup_stm32f411xe.o(.text)
    DMA2_Stream2_IRQHandler                  0x0800033f   Thumb Code     0  startup_stm32f411xe.o(.text)
    DMA2_Stream3_IRQHandler                  0x0800033f   Thumb Code     0  startup_stm32f411xe.o(.text)
    DMA2_Stream4_IRQHandler                  0x0800033f   Thumb Code     0  startup_stm32f411xe.o(.text)
    DMA2_Stream5_IRQHandler                  0x0800033f   Thumb Code     0  startup_stm32f411xe.o(.text)
    DMA2_Stream6_IRQHandler                  0x0800033f   Thumb Code     0  startup_stm32f411xe.o(.text)
    DMA2_Stream7_IRQHandler                  0x0800033f   Thumb Code     0  startup_stm32f411xe.o(.text)
    FLASH_IRQHandler                         0x0800033f   Thumb Code     0  startup_stm32f411xe.o(.text)
    FPU_IRQHandler                           0x0800033f   Thumb Code     0  startup_stm32f411xe.o(.text)
    I2C1_ER_IRQHandler                       0x0800033f   Thumb Code     0  startup_stm32f411xe.o(.text)
    I2C1_EV_IRQHandler                       0x0800033f   Thumb Code     0  startup_stm32f411xe.o(.text)
    I2C2_ER_IRQHandler                       0x0800033f   Thumb Code     0  startup_stm32f411xe.o(.text)
    I2C2_EV_IRQHandler                       0x0800033f   Thumb Code     0  startup_stm32f411xe.o(.text)
    I2C3_ER_IRQHandler                       0x0800033f   Thumb Code     0  startup_stm32f411xe.o(.text)
    I2C3_EV_IRQHandler                       0x0800033f   Thumb Code     0  startup_stm32f411xe.o(.text)
    OTG_FS_IRQHandler                        0x0800033f   Thumb Code     0  startup_stm32f411xe.o(.text)
    OTG_FS_WKUP_IRQHandler                   0x0800033f   Thumb Code     0  startup_stm32f411xe.o(.text)
    PVD_IRQHandler                           0x0800033f   Thumb Code     0  startup_stm32f411xe.o(.text)
    RCC_IRQHandler                           0x0800033f   Thumb Code     0  startup_stm32f411xe.o(.text)
    RTC_Alarm_IRQHandler                     0x0800033f   Thumb Code     0  startup_stm32f411xe.o(.text)
    RTC_WKUP_IRQHandler                      0x0800033f   Thumb Code     0  startup_stm32f411xe.o(.text)
    SDIO_IRQHandler                          0x0800033f   Thumb Code     0  startup_stm32f411xe.o(.text)
    SPI1_IRQHandler                          0x0800033f   Thumb Code     0  startup_stm32f411xe.o(.text)
    SPI2_IRQHandler                          0x0800033f   Thumb Code     0  startup_stm32f411xe.o(.text)
    SPI3_IRQHandler                          0x0800033f   Thumb Code     0  startup_stm32f411xe.o(.text)
    SPI4_IRQHandler                          0x0800033f   Thumb Code     0  startup_stm32f411xe.o(.text)
    SPI5_IRQHandler                          0x0800033f   Thumb Code     0  startup_stm32f411xe.o(.text)
    TAMP_STAMP_IRQHandler                    0x0800033f   Thumb Code     0  startup_stm32f411xe.o(.text)
    TIM1_BRK_TIM9_IRQHandler                 0x0800033f   Thumb Code     0  startup_stm32f411xe.o(.text)
    TIM1_CC_IRQHandler                       0x0800033f   Thumb Code     0  startup_stm32f411xe.o(.text)
    TIM1_TRG_COM_TIM11_IRQHandler            0x0800033f   Thumb Code     0  startup_stm32f411xe.o(.text)
    TIM1_UP_TIM10_IRQHandler                 0x0800033f   Thumb Code     0  startup_stm32f411xe.o(.text)
    TIM4_IRQHandler                          0x0800033f   Thumb Code     0  startup_stm32f411xe.o(.text)
    TIM5_IRQHandler                          0x0800033f   Thumb Code     0  startup_stm32f411xe.o(.text)
    USART1_IRQHandler                        0x0800033f   Thumb Code     0  startup_stm32f411xe.o(.text)
    USART6_IRQHandler                        0x0800033f   Thumb Code     0  startup_stm32f411xe.o(.text)
    WWDG_IRQHandler                          0x0800033f   Thumb Code     0  startup_stm32f411xe.o(.text)
    __user_initial_stackheap                 0x08000341   Thumb Code     0  startup_stm32f411xe.o(.text)
    malloc                                   0x08000365   Thumb Code    94  h1_alloc.o(.text)
    sprintf                                  0x080003c5   Thumb Code    38  sprintf.o(.text)
    strcat                                   0x080003f1   Thumb Code    24  strcat.o(.text)
    strcmp                                   0x08000409   Thumb Code   124  strcmpv7em.o(.text)
    __use_two_region_memory                  0x08000485   Thumb Code     2  heapauxi.o(.text)
    __rt_heap_escrow                         0x08000487   Thumb Code     2  heapauxi.o(.text)
    __rt_heap_expand                         0x08000489   Thumb Code     2  heapauxi.o(.text)
    __rt_heap_descriptor                     0x0800048d   Thumb Code     8  rt_heap_descriptor_intlibspace.o(.text)
    __use_no_heap                            0x08000495   Thumb Code     2  hguard.o(.text)
    __heap$guard                             0x08000497   Thumb Code     2  hguard.o(.text)
    _terminate_user_alloc                    0x08000499   Thumb Code     2  init_alloc.o(.text)
    _init_user_alloc                         0x0800049b   Thumb Code     2  init_alloc.o(.text)
    __Heap_Full                              0x0800049d   Thumb Code    34  init_alloc.o(.text)
    __Heap_Broken                            0x080004bf   Thumb Code     6  init_alloc.o(.text)
    _init_alloc                              0x080004c5   Thumb Code    94  init_alloc.o(.text)
    __Heap_Initialize                        0x08000523   Thumb Code     8  h1_init.o(.text)
    __Heap_DescSize                          0x0800052b   Thumb Code     4  h1_init.o(.text)
    free                                     0x0800052f   Thumb Code    78  h1_free.o(.text)
    _printf_pre_padding                      0x0800057d   Thumb Code    44  _printf_pad.o(.text)
    _printf_post_padding                     0x080005a9   Thumb Code    34  _printf_pad.o(.text)
    _printf_truncate_signed                  0x080005cb   Thumb Code    18  _printf_truncate.o(.text)
    _printf_truncate_unsigned                0x080005dd   Thumb Code    18  _printf_truncate.o(.text)
    _printf_str                              0x080005ef   Thumb Code    82  _printf_str.o(.text)
    _printf_int_dec                          0x08000641   Thumb Code   104  _printf_dec.o(.text)
    _printf_charcount                        0x080006b9   Thumb Code    40  _printf_charcount.o(.text)
    _printf_char_common                      0x080006eb   Thumb Code    32  _printf_char_common.o(.text)
    _sputc                                   0x08000711   Thumb Code    10  _sputc.o(.text)
    _printf_wctomb                           0x0800071d   Thumb Code   182  _printf_wctomb.o(.text)
    _printf_longlong_dec                     0x080007d9   Thumb Code   108  _printf_longlong_dec.o(.text)
    _printf_longlong_oct                     0x08000855   Thumb Code    68  _printf_oct_int_ll.o(.text)
    _printf_int_oct                          0x08000899   Thumb Code    24  _printf_oct_int_ll.o(.text)
    _printf_ll_oct                           0x080008b1   Thumb Code    12  _printf_oct_int_ll.o(.text)
    _printf_longlong_hex                     0x080008c5   Thumb Code    86  _printf_hex_int_ll_ptr.o(.text)
    _printf_int_hex                          0x0800091b   Thumb Code    28  _printf_hex_int_ll_ptr.o(.text)
    _printf_ll_hex                           0x08000937   Thumb Code    12  _printf_hex_int_ll_ptr.o(.text)
    _printf_hex_ptr                          0x08000943   Thumb Code    18  _printf_hex_int_ll_ptr.o(.text)
    __printf                                 0x08000959   Thumb Code   388  __printf_flags_ss_wp.o(.text)
    _sys_exit                                0x08000ae1   Thumb Code     8  sys_exit.o(.text)
    __user_libspace                          0x08000aed   Thumb Code     8  libspace.o(.text)
    __user_perproc_libspace                  0x08000aed   Thumb Code     0  libspace.o(.text)
    __user_perthread_libspace                0x08000aed   Thumb Code     0  libspace.o(.text)
    __Heap_ProvideMemory                     0x08000af5   Thumb Code    52  h1_extend.o(.text)
    _maybe_terminate_alloc                   0x08000af5   Thumb Code     0  maybetermalloc1.o(.text)
    _ll_udiv10                               0x08000b29   Thumb Code   138  lludiv10.o(.text)
    _printf_int_common                       0x08000bb3   Thumb Code   178  _printf_intcommon.o(.text)
    _printf_fp_dec_real                      0x08000e15   Thumb Code   620  _printf_fp_dec.o(.text)
    _printf_fp_hex_real                      0x08001081   Thumb Code   756  _printf_fp_hex.o(.text)
    _printf_cs_common                        0x0800137d   Thumb Code    20  _printf_char.o(.text)
    _printf_char                             0x08001391   Thumb Code    16  _printf_char.o(.text)
    _printf_string                           0x080013a1   Thumb Code     8  _printf_char.o(.text)
    _printf_lcs_common                       0x080013a9   Thumb Code    20  _printf_wchar.o(.text)
    _printf_wchar                            0x080013bd   Thumb Code    16  _printf_wchar.o(.text)
    _printf_wstring                          0x080013cd   Thumb Code     8  _printf_wchar.o(.text)
    _c16rtomb                                0x080013d5   Thumb Code    72  _c16rtomb.o(.text)
    _wcrtomb                                 0x080013d5   Thumb Code     0  _c16rtomb.o(.text)
    __rt_SIGRTMEM                            0x0800141d   Thumb Code    14  defsig_rtmem_outer.o(.text)
    __I$use$semihosting                      0x0800142b   Thumb Code     0  use_no_semi.o(.text)
    __use_no_semihosting_swi                 0x0800142b   Thumb Code     2  use_no_semi.o(.text)
    __semihosting_library_function           0x0800142d   Thumb Code     0  indicate_semi.o(.text)
    __user_setup_stackheap                   0x0800142d   Thumb Code    74  sys_stackheap_outer.o(.text)
    __rt_ctype_table                         0x08001479   Thumb Code    16  rt_ctype_table.o(.text)
    __rt_locale                              0x08001489   Thumb Code     8  rt_locale_intlibspace.o(.text)
    _printf_fp_infnan                        0x08001491   Thumb Code   112  _printf_fp_infnan.o(.text)
    _btod_etento                             0x08001511   Thumb Code   224  bigflt0.o(.text)
    exit                                     0x080015f5   Thumb Code    18  exit.o(.text)
    __sig_exit                               0x08001607   Thumb Code    10  defsig_exit.o(.text)
    __rt_SIGRTMEM_inner                      0x08001611   Thumb Code    22  defsig_rtmem_inner.o(.text)
    __default_signal_display                 0x08001661   Thumb Code    50  defsig_general.o(.text)
    _ttywrch                                 0x08001693   Thumb Code    14  sys_wrch.o(.text)
    DHT11_data_handler                       0x080016a1   Thumb Code   286  main.o(.text.DHT11_data_handler)
    DHT11_read_data                          0x080017c1   Thumb Code   760  main.o(.text.DHT11_read_data)
    EXTI0_IRQHandler                         0x08001ac1   Thumb Code   132  gpio.o(.text.EXTI0_IRQHandler)
    EXTI15_10_IRQHandler                     0x08001b45   Thumb Code   108  gpio.o(.text.EXTI15_10_IRQHandler)
    EXTI1_IRQHandler                         0x08001bb1   Thumb Code   132  gpio.o(.text.EXTI1_IRQHandler)
    EXTI2_IRQHandler                         0x08001c35   Thumb Code   132  gpio.o(.text.EXTI2_IRQHandler)
    EXTI3_IRQHandler                         0x08001cb9   Thumb Code   132  gpio.o(.text.EXTI3_IRQHandler)
    EXTI4_IRQHandler                         0x08001d3d   Thumb Code   132  gpio.o(.text.EXTI4_IRQHandler)
    EXTI9_5_IRQHandler                       0x08001dc1   Thumb Code   132  gpio.o(.text.EXTI9_5_IRQHandler)
    GPIO_Init                                0x08001e45   Thumb Code   246  stm32f4xx_gpio.o(.text.GPIO_Init)
    GPIO_PinAFConfig                         0x08001f3d   Thumb Code   114  stm32f4xx_gpio.o(.text.GPIO_PinAFConfig)
    RCC_AHB1PeriphClockCmd                   0x08002089   Thumb Code    56  stm32f4xx_rcc.o(.text.RCC_AHB1PeriphClockCmd)
    RCC_APB1PeriphClockCmd                   0x080020c1   Thumb Code    56  stm32f4xx_rcc.o(.text.RCC_APB1PeriphClockCmd)
    RCC_GetClocksFreq                        0x080020f9   Thumb Code   354  stm32f4xx_rcc.o(.text.RCC_GetClocksFreq)
    SysTick_Handler                          0x080022b1   Thumb Code    16  timer.o(.text.SysTick_Handler)
    SystemInit                               0x080022c1   Thumb Code    18  system_stm32f4xx.o(.text.SystemInit)
    TIM2_IRQHandler                          0x080022d5   Thumb Code    44  main.o(.text.TIM2_IRQHandler)
    TIM3_IRQHandler                          0x08002301   Thumb Code    48  main.o(.text.TIM3_IRQHandler)
    USART2_IRQHandler                        0x08002331   Thumb Code    54  uart.o(.text.USART2_IRQHandler)
    USART_Cmd                                0x08002369   Thumb Code    46  stm32f4xx_usart.o(.text.USART_Cmd)
    USART_GetFlagStatus                      0x08002399   Thumb Code    66  stm32f4xx_usart.o(.text.USART_GetFlagStatus)
    USART_Init                               0x080023dd   Thumb Code   362  stm32f4xx_usart.o(.text.USART_Init)
    USART_ReceiveData                        0x08002549   Thumb Code    16  stm32f4xx_usart.o(.text.USART_ReceiveData)
    USART_SendData                           0x08002559   Thumb Code    24  stm32f4xx_usart.o(.text.USART_SendData)
    aem_handler                              0x080027f1   Thumb Code   322  main.o(.text.aem_handler)
    delay_ms                                 0x08002935   Thumb Code   118  delay.o(.text.delay_ms)
    delay_us                                 0x080029ad   Thumb Code   122  delay.o(.text.delay_us)
    gpio_get                                 0x08002a29   Thumb Code    42  gpio.o(.text.gpio_get)
    gpio_set                                 0x08002a55   Thumb Code    54  gpio.o(.text.gpio_set)
    gpio_set_callback                        0x08002a8d   Thumb Code   850  gpio.o(.text.gpio_set_callback)
    gpio_set_mode                            0x08002de1   Thumb Code   322  gpio.o(.text.gpio_set_mode)
    gpio_set_trigger                         0x08002f25   Thumb Code   172  gpio.o(.text.gpio_set_trigger)
    gpio_toggle                              0x08002fd1   Thumb Code    32  gpio.o(.text.gpio_toggle)
    led_blinking_isr                         0x08002ff1   Thumb Code    32  main.o(.text.led_blinking_isr)
    main                                     0x08003011   Thumb Code  1192  main.o(.text.main)
    observer                                 0x080034b9   Thumb Code    90  main.o(.text.observer)
    password_handler                         0x08003515   Thumb Code    94  main.o(.text.password_handler)
    queue_dequeue                            0x08003575   Thumb Code    68  queue.o(.text.queue_dequeue)
    queue_enqueue                            0x080035b9   Thumb Code    78  queue.o(.text.queue_enqueue)
    queue_init                               0x08003609   Thumb Code    48  queue.o(.text.queue_init)
    queue_is_empty                           0x08003639   Thumb Code    22  queue.o(.text.queue_is_empty)
    queue_is_full                            0x08003651   Thumb Code    34  queue.o(.text.queue_is_full)
    status_handler                           0x08003675   Thumb Code   190  main.o(.text.status_handler)
    timer_disable                            0x08003735   Thumb Code    18  timer.o(.text.timer_disable)
    timer_enable                             0x08003749   Thumb Code    14  timer.o(.text.timer_enable)
    timer_init                               0x08003759   Thumb Code    96  timer.o(.text.timer_init)
    timer_set_callback                       0x080037c1   Thumb Code    20  timer.o(.text.timer_set_callback)
    touch_sensor_isr                         0x080037d5   Thumb Code   100  main.o(.text.touch_sensor_isr)
    uart_enable                              0x08003839   Thumb Code    18  uart.o(.text.uart_enable)
    uart_init                                0x0800384d   Thumb Code   138  uart.o(.text.uart_init)
    uart_menu_handler                        0x080038d9   Thumb Code   324  main.o(.text.uart_menu_handler)
    uart_print                               0x08003a1d   Thumb Code    34  uart.o(.text.uart_print)
    uart_rx                                  0x08003a41   Thumb Code    50  uart.o(.text.uart_rx)
    uart_rx_isr                              0x08003a75   Thumb Code    50  main.o(.text.uart_rx_isr)
    uart_set_rx_callback                     0x08003aa9   Thumb Code    62  uart.o(.text.uart_set_rx_callback)
    uart_tx                                  0x08003ae9   Thumb Code    50  uart.o(.text.uart_tx)
    update_timer_frequency                   0x08003b1d   Thumb Code    68  main.o(.text.update_timer_frequency)
    _btod_d2e                                0x08003b61   Thumb Code    62  btod.o(CL$$btod_d2e)
    _d2e_denorm_low                          0x08003b9f   Thumb Code    70  btod.o(CL$$btod_d2e_denorm_low)
    _d2e_norm_op1                            0x08003be5   Thumb Code    96  btod.o(CL$$btod_d2e_norm_op1)
    __btod_div_common                        0x08003c45   Thumb Code   696  btod.o(CL$$btod_div_common)
    _e2e                                     0x08003f7d   Thumb Code   220  btod.o(CL$$btod_e2e)
    _btod_ediv                               0x08004059   Thumb Code    42  btod.o(CL$$btod_ediv)
    _btod_emul                               0x08004083   Thumb Code    42  btod.o(CL$$btod_emul)
    __btod_mult_common                       0x080040ad   Thumb Code   580  btod.o(CL$$btod_mult_common)
    __ARM_fpclassify                         0x080042f1   Thumb Code    48  fpclassify.o(i.__ARM_fpclassify)
    _is_digit                                0x08004321   Thumb Code    14  __printf_wp.o(i._is_digit)
    _get_lc_numeric                          0x08004331   Thumb Code    44  lc_numeric_c.o(locale$$code)
    _get_lc_ctype                            0x0800435d   Thumb Code    44  lc_ctype_c.o(locale$$code)
    __aeabi_ddiv                             0x08004389   Thumb Code     0  ddiv.o(x$fpl$ddiv)
    _ddiv                                    0x08004389   Thumb Code   560  ddiv.o(x$fpl$ddiv)
    __aeabi_d2uiz                            0x08004641   Thumb Code     0  dfixu.o(x$fpl$dfixu)
    _dfixu                                   0x08004641   Thumb Code    90  dfixu.o(x$fpl$dfixu)
    __aeabi_ui2d                             0x0800469b   Thumb Code     0  dflt_clz.o(x$fpl$dfltu)
    _dfltu                                   0x0800469b   Thumb Code    38  dflt_clz.o(x$fpl$dfltu)
    __fpl_dnaninf                            0x080046c1   Thumb Code   156  dnaninf.o(x$fpl$dnaninf)
    __fpl_dretinf                            0x0800475d   Thumb Code    12  dretinf.o(x$fpl$dretinf)
    __aeabi_f2d                              0x08004769   Thumb Code     0  f2d.o(x$fpl$f2d)
    _f2d                                     0x08004769   Thumb Code    86  f2d.o(x$fpl$f2d)
    __fpl_fnaninf                            0x080047bf   Thumb Code   140  fnaninf.o(x$fpl$fnaninf)
    _fp_init                                 0x0800484b   Thumb Code    26  fpinit.o(x$fpl$fpinit)
    __fplib_config_fpu_vfp                   0x08004863   Thumb Code     0  fpinit.o(x$fpl$fpinit)
    __fplib_config_pureend_doubles           0x08004863   Thumb Code     0  fpinit.o(x$fpl$fpinit)
    _printf_fp_dec                           0x08004865   Thumb Code     4  printf1.o(x$fpl$printf1)
    _printf_fp_hex                           0x08004869   Thumb Code     4  printf2.o(x$fpl$printf2)
    __I$use$fp                               0x0800486c   Number         0  usenofp.o(x$fpl$usenofp)
    Region$$Table$$Base                      0x08004d80   Number         0  anon$$obj.o(Region$$Table)
    Region$$Table$$Limit                     0x08004da0   Number         0  anon$$obj.o(Region$$Table)
    __ctype                                  0x08004dc9   Data           0  lc_ctype_c.o(locale$$data)
    MODE                                     0x20000000   Data           1  main.o(.data.MODE)
    SystemCoreClock                          0x20000004   Data           4  system_stm32f4xx.o(.data.SystemCoreClock)
    highlight_back                           0x20000008   Data           4  main.o(.data.highlight_back)
    highlight_front                          0x2000000c   Data           4  main.o(.data.highlight_front)
    menu                                     0x20000010   Data           4  main.o(.data.menu)
    mode                                     0x20000014   Data           1  main.o(.data.mode)
    password                                 0x20000018   Data           4  main.o(.data.password)
    print_mode                               0x2000001c   Data           1  main.o(.data.print_mode)
    reading_period                           0x2000001d   Data           1  main.o(.data.reading_period)
    test                                     0x20000020   Data          16  main.o(.data.test)
    __libspace_start                         0x20000030   Data          96  libspace.o(.bss)
    EXTI_port_set                            0x20000090   Data           4  gpio.o(.bss.EXTI_port_set)
    __temporary_stack_top$libspace           0x20000090   Data           0  libspace.o(.bss)
    IRQ_pin_index                            0x20000098   Data           4  gpio.o(.bss.IRQ_pin_index)
    IRQ_port_num                             0x2000009c   Data           4  gpio.o(.bss.IRQ_port_num)
    IRQ_status                               0x200000a0   Data           4  gpio.o(.bss.IRQ_status)
    aem_sum                                  0x200000a8   Data           4  main.o(.bss.aem_sum)
    buff                                     0x200000ac   Data         128  main.o(.bss.buff)
    buff_index                               0x2000012c   Data           4  main.o(.bss.buff_index)
    danger                                   0x20000130   Data           1  main.o(.bss.danger)
    dangerous_values                         0x20000134   Data           4  main.o(.bss.dangerous_values)
    display_cases                            0x20000138   Data           1  main.o(.bss.display_cases)
    display_message                          0x20000139   Data        1500  main.o(.bss.display_message)
    humidity                                 0x20000718   Data           4  main.o(.bss.humidity)
    priority                                 0x2000071c   Data           4  gpio.o(.bss.priority)
    prioritygroup                            0x20000720   Data           4  gpio.o(.bss.prioritygroup)
    rx_queue                                 0x20000724   Data          16  main.o(.bss.rx_queue)
    safe_values_count                        0x20000734   Data           1  main.o(.bss.safe_values_count)
    selection                                0x20000735   Data           1  main.o(.bss.selection)
    temperature                              0x20000738   Data           4  main.o(.bss.temperature)
    touch_sensor_clicks                      0x20000740   Data           4  main.o(.bss.touch_sensor_clicks)
    update_values                            0x20000744   Data           1  main.o(.bss.update_values)



==============================================================================

Memory Map of the image

  Image Entry point : 0x08000325

  Load Region LR_1 (Base: 0x08000000, Size: 0x00004efc, Max: 0xffffffff, ABSOLUTE)

    Execution Region ER_RO (Exec base: 0x08000000, Load base: 0x08000000, Size: 0x00004ecc, Max: 0xffffffff, ABSOLUTE)

    Exec Addr    Load Addr    Size         Type   Attr      Idx    E Section Name        Object

    0x08000000   0x08000000   0x00000198   Data   RO          734    RESET               startup_stm32f411xe.o
    0x08000198   0x08000198   0x00000008   Code   RO          825  * !!!main             c_w.l(__main.o)
    0x080001a0   0x080001a0   0x0000005c   Code   RO         1358    !!!scatter          c_w.l(__scatter.o)
    0x080001fc   0x080001fc   0x0000001a   Code   RO         1362    !!handler_copy      c_w.l(__scatter_copy.o)
    0x08000216   0x08000216   0x00000002   PAD
    0x08000218   0x08000218   0x00000002   Code   RO         1359    !!handler_null      c_w.l(__scatter.o)
    0x0800021a   0x0800021a   0x00000002   PAD
    0x0800021c   0x0800021c   0x0000001c   Code   RO         1364    !!handler_zi        c_w.l(__scatter_zi.o)
    0x08000238   0x08000238   0x00000000   Code   RO          996    .ARM.Collect$$_printf_percent$$00000000  c_w.l(_printf_percent.o)
    0x08000238   0x08000238   0x00000006   Code   RO          985    .ARM.Collect$$_printf_percent$$00000001  c_w.l(_printf_n.o)
    0x0800023e   0x0800023e   0x00000006   Code   RO          987    .ARM.Collect$$_printf_percent$$00000002  c_w.l(_printf_p.o)
    0x08000244   0x08000244   0x00000006   Code   RO          992    .ARM.Collect$$_printf_percent$$00000003  c_w.l(_printf_f.o)
    0x0800024a   0x0800024a   0x00000006   Code   RO          993    .ARM.Collect$$_printf_percent$$00000004  c_w.l(_printf_e.o)
    0x08000250   0x08000250   0x00000006   Code   RO          994    .ARM.Collect$$_printf_percent$$00000005  c_w.l(_printf_g.o)
    0x08000256   0x08000256   0x00000006   Code   RO          995    .ARM.Collect$$_printf_percent$$00000006  c_w.l(_printf_a.o)
    0x0800025c   0x0800025c   0x0000000a   Code   RO         1000    .ARM.Collect$$_printf_percent$$00000007  c_w.l(_printf_ll.o)
    0x08000266   0x08000266   0x00000006   Code   RO          989    .ARM.Collect$$_printf_percent$$00000008  c_w.l(_printf_i.o)
    0x0800026c   0x0800026c   0x00000006   Code   RO          990    .ARM.Collect$$_printf_percent$$00000009  c_w.l(_printf_d.o)
    0x08000272   0x08000272   0x00000006   Code   RO          991    .ARM.Collect$$_printf_percent$$0000000A  c_w.l(_printf_u.o)
    0x08000278   0x08000278   0x00000006   Code   RO          988    .ARM.Collect$$_printf_percent$$0000000B  c_w.l(_printf_o.o)
    0x0800027e   0x0800027e   0x00000006   Code   RO          986    .ARM.Collect$$_printf_percent$$0000000C  c_w.l(_printf_x.o)
    0x08000284   0x08000284   0x00000006   Code   RO          997    .ARM.Collect$$_printf_percent$$0000000D  c_w.l(_printf_lli.o)
    0x0800028a   0x0800028a   0x00000006   Code   RO          998    .ARM.Collect$$_printf_percent$$0000000E  c_w.l(_printf_lld.o)
    0x08000290   0x08000290   0x00000006   Code   RO          999    .ARM.Collect$$_printf_percent$$0000000F  c_w.l(_printf_llu.o)
    0x08000296   0x08000296   0x00000006   Code   RO         1004    .ARM.Collect$$_printf_percent$$00000010  c_w.l(_printf_llo.o)
    0x0800029c   0x0800029c   0x00000006   Code   RO         1005    .ARM.Collect$$_printf_percent$$00000011  c_w.l(_printf_llx.o)
    0x080002a2   0x080002a2   0x0000000a   Code   RO         1001    .ARM.Collect$$_printf_percent$$00000012  c_w.l(_printf_l.o)
    0x080002ac   0x080002ac   0x00000006   Code   RO          983    .ARM.Collect$$_printf_percent$$00000013  c_w.l(_printf_c.o)
    0x080002b2   0x080002b2   0x00000006   Code   RO          984    .ARM.Collect$$_printf_percent$$00000014  c_w.l(_printf_s.o)
    0x080002b8   0x080002b8   0x00000006   Code   RO         1002    .ARM.Collect$$_printf_percent$$00000015  c_w.l(_printf_lc.o)
    0x080002be   0x080002be   0x00000006   Code   RO         1003    .ARM.Collect$$_printf_percent$$00000016  c_w.l(_printf_ls.o)
    0x080002c4   0x080002c4   0x00000004   Code   RO         1202    .ARM.Collect$$_printf_percent$$00000017  c_w.l(_printf_percent_end.o)
    0x080002c8   0x080002c8   0x00000002   Code   RO         1288    .ARM.Collect$$libinit$$00000000  c_w.l(libinit.o)
    0x080002ca   0x080002ca   0x00000004   Code   RO         1014    .ARM.Collect$$libinit$$00000001  c_w.l(libinit2.o)
    0x080002ce   0x080002ce   0x00000000   Code   RO         1017    .ARM.Collect$$libinit$$00000004  c_w.l(libinit2.o)
    0x080002ce   0x080002ce   0x00000000   Code   RO         1019    .ARM.Collect$$libinit$$00000006  c_w.l(libinit2.o)
    0x080002ce   0x080002ce   0x00000008   Code   RO         1020    .ARM.Collect$$libinit$$00000007  c_w.l(libinit2.o)
    0x080002d6   0x080002d6   0x00000000   Code   RO         1022    .ARM.Collect$$libinit$$0000000C  c_w.l(libinit2.o)
    0x080002d6   0x080002d6   0x00000000   Code   RO         1024    .ARM.Collect$$libinit$$0000000E  c_w.l(libinit2.o)
    0x080002d6   0x080002d6   0x00000000   Code   RO         1026    .ARM.Collect$$libinit$$00000010  c_w.l(libinit2.o)
    0x080002d6   0x080002d6   0x00000006   Code   RO         1027    .ARM.Collect$$libinit$$00000011  c_w.l(libinit2.o)
    0x080002dc   0x080002dc   0x00000000   Code   RO         1029    .ARM.Collect$$libinit$$00000013  c_w.l(libinit2.o)
    0x080002dc   0x080002dc   0x0000000c   Code   RO         1030    .ARM.Collect$$libinit$$00000014  c_w.l(libinit2.o)
    0x080002e8   0x080002e8   0x00000000   Code   RO         1031    .ARM.Collect$$libinit$$00000015  c_w.l(libinit2.o)
    0x080002e8   0x080002e8   0x00000000   Code   RO         1033    .ARM.Collect$$libinit$$00000017  c_w.l(libinit2.o)
    0x080002e8   0x080002e8   0x0000000a   Code   RO         1034    .ARM.Collect$$libinit$$00000018  c_w.l(libinit2.o)
    0x080002f2   0x080002f2   0x00000000   Code   RO         1035    .ARM.Collect$$libinit$$00000019  c_w.l(libinit2.o)
    0x080002f2   0x080002f2   0x00000000   Code   RO         1037    .ARM.Collect$$libinit$$0000001B  c_w.l(libinit2.o)
    0x080002f2   0x080002f2   0x00000000   Code   RO         1039    .ARM.Collect$$libinit$$0000001D  c_w.l(libinit2.o)
    0x080002f2   0x080002f2   0x00000000   Code   RO         1041    .ARM.Collect$$libinit$$0000001F  c_w.l(libinit2.o)
    0x080002f2   0x080002f2   0x00000000   Code   RO         1043    .ARM.Collect$$libinit$$00000021  c_w.l(libinit2.o)
    0x080002f2   0x080002f2   0x00000000   Code   RO         1045    .ARM.Collect$$libinit$$00000023  c_w.l(libinit2.o)
    0x080002f2   0x080002f2   0x00000000   Code   RO         1047    .ARM.Collect$$libinit$$00000025  c_w.l(libinit2.o)
    0x080002f2   0x080002f2   0x00000000   Code   RO         1049    .ARM.Collect$$libinit$$00000027  c_w.l(libinit2.o)
    0x080002f2   0x080002f2   0x00000000   Code   RO         1053    .ARM.Collect$$libinit$$0000002E  c_w.l(libinit2.o)
    0x080002f2   0x080002f2   0x00000000   Code   RO         1055    .ARM.Collect$$libinit$$00000030  c_w.l(libinit2.o)
    0x080002f2   0x080002f2   0x00000000   Code   RO         1057    .ARM.Collect$$libinit$$00000032  c_w.l(libinit2.o)
    0x080002f2   0x080002f2   0x00000000   Code   RO         1059    .ARM.Collect$$libinit$$00000034  c_w.l(libinit2.o)
    0x080002f2   0x080002f2   0x00000002   Code   RO         1060    .ARM.Collect$$libinit$$00000035  c_w.l(libinit2.o)
    0x080002f4   0x080002f4   0x00000002   Code   RO         1355    .ARM.Collect$$libshutdown$$00000000  c_w.l(libshutdown.o)
    0x080002f6   0x080002f6   0x00000000   Code   RO         1309    .ARM.Collect$$libshutdown$$00000002  c_w.l(libshutdown2.o)
    0x080002f6   0x080002f6   0x00000000   Code   RO         1311    .ARM.Collect$$libshutdown$$00000004  c_w.l(libshutdown2.o)
    0x080002f6   0x080002f6   0x00000000   Code   RO         1314    .ARM.Collect$$libshutdown$$00000007  c_w.l(libshutdown2.o)
    0x080002f6   0x080002f6   0x00000000   Code   RO         1317    .ARM.Collect$$libshutdown$$0000000A  c_w.l(libshutdown2.o)
    0x080002f6   0x080002f6   0x00000000   Code   RO         1319    .ARM.Collect$$libshutdown$$0000000C  c_w.l(libshutdown2.o)
    0x080002f6   0x080002f6   0x00000000   Code   RO         1322    .ARM.Collect$$libshutdown$$0000000F  c_w.l(libshutdown2.o)
    0x080002f6   0x080002f6   0x00000002   Code   RO         1323    .ARM.Collect$$libshutdown$$00000010  c_w.l(libshutdown2.o)
    0x080002f8   0x080002f8   0x00000000   Code   RO          885    .ARM.Collect$$rtentry$$00000000  c_w.l(__rtentry.o)
    0x080002f8   0x080002f8   0x00000000   Code   RO         1163    .ARM.Collect$$rtentry$$00000002  c_w.l(__rtentry2.o)
    0x080002f8   0x080002f8   0x00000006   Code   RO         1175    .ARM.Collect$$rtentry$$00000004  c_w.l(__rtentry4.o)
    0x080002fe   0x080002fe   0x00000000   Code   RO         1165    .ARM.Collect$$rtentry$$00000009  c_w.l(__rtentry2.o)
    0x080002fe   0x080002fe   0x00000004   Code   RO         1166    .ARM.Collect$$rtentry$$0000000A  c_w.l(__rtentry2.o)
    0x08000302   0x08000302   0x00000000   Code   RO         1168    .ARM.Collect$$rtentry$$0000000C  c_w.l(__rtentry2.o)
    0x08000302   0x08000302   0x00000008   Code   RO         1169    .ARM.Collect$$rtentry$$0000000D  c_w.l(__rtentry2.o)
    0x0800030a   0x0800030a   0x00000002   Code   RO         1293    .ARM.Collect$$rtexit$$00000000  c_w.l(rtexit.o)
    0x0800030c   0x0800030c   0x00000000   Code   RO         1329    .ARM.Collect$$rtexit$$00000002  c_w.l(rtexit2.o)
    0x0800030c   0x0800030c   0x00000004   Code   RO         1330    .ARM.Collect$$rtexit$$00000003  c_w.l(rtexit2.o)
    0x08000310   0x08000310   0x00000006   Code   RO         1331    .ARM.Collect$$rtexit$$00000004  c_w.l(rtexit2.o)
    0x08000316   0x08000316   0x00000002   PAD
    0x08000318   0x08000318   0x0000000c   Code   RO          659    .text               delay_as.o
    0x08000324   0x08000324   0x00000040   Code   RO          735  * .text               startup_stm32f411xe.o
    0x08000364   0x08000364   0x0000005e   Code   RO          759    .text               c_w.l(h1_alloc.o)
    0x080003c2   0x080003c2   0x00000002   PAD
    0x080003c4   0x080003c4   0x0000002c   Code   RO          813    .text               c_w.l(sprintf.o)
    0x080003f0   0x080003f0   0x00000018   Code   RO          815    .text               c_w.l(strcat.o)
    0x08000408   0x08000408   0x0000007c   Code   RO          821    .text               c_w.l(strcmpv7em.o)
    0x08000484   0x08000484   0x00000006   Code   RO          823    .text               c_w.l(heapauxi.o)
    0x0800048a   0x0800048a   0x00000002   PAD
    0x0800048c   0x0800048c   0x00000008   Code   RO          889    .text               c_w.l(rt_heap_descriptor_intlibspace.o)
    0x08000494   0x08000494   0x00000004   Code   RO          891    .text               c_w.l(hguard.o)
    0x08000498   0x08000498   0x0000008a   Code   RO          893    .text               c_w.l(init_alloc.o)
    0x08000522   0x08000522   0x0000000c   Code   RO          899    .text               c_w.l(h1_init.o)
    0x0800052e   0x0800052e   0x0000004e   Code   RO          901    .text               c_w.l(h1_free.o)
    0x0800057c   0x0800057c   0x0000004e   Code   RO          917    .text               c_w.l(_printf_pad.o)
    0x080005ca   0x080005ca   0x00000024   Code   RO          919    .text               c_w.l(_printf_truncate.o)
    0x080005ee   0x080005ee   0x00000052   Code   RO          921    .text               c_w.l(_printf_str.o)
    0x08000640   0x08000640   0x00000078   Code   RO          923    .text               c_w.l(_printf_dec.o)
    0x080006b8   0x080006b8   0x00000028   Code   RO          925    .text               c_w.l(_printf_charcount.o)
    0x080006e0   0x080006e0   0x00000030   Code   RO          927    .text               c_w.l(_printf_char_common.o)
    0x08000710   0x08000710   0x0000000a   Code   RO          929    .text               c_w.l(_sputc.o)
    0x0800071a   0x0800071a   0x00000002   PAD
    0x0800071c   0x0800071c   0x000000bc   Code   RO          931    .text               c_w.l(_printf_wctomb.o)
    0x080007d8   0x080007d8   0x0000007c   Code   RO          934    .text               c_w.l(_printf_longlong_dec.o)
    0x08000854   0x08000854   0x00000070   Code   RO          940    .text               c_w.l(_printf_oct_int_ll.o)
    0x080008c4   0x080008c4   0x00000094   Code   RO          960    .text               c_w.l(_printf_hex_int_ll_ptr.o)
    0x08000958   0x08000958   0x00000188   Code   RO          980    .text               c_w.l(__printf_flags_ss_wp.o)
    0x08000ae0   0x08000ae0   0x0000000c   Code   RO         1153    .text               c_w.l(sys_exit.o)
    0x08000aec   0x08000aec   0x00000008   Code   RO         1159    .text               c_w.l(libspace.o)
    0x08000af4   0x08000af4   0x00000000   Code   RO         1179    .text               c_w.l(maybetermalloc1.o)
    0x08000af4   0x08000af4   0x00000034   Code   RO         1181    .text               c_w.l(h1_extend.o)
    0x08000b28   0x08000b28   0x0000008a   Code   RO         1185    .text               c_w.l(lludiv10.o)
    0x08000bb2   0x08000bb2   0x000000b2   Code   RO         1187    .text               c_w.l(_printf_intcommon.o)
    0x08000c64   0x08000c64   0x0000041c   Code   RO         1189    .text               c_w.l(_printf_fp_dec.o)
    0x08001080   0x08001080   0x000002fc   Code   RO         1193    .text               c_w.l(_printf_fp_hex.o)
    0x0800137c   0x0800137c   0x0000002c   Code   RO         1198    .text               c_w.l(_printf_char.o)
    0x080013a8   0x080013a8   0x0000002c   Code   RO         1200    .text               c_w.l(_printf_wchar.o)
    0x080013d4   0x080013d4   0x00000048   Code   RO         1203    .text               c_w.l(_c16rtomb.o)
    0x0800141c   0x0800141c   0x0000000e   Code   RO         1209    .text               c_w.l(defsig_rtmem_outer.o)
    0x0800142a   0x0800142a   0x00000002   Code   RO         1223    .text               c_w.l(use_no_semi.o)
    0x0800142c   0x0800142c   0x00000000   Code   RO         1225    .text               c_w.l(indicate_semi.o)
    0x0800142c   0x0800142c   0x0000004a   Code   RO         1226    .text               c_w.l(sys_stackheap_outer.o)
    0x08001476   0x08001476   0x00000002   PAD
    0x08001478   0x08001478   0x00000010   Code   RO         1228    .text               c_w.l(rt_ctype_table.o)
    0x08001488   0x08001488   0x00000008   Code   RO         1235    .text               c_w.l(rt_locale_intlibspace.o)
    0x08001490   0x08001490   0x00000080   Code   RO         1239    .text               c_w.l(_printf_fp_infnan.o)
    0x08001510   0x08001510   0x000000e4   Code   RO         1241    .text               c_w.l(bigflt0.o)
    0x080015f4   0x080015f4   0x00000012   Code   RO         1271    .text               c_w.l(exit.o)
    0x08001606   0x08001606   0x0000000a   Code   RO         1273    .text               c_w.l(defsig_exit.o)
    0x08001610   0x08001610   0x00000050   Code   RO         1277    .text               c_w.l(defsig_rtmem_inner.o)
    0x08001660   0x08001660   0x00000032   Code   RO         1306    .text               c_w.l(defsig_general.o)
    0x08001692   0x08001692   0x0000000e   Code   RO         1324    .text               c_w.l(sys_wrch.o)
    0x080016a0   0x080016a0   0x0000011e   Code   RO            4    .text.DHT11_data_handler  main.o
    0x080017be   0x080017be   0x00000002   PAD
    0x080017c0   0x080017c0   0x00000300   Code   RO           10    .text.DHT11_read_data  main.o
    0x08001ac0   0x08001ac0   0x00000084   Code   RO          167    .text.EXTI0_IRQHandler  gpio.o
    0x08001b44   0x08001b44   0x0000006c   Code   RO          181    .text.EXTI15_10_IRQHandler  gpio.o
    0x08001bb0   0x08001bb0   0x00000084   Code   RO          171    .text.EXTI1_IRQHandler  gpio.o
    0x08001c34   0x08001c34   0x00000084   Code   RO          173    .text.EXTI2_IRQHandler  gpio.o
    0x08001cb8   0x08001cb8   0x00000084   Code   RO          175    .text.EXTI3_IRQHandler  gpio.o
    0x08001d3c   0x08001d3c   0x00000084   Code   RO          177    .text.EXTI4_IRQHandler  gpio.o
    0x08001dc0   0x08001dc0   0x00000084   Code   RO          179    .text.EXTI9_5_IRQHandler  gpio.o
    0x08001e44   0x08001e44   0x000000f6   Code   RO          423    .text.GPIO_Init     stm32f4xx_gpio.o
    0x08001f3a   0x08001f3a   0x00000002   PAD
    0x08001f3c   0x08001f3c   0x00000072   Code   RO          447    .text.GPIO_PinAFConfig  stm32f4xx_gpio.o
    0x08001fae   0x08001fae   0x00000002   PAD
    0x08001fb0   0x08001fb0   0x0000006c   Code   RO          161    .text.NVIC_EncodePriority  gpio.o
    0x0800201c   0x0800201c   0x0000006c   Code   RO          600    .text.NVIC_EncodePriority  timer.o
    0x08002088   0x08002088   0x00000038   Code   RO          275    .text.RCC_AHB1PeriphClockCmd  stm32f4xx_rcc.o
    0x080020c0   0x080020c0   0x00000038   Code   RO          281    .text.RCC_APB1PeriphClockCmd  stm32f4xx_rcc.o
    0x080020f8   0x080020f8   0x00000162   Code   RO          265    .text.RCC_GetClocksFreq  stm32f4xx_rcc.o
    0x0800225a   0x0800225a   0x00000002   PAD
    0x0800225c   0x0800225c   0x00000052   Code   RO          596    .text.SysTick_Config  timer.o
    0x080022ae   0x080022ae   0x00000002   PAD
    0x080022b0   0x080022b0   0x00000010   Code   RO          610    .text.SysTick_Handler  timer.o
    0x080022c0   0x080022c0   0x00000012   Code   RO          742    .text.SystemInit    system_stm32f4xx.o
    0x080022d2   0x080022d2   0x00000002   PAD
    0x080022d4   0x080022d4   0x0000002c   Code   RO           24    .text.TIM2_IRQHandler  main.o
    0x08002300   0x08002300   0x00000030   Code   RO           26    .text.TIM3_IRQHandler  main.o
    0x08002330   0x08002330   0x00000036   Code   RO          639    .text.USART2_IRQHandler  uart.o
    0x08002366   0x08002366   0x00000002   PAD
    0x08002368   0x08002368   0x0000002e   Code   RO          539    .text.USART_Cmd     stm32f4xx_usart.o
    0x08002396   0x08002396   0x00000002   PAD
    0x08002398   0x08002398   0x00000042   Code   RO          579    .text.USART_GetFlagStatus  stm32f4xx_usart.o
    0x080023da   0x080023da   0x00000002   PAD
    0x080023dc   0x080023dc   0x0000016a   Code   RO          531    .text.USART_Init    stm32f4xx_usart.o
    0x08002546   0x08002546   0x00000002   PAD
    0x08002548   0x08002548   0x00000010   Code   RO          549    .text.USART_ReceiveData  stm32f4xx_usart.o
    0x08002558   0x08002558   0x00000018   Code   RO          547    .text.USART_SendData  stm32f4xx_usart.o
    0x08002570   0x08002570   0x00000030   Code   RO          169    .text.__NVIC_ClearPendingIRQ  gpio.o
    0x080025a0   0x080025a0   0x00000030   Code   RO          633    .text.__NVIC_ClearPendingIRQ  uart.o
    0x080025d0   0x080025d0   0x00000038   Code   RO           36    .text.__NVIC_DisableIRQ  main.o
    0x08002608   0x08002608   0x00000030   Code   RO           16    .text.__NVIC_EnableIRQ  main.o
    0x08002638   0x08002638   0x00000030   Code   RO          165    .text.__NVIC_EnableIRQ  gpio.o
    0x08002668   0x08002668   0x00000030   Code   RO          635    .text.__NVIC_EnableIRQ  uart.o
    0x08002698   0x08002698   0x00000010   Code   RO          159    .text.__NVIC_GetPriorityGrouping  gpio.o
    0x080026a8   0x080026a8   0x00000010   Code   RO          602    .text.__NVIC_GetPriorityGrouping  timer.o
    0x080026b8   0x080026b8   0x00000042   Code   RO           34    .text.__NVIC_SetPriority  main.o
    0x080026fa   0x080026fa   0x00000002   PAD
    0x080026fc   0x080026fc   0x00000042   Code   RO          163    .text.__NVIC_SetPriority  gpio.o
    0x0800273e   0x0800273e   0x00000002   PAD
    0x08002740   0x08002740   0x00000042   Code   RO          598    .text.__NVIC_SetPriority  timer.o
    0x08002782   0x08002782   0x00000002   PAD
    0x08002784   0x08002784   0x00000042   Code   RO          631    .text.__NVIC_SetPriority  uart.o
    0x080027c6   0x080027c6   0x00000002   PAD
    0x080027c8   0x080027c8   0x00000026   Code   RO           12    .text.__NVIC_SystemReset  main.o
    0x080027ee   0x080027ee   0x00000002   PAD
    0x080027f0   0x080027f0   0x00000142   Code   RO           20    .text.aem_handler   main.o
    0x08002932   0x08002932   0x00000002   PAD
    0x08002934   0x08002934   0x00000076   Code   RO          649    .text.delay_ms      delay.o
    0x080029aa   0x080029aa   0x00000002   PAD
    0x080029ac   0x080029ac   0x0000007a   Code   RO          651    .text.delay_us      delay.o
    0x08002a26   0x08002a26   0x00000002   PAD
    0x08002a28   0x08002a28   0x0000002a   Code   RO          147    .text.gpio_get      gpio.o
    0x08002a52   0x08002a52   0x00000002   PAD
    0x08002a54   0x08002a54   0x00000036   Code   RO          145    .text.gpio_set      gpio.o
    0x08002a8a   0x08002a8a   0x00000002   PAD
    0x08002a8c   0x08002a8c   0x00000352   Code   RO          157    .text.gpio_set_callback  gpio.o
    0x08002dde   0x08002dde   0x00000002   PAD
    0x08002de0   0x08002de0   0x00000142   Code   RO          153    .text.gpio_set_mode  gpio.o
    0x08002f22   0x08002f22   0x00000002   PAD
    0x08002f24   0x08002f24   0x000000ac   Code   RO          155    .text.gpio_set_trigger  gpio.o
    0x08002fd0   0x08002fd0   0x00000020   Code   RO          143    .text.gpio_toggle   gpio.o
    0x08002ff0   0x08002ff0   0x00000020   Code   RO           28    .text.led_blinking_isr  main.o
    0x08003010   0x08003010   0x000004a8   Code   RO           32    .text.main          main.o
    0x080034b8   0x080034b8   0x0000005a   Code   RO            8    .text.observer      main.o
    0x08003512   0x08003512   0x00000002   PAD
    0x08003514   0x08003514   0x0000005e   Code   RO           18    .text.password_handler  main.o
    0x08003572   0x08003572   0x00000002   PAD
    0x08003574   0x08003574   0x00000044   Code   RO          327    .text.queue_dequeue  queue.o
    0x080035b8   0x080035b8   0x0000004e   Code   RO          323    .text.queue_enqueue  queue.o
    0x08003606   0x08003606   0x00000002   PAD
    0x08003608   0x08003608   0x00000030   Code   RO          321    .text.queue_init    queue.o
    0x08003638   0x08003638   0x00000016   Code   RO          329    .text.queue_is_empty  queue.o
    0x0800364e   0x0800364e   0x00000002   PAD
    0x08003650   0x08003650   0x00000022   Code   RO          325    .text.queue_is_full  queue.o
    0x08003672   0x08003672   0x00000002   PAD
    0x08003674   0x08003674   0x000000be   Code   RO           14    .text.status_handler  main.o
    0x08003732   0x08003732   0x00000002   PAD
    0x08003734   0x08003734   0x00000012   Code   RO          606    .text.timer_disable  timer.o
    0x08003746   0x08003746   0x00000002   PAD
    0x08003748   0x08003748   0x0000000e   Code   RO          604    .text.timer_enable  timer.o
    0x08003756   0x08003756   0x00000002   PAD
    0x08003758   0x08003758   0x00000068   Code   RO          594    .text.timer_init    timer.o
    0x080037c0   0x080037c0   0x00000014   Code   RO          608    .text.timer_set_callback  timer.o
    0x080037d4   0x080037d4   0x00000064   Code   RO           30    .text.touch_sensor_isr  main.o
    0x08003838   0x08003838   0x00000012   Code   RO          623    .text.uart_enable   uart.o
    0x0800384a   0x0800384a   0x00000002   PAD
    0x0800384c   0x0800384c   0x0000008a   Code   RO          621    .text.uart_init     uart.o
    0x080038d6   0x080038d6   0x00000002   PAD
    0x080038d8   0x080038d8   0x00000144   Code   RO            2    .text.uart_menu_handler  main.o
    0x08003a1c   0x08003a1c   0x00000022   Code   RO          625    .text.uart_print    uart.o
    0x08003a3e   0x08003a3e   0x00000002   PAD
    0x08003a40   0x08003a40   0x00000032   Code   RO          637    .text.uart_rx       uart.o
    0x08003a72   0x08003a72   0x00000002   PAD
    0x08003a74   0x08003a74   0x00000032   Code   RO           22    .text.uart_rx_isr   main.o
    0x08003aa6   0x08003aa6   0x00000002   PAD
    0x08003aa8   0x08003aa8   0x0000003e   Code   RO          629    .text.uart_set_rx_callback  uart.o
    0x08003ae6   0x08003ae6   0x00000002   PAD
    0x08003ae8   0x08003ae8   0x00000032   Code   RO          627    .text.uart_tx       uart.o
    0x08003b1a   0x08003b1a   0x00000002   PAD
    0x08003b1c   0x08003b1c   0x00000044   Code   RO            6    .text.update_timer_frequency  main.o
    0x08003b60   0x08003b60   0x0000003e   Code   RO         1244    CL$$btod_d2e        c_w.l(btod.o)
    0x08003b9e   0x08003b9e   0x00000046   Code   RO         1246    CL$$btod_d2e_denorm_low  c_w.l(btod.o)
    0x08003be4   0x08003be4   0x00000060   Code   RO         1245    CL$$btod_d2e_norm_op1  c_w.l(btod.o)
    0x08003c44   0x08003c44   0x00000338   Code   RO         1254    CL$$btod_div_common  c_w.l(btod.o)
    0x08003f7c   0x08003f7c   0x000000dc   Code   RO         1251    CL$$btod_e2e        c_w.l(btod.o)
    0x08004058   0x08004058   0x0000002a   Code   RO         1248    CL$$btod_ediv       c_w.l(btod.o)
    0x08004082   0x08004082   0x0000002a   Code   RO         1247    CL$$btod_emul       c_w.l(btod.o)
    0x080040ac   0x080040ac   0x00000244   Code   RO         1253    CL$$btod_mult_common  c_w.l(btod.o)
    0x080042f0   0x080042f0   0x00000030   Code   RO         1291    i.__ARM_fpclassify  m_wm.l(fpclassify.o)
    0x08004320   0x08004320   0x0000000e   Code   RO          973    i._is_digit         c_w.l(__printf_wp.o)
    0x0800432e   0x0800432e   0x00000002   PAD
    0x08004330   0x08004330   0x0000002c   Code   RO         1269    locale$$code        c_w.l(lc_numeric_c.o)
    0x0800435c   0x0800435c   0x0000002c   Code   RO         1302    locale$$code        c_w.l(lc_ctype_c.o)
    0x08004388   0x08004388   0x000002b8   Code   RO          828    x$fpl$ddiv          fz_wm.l(ddiv.o)
    0x08004640   0x08004640   0x0000005a   Code   RO          831    x$fpl$dfixu         fz_wm.l(dfixu.o)
    0x0800469a   0x0800469a   0x00000026   Code   RO          835    x$fpl$dfltu         fz_wm.l(dflt_clz.o)
    0x080046c0   0x080046c0   0x0000009c   Code   RO         1061    x$fpl$dnaninf       fz_wm.l(dnaninf.o)
    0x0800475c   0x0800475c   0x0000000c   Code   RO         1063    x$fpl$dretinf       fz_wm.l(dretinf.o)
    0x08004768   0x08004768   0x00000056   Code   RO          841    x$fpl$f2d           fz_wm.l(f2d.o)
    0x080047be   0x080047be   0x0000008c   Code   RO         1065    x$fpl$fnaninf       fz_wm.l(fnaninf.o)
    0x0800484a   0x0800484a   0x0000001a   Code   RO         1220    x$fpl$fpinit        fz_wm.l(fpinit.o)
    0x08004864   0x08004864   0x00000004   Code   RO         1067    x$fpl$printf1       fz_wm.l(printf1.o)
    0x08004868   0x08004868   0x00000004   Code   RO         1069    x$fpl$printf2       fz_wm.l(printf2.o)
    0x0800486c   0x0800486c   0x00000000   Code   RO         1075    x$fpl$usenofp       fz_wm.l(usenofp.o)
    0x0800486c   0x0800486c   0x00000008   Data   RO          932    .constdata          c_w.l(_printf_wctomb.o)
    0x08004874   0x08004874   0x00000028   Data   RO          961    .constdata          c_w.l(_printf_hex_int_ll_ptr.o)
    0x0800489c   0x0800489c   0x00000011   Data   RO          981    .constdata          c_w.l(__printf_flags_ss_wp.o)
    0x080048ad   0x080048ad   0x00000026   Data   RO         1194    .constdata          c_w.l(_printf_fp_hex.o)
    0x080048d3   0x080048d3   0x00000001   PAD
    0x080048d4   0x080048d4   0x00000094   Data   RO         1242    .constdata          c_w.l(bigflt0.o)
    0x08004968   0x08004968   0x00000010   Data   RO          313    .rodata.APBAHBPrescTable  stm32f4xx_rcc.o
    0x08004978   0x08004978   0x00000408   Data   RO           38    .rodata.str1.1      main.o
    0x08004d80   0x08004d80   0x00000020   Data   RO         1357    Region$$Table       anon$$obj.o
    0x08004da0   0x08004da0   0x0000001c   Data   RO         1268    locale$$data        c_w.l(lc_numeric_c.o)
    0x08004dbc   0x08004dbc   0x00000110   Data   RO         1301    locale$$data        c_w.l(lc_ctype_c.o)


    Execution Region ER_RW (Exec base: 0x20000000, Load base: 0x08004ecc, Size: 0x00000030, Max: 0xffffffff, ABSOLUTE)

    Exec Addr    Load Addr    Size         Type   Attr      Idx    E Section Name        Object

    0x20000000   0x08004ecc   0x00000001   Data   RW           52    .data.MODE          main.o
    0x20000001   0x08004ecd   0x00000003   PAD
    0x20000004   0x08004ed0   0x00000004   Data   RW          746    .data.SystemCoreClock  system_stm32f4xx.o
    0x20000008   0x08004ed4   0x00000004   Data   RW           43    .data.highlight_back  main.o
    0x2000000c   0x08004ed8   0x00000004   Data   RW           42    .data.highlight_front  main.o
    0x20000010   0x08004edc   0x00000004   Data   RW           41    .data.menu          main.o
    0x20000014   0x08004ee0   0x00000001   Data   RW           54    .data.mode          main.o
    0x20000015   0x08004ee1   0x00000003   PAD
    0x20000018   0x08004ee4   0x00000004   Data   RW           40    .data.password      main.o
    0x2000001c   0x08004ee8   0x00000001   Data   RW           45    .data.print_mode    main.o
    0x2000001d   0x08004ee9   0x00000001   Data   RW           50    .data.reading_period  main.o
    0x2000001e   0x08004eea   0x00000002   PAD
    0x20000020   0x08004eec   0x00000010   Data   RW           39    .data.test          main.o


    Execution Region ER_ZI (Exec base: 0x20000030, Load base: 0x08004efc, Size: 0x00000d18, Max: 0xffffffff, ABSOLUTE)

    Exec Addr    Load Addr    Size         Type   Attr      Idx    E Section Name        Object

    0x20000030        -       0x00000060   Zero   RW         1160    .bss                c_w.l(libspace.o)
    0x20000090        -       0x00000004   Zero   RW          190    .bss.EXTI_port_set  gpio.o
    0x20000094        -       0x00000004   Zero   RW          191    .bss.GPIO_callback  gpio.o
    0x20000098        -       0x00000004   Zero   RW          189    .bss.IRQ_pin_index  gpio.o
    0x2000009c        -       0x00000004   Zero   RW          188    .bss.IRQ_port_num   gpio.o
    0x200000a0        -       0x00000004   Zero   RW          187    .bss.IRQ_status     gpio.o
    0x200000a4        -       0x00000004   Zero   RW          641    .bss.UART_callback  uart.o
    0x200000a8        -       0x00000004   Zero   RW           61    .bss.aem_sum        main.o
    0x200000ac        -       0x00000080   Zero   RW           60    .bss.buff           main.o
    0x2000012c        -       0x00000004   Zero   RW           57    .bss.buff_index     main.o
    0x20000130        -       0x00000001   Zero   RW           44    .bss.danger         main.o
    0x20000131   0x08004efc   0x00000003   PAD
    0x20000134        -       0x00000004   Zero   RW           48    .bss.dangerous_values  main.o
    0x20000138        -       0x00000001   Zero   RW           53    .bss.display_cases  main.o
    0x20000139        -       0x000005dc   Zero   RW           56    .bss.display_message  main.o
    0x20000715   0x08004efc   0x00000003   PAD
    0x20000718        -       0x00000004   Zero   RW           58    .bss.humidity       main.o
    0x2000071c        -       0x00000004   Zero   RW          193    .bss.priority       gpio.o
    0x20000720        -       0x00000004   Zero   RW          192    .bss.prioritygroup  gpio.o
    0x20000724        -       0x00000010   Zero   RW           62    .bss.rx_queue       main.o
    0x20000734        -       0x00000001   Zero   RW           55    .bss.safe_values_count  main.o
    0x20000735        -       0x00000001   Zero   RW           51    .bss.selection      main.o
    0x20000736   0x08004efc   0x00000002   PAD
    0x20000738        -       0x00000004   Zero   RW           59    .bss.temperature    main.o
    0x2000073c        -       0x00000004   Zero   RW          612    .bss.timer_callback  timer.o
    0x20000740        -       0x00000004   Zero   RW           49    .bss.touch_sensor_clicks  main.o
    0x20000744        -       0x00000001   Zero   RW           47    .bss.update_values  main.o
    0x20000745   0x08004efc   0x00000003   PAD
    0x20000748        -       0x00000200   Zero   RW          733    HEAP                startup_stm32f411xe.o
    0x20000948        -       0x00000400   Zero   RW          732    STACK               startup_stm32f411xe.o


==============================================================================

Image component sizes


      Code (inc. data)   RO Data    RW Data    ZI Data      Debug   Object Name

       240          0          0          0          0        793   delay.o
        12          0          0          0          0        358   delay_as.o
      2658         38          0          0         28      10577   gpio.o
      3816         12       1032         36       1673      11566   main.o
       250          0          0          0          0       1413   queue.o
        64         26        408          0       1536        892   startup_stm32f411xe.o
       360          0          0          0          0       4443   stm32f4xx_gpio.o
       466          0         16          0          0       9307   stm32f4xx_rcc.o
       514          0          0          0          0       7045   stm32f4xx_usart.o
        18          0          0          4          0       2819   system_stm32f4xx.o
       444          8          0          0          4       4894   timer.o
       568          0          0          0          4       6206   uart.o

    ----------------------------------------------------------------------
      9484         84       1488         48       3256      60313   Object Totals
         0          0         32          0          0          0   (incl. Generated)
        74          0          0          8         11          0   (incl. Padding)

    ----------------------------------------------------------------------

      Code (inc. data)   RO Data    RW Data    ZI Data      Debug   Library Member Name

         8          0          0          0          0         68   __main.o
       392          4         17          0          0         92   __printf_flags_ss_wp.o
        14          0          0          0          0         68   __printf_wp.o
         0          0          0          0          0          0   __rtentry.o
        12          0          0          0          0          0   __rtentry2.o
         6          0          0          0          0          0   __rtentry4.o
        94          8          0          0          0          0   __scatter.o
        26          0          0          0          0          0   __scatter_copy.o
        28          0          0          0          0          0   __scatter_zi.o
        72          0          0          0          0         96   _c16rtomb.o
         6          0          0          0          0          0   _printf_a.o
         6          0          0          0          0          0   _printf_c.o
        44          0          0          0          0        108   _printf_char.o
        48          6          0          0          0         96   _printf_char_common.o
        40          0          0          0          0         68   _printf_charcount.o
         6          0          0          0          0          0   _printf_d.o
       120         16          0          0          0         92   _printf_dec.o
         6          0          0          0          0          0   _printf_e.o
         6          0          0          0          0          0   _printf_f.o
      1052          0          0          0          0        148   _printf_fp_dec.o
       764          8         38          0          0        100   _printf_fp_hex.o
       128         16          0          0          0         84   _printf_fp_infnan.o
         6          0          0          0          0          0   _printf_g.o
       148          4         40          0          0        160   _printf_hex_int_ll_ptr.o
         6          0          0          0          0          0   _printf_i.o
       178          0          0          0          0         88   _printf_intcommon.o
        10          0          0          0          0          0   _printf_l.o
         6          0          0          0          0          0   _printf_lc.o
        10          0          0          0          0          0   _printf_ll.o
         6          0          0          0          0          0   _printf_lld.o
         6          0          0          0          0          0   _printf_lli.o
         6          0          0          0          0          0   _printf_llo.o
         6          0          0          0          0          0   _printf_llu.o
         6          0          0          0          0          0   _printf_llx.o
       124         16          0          0          0         92   _printf_longlong_dec.o
         6          0          0          0          0          0   _printf_ls.o
         6          0          0          0          0          0   _printf_n.o
         6          0          0          0          0          0   _printf_o.o
       112          8          0          0          0        124   _printf_oct_int_ll.o
         6          0          0          0          0          0   _printf_p.o
        78          0          0          0          0        108   _printf_pad.o
         0          0          0          0          0          0   _printf_percent.o
         4          0          0          0          0          0   _printf_percent_end.o
         6          0          0          0          0          0   _printf_s.o
        82          0          0          0          0         80   _printf_str.o
        36          0          0          0          0         84   _printf_truncate.o
         6          0          0          0          0          0   _printf_u.o
        44          0          0          0          0        108   _printf_wchar.o
       188          6          8          0          0         92   _printf_wctomb.o
         6          0          0          0          0          0   _printf_x.o
        10          0          0          0          0         68   _sputc.o
       228          4        148          0          0         96   bigflt0.o
      1936        128          0          0          0        668   btod.o
        10          0          0          0          0         68   defsig_exit.o
        50          0          0          0          0         88   defsig_general.o
        80         58          0          0          0         76   defsig_rtmem_inner.o
        14          0          0          0          0         80   defsig_rtmem_outer.o
        18          0          0          0          0         80   exit.o
        94          0          0          0          0         80   h1_alloc.o
        52          0          0          0          0         68   h1_extend.o
        78          0          0          0          0         80   h1_free.o
        12          0          0          0          0         84   h1_init.o
         6          0          0          0          0        152   heapauxi.o
         4          0          0          0          0        136   hguard.o
         0          0          0          0          0          0   indicate_semi.o
       138          0          0          0          0        168   init_alloc.o
        44         10        272          0          0         76   lc_ctype_c.o
        44         10         28          0          0         76   lc_numeric_c.o
         2          0          0          0          0          0   libinit.o
        42          0          0          0          0          0   libinit2.o
         2          0          0          0          0          0   libshutdown.o
         2          0          0          0          0          0   libshutdown2.o
         8          4          0          0         96         68   libspace.o
       138          0          0          0          0         80   lludiv10.o
         0          0          0          0          0          0   maybetermalloc1.o
        16          4          0          0          0         76   rt_ctype_table.o
         8          4          0          0          0         68   rt_heap_descriptor_intlibspace.o
         8          4          0          0          0         68   rt_locale_intlibspace.o
         2          0          0          0          0          0   rtexit.o
        10          0          0          0          0          0   rtexit2.o
        44          6          0          0          0         84   sprintf.o
        24          0          0          0          0         68   strcat.o
       124          0          0          0          0         88   strcmpv7em.o
        12          4          0          0          0         68   sys_exit.o
        74          0          0          0          0         80   sys_stackheap_outer.o
        14          0          0          0          0         76   sys_wrch.o
         2          0          0          0          0         68   use_no_semi.o
       696        140          0          0          0        264   ddiv.o
        90          4          0          0          0        140   dfixu.o
        38          0          0          0          0        116   dflt_clz.o
       156          4          0          0          0        140   dnaninf.o
        12          0          0          0          0        116   dretinf.o
        86          4          0          0          0        132   f2d.o
       140          4          0          0          0        132   fnaninf.o
        26          0          0          0          0        116   fpinit.o
         4          0          0          0          0        116   printf1.o
         4          0          0          0          0        116   printf2.o
         0          0          0          0          0          0   usenofp.o
        48          0          0          0          0        124   fpclassify.o

    ----------------------------------------------------------------------
      8648        484        552          0         96       6504   Library Totals
        16          0          1          0          0          0   (incl. Padding)

    ----------------------------------------------------------------------

      Code (inc. data)   RO Data    RW Data    ZI Data      Debug   Library Name

      7332        328        551          0         96       4992   c_w.l
      1252        156          0          0          0       1388   fz_wm.l
        48          0          0          0          0        124   m_wm.l

    ----------------------------------------------------------------------
      8648        484        552          0         96       6504   Library Totals

    ----------------------------------------------------------------------

==============================================================================


      Code (inc. data)   RO Data    RW Data    ZI Data      Debug   

     18132        568       2040         48       3352      63049   Grand Totals
     18132        568       2040         48       3352      63049   ELF Image Totals
     18132        568       2040         48          0          0   ROM Totals

==============================================================================

    Total RO  Size (Code + RO Data)                20172 (  19.70kB)
    Total RW  Size (RW Data + ZI Data)              3400 (   3.32kB)
    Total ROM Size (Code + RO Data + RW Data)      20220 (  19.75kB)

==============================================================================

