Component: Arm Compiler for Embedded 6.23 Tool: armlink [5f102400]

==============================================================================

Section Cross References

    main.o(.text.uart_rx_isr) refers to main.o(.bss.rx_queue) for rx_queue
    main.o(.text.uart_rx_isr) refers to queue.o(.text.queue_enqueue) for queue_enqueue
    main.o(.ARM.exidx.text.uart_rx_isr) refers to main.o(.text.uart_rx_isr) for [Anonymous Symbol]
    main.o(.text.uart_menu) refers to main.o(.data.menu) for menu
    main.o(.text.uart_menu) refers to main.o(.bss.display_message) for display_message
    main.o(.text.uart_menu) refers to strcat.o(.text) for strcat
    main.o(.text.uart_menu) refers to main.o(.data.highlight_front) for highlight_front
    main.o(.text.uart_menu) refers to main.o(.data.test) for test
    main.o(.text.uart_menu) refers to main.o(.data.highlight_back) for highlight_back
    main.o(.text.uart_menu) refers to main.o(.rodata.str1.1) for .L.str.8
    main.o(.text.uart_menu) refers to uart.o(.text.uart_print) for uart_print
    main.o(.text.uart_menu) refers to main.o(.bss.buff_index) for buff_index
    main.o(.ARM.exidx.text.uart_menu) refers to main.o(.text.uart_menu) for [Anonymous Symbol]
    main.o(.text.check_password) refers to main.o(.data.password) for password
    main.o(.text.check_password) refers to strcmpv7em.o(.text) for strcmp
    main.o(.ARM.exidx.text.check_password) refers to main.o(.text.check_password) for [Anonymous Symbol]
    main.o(.text.clear_text) refers to main.o(.rodata.str1.1) for .L.str.12
    main.o(.text.clear_text) refers to uart.o(.text.uart_print) for uart_print
    main.o(.ARM.exidx.text.clear_text) refers to main.o(.text.clear_text) for [Anonymous Symbol]
    main.o(.text.go_up) refers to main.o(.rodata.str1.1) for .L.str.13
    main.o(.text.go_up) refers to uart.o(.text.uart_print) for uart_print
    main.o(.text.go_up) refers to main.o(.bss.display_message) for display_message
    main.o(.ARM.exidx.text.go_up) refers to main.o(.text.go_up) for [Anonymous Symbol]
    main.o(.text.touch_sensor_isr) refers to main.o(.rodata.str1.1) for .L.str.14
    main.o(.text.touch_sensor_isr) refers to uart.o(.text.uart_print) for uart_print
    main.o(.ARM.exidx.text.touch_sensor_isr) refers to main.o(.text.touch_sensor_isr) for [Anonymous Symbol]
    main.o(.text.observer) refers to delay.o(.text.delay_us) for delay_us
    main.o(.text.observer) refers to gpio.o(.text.gpio_get) for gpio_get
    main.o(.ARM.exidx.text.observer) refers to main.o(.text.observer) for [Anonymous Symbol]
    main.o(.text.DHT11_read_data) refers to gpio.o(.text.gpio_set_mode) for gpio_set_mode
    main.o(.text.DHT11_read_data) refers to gpio.o(.text.gpio_set) for gpio_set
    main.o(.text.DHT11_read_data) refers to delay.o(.text.delay_ms) for delay_ms
    main.o(.text.DHT11_read_data) refers to delay.o(.text.delay_us) for delay_us
    main.o(.text.DHT11_read_data) refers to gpio.o(.text.gpio_get) for gpio_get
    main.o(.text.DHT11_read_data) refers to main.o(.rodata.str1.1) for .L.str.15
    main.o(.text.DHT11_read_data) refers to uart.o(.text.uart_print) for uart_print
    main.o(.text.DHT11_read_data) refers to main.o(.text.observer) for observer
    main.o(.text.DHT11_read_data) refers to main.o(.bss.display_cases) for display_cases
    main.o(.text.DHT11_read_data) refers to f2d.o(x$fpl$f2d) for __aeabi_f2d
    main.o(.text.DHT11_read_data) refers to main.o(.data.reading_period) for reading_period
    main.o(.text.DHT11_read_data) refers to sprintf.o(.text) for sprintf
    main.o(.text.DHT11_read_data) refers to main.o(.bss.buff_index) for buff_index
    main.o(.ARM.exidx.text.DHT11_read_data) refers to main.o(.text.DHT11_read_data) for [Anonymous Symbol]
    main.o(.text.TIM2_IRQHandler) refers to main.o(.text.DHT11_read_data) for DHT11_read_data
    main.o(.ARM.exidx.text.TIM2_IRQHandler) refers to main.o(.text.TIM2_IRQHandler) for [Anonymous Symbol]
    main.o(.ARM.exidx.text.update_timer_frequency) refers to main.o(.text.update_timer_frequency) for [Anonymous Symbol]
    main.o(.text.main) refers to main.o(.bss.rx_queue) for rx_queue
    main.o(.text.main) refers to queue.o(.text.queue_init) for queue_init
    main.o(.text.main) refers to uart.o(.text.uart_init) for uart_init
    main.o(.text.main) refers to main.o(.text.uart_rx_isr) for uart_rx_isr
    main.o(.text.main) refers to uart.o(.text.uart_set_rx_callback) for uart_set_rx_callback
    main.o(.text.main) refers to uart.o(.text.uart_enable) for uart_enable
    main.o(.text.main) refers to main.o(.rodata.str1.1) for .L.str.25
    main.o(.text.main) refers to uart.o(.text.uart_print) for uart_print
    main.o(.text.main) refers to main.o(.bss.buff_index) for buff_index
    main.o(.text.main) refers to queue.o(.text.queue_dequeue) for queue_dequeue
    main.o(.text.main) refers to main.o(.text.go_up) for go_up
    main.o(.text.main) refers to main.o(.text.uart_menu) for uart_menu
[...]
    .ARM.Collect$$rtentry$$0000000A          0x080002fe   Section        4  __rtentry2.o(.ARM.Collect$$rtentry$$0000000A)
    .ARM.Collect$$rtentry$$0000000C          0x08000302   Section        0  __rtentry2.o(.ARM.Collect$$rtentry$$0000000C)
    .ARM.Collect$$rtentry$$0000000D          0x08000302   Section        8  __rtentry2.o(.ARM.Collect$$rtentry$$0000000D)
    .ARM.Collect$$rtexit$$00000000           0x0800030a   Section        2  rtexit.o(.ARM.Collect$$rtexit$$00000000)
    .ARM.Collect$$rtexit$$00000002           0x0800030c   Section        0  rtexit2.o(.ARM.Collect$$rtexit$$00000002)
    .ARM.Collect$$rtexit$$00000003           0x0800030c   Section        4  rtexit2.o(.ARM.Collect$$rtexit$$00000003)
    .ARM.Collect$$rtexit$$00000004           0x08000310   Section        6  rtexit2.o(.ARM.Collect$$rtexit$$00000004)
    [Anonymous Symbol]                       0x08000318   Section        0  delay_as.o(.text)
    loop                                     0x0800031c   Number         0  delay_as.o(.text)
    done                                     0x08000322   Number         0  delay_as.o(.text)
    $v0                                      0x08000324   Number         0  startup_stm32f411xe.o(.text)
    .text                                    0x08000324   Section       64  startup_stm32f411xe.o(.text)
    .text                                    0x08000364   Section        0  h1_alloc.o(.text)
    .text                                    0x080003c4   Section        0  sprintf.o(.text)
    .text                                    0x080003f0   Section        0  strcat.o(.text)
    .text                                    0x08000408   Section      124  strcmpv7em.o(.text)
    .text                                    0x08000484   Section        0  heapauxi.o(.text)
    .text                                    0x0800048c   Section        8  rt_heap_descriptor_intlibspace.o(.text)
    .text                                    0x08000494   Section        0  hguard.o(.text)
    .text                                    0x08000498   Section        0  init_alloc.o(.text)
    .text                                    0x08000522   Section        0  h1_init.o(.text)
    .text                                    0x0800052e   Section        0  h1_free.o(.text)
    .text                                    0x0800057c   Section        0  _printf_pad.o(.text)
    .text                                    0x080005ca   Section        0  _printf_truncate.o(.text)
    .text                                    0x080005ee   Section        0  _printf_str.o(.text)
    .text                                    0x08000640   Section        0  _printf_dec.o(.text)
    .text                                    0x080006b8   Section        0  _printf_charcount.o(.text)
    _printf_input_char                       0x080006e1   Thumb Code    10  _printf_char_common.o(.text)
    .text                                    0x080006e0   Section        0  _printf_char_common.o(.text)
    .text                                    0x08000710   Section        0  _sputc.o(.text)
    .text                                    0x0800071c   Section        0  _printf_wctomb.o(.text)
    .text                                    0x080007d8   Section        0  _printf_longlong_dec.o(.text)
    _printf_longlong_oct_internal            0x08000855   Thumb Code     0  _printf_oct_int_ll.o(.text)
    .text                                    0x08000854   Section        0  _printf_oct_int_ll.o(.text)
    _printf_hex_common                       0x080008c5   Thumb Code     0  _printf_hex_int_ll_ptr.o(.text)
    .text                                    0x080008c4   Section        0  _printf_hex_int_ll_ptr.o(.text)
    .text                                    0x08000958   Section        0  __printf_flags_ss_wp.o(.text)
    .text                                    0x08000ae0   Section        0  sys_exit.o(.text)
    .text                                    0x08000aec   Section        8  libspace.o(.text)
    .text                                    0x08000af4   Section        0  maybetermalloc1.o(.text)
    .text                                    0x08000af4   Section        0  h1_extend.o(.text)
    .text                                    0x08000b28   Section      138  lludiv10.o(.text)
    .text                                    0x08000bb2   Section        0  _printf_intcommon.o(.text)
    _fp_digits                               0x08000c65   Thumb Code   432  _printf_fp_dec.o(.text)
    .text                                    0x08000c64   Section        0  _printf_fp_dec.o(.text)
    .text                                    0x08001080   Section        0  _printf_fp_hex.o(.text)
    .text                                    0x0800137c   Section        0  _printf_char.o(.text)
    .text                                    0x080013a8   Section        0  _printf_wchar.o(.text)
    .text                                    0x080013d4   Section        0  _c16rtomb.o(.text)
    .text                                    0x0800141c   Section        0  defsig_rtmem_outer.o(.text)
    .text                                    0x0800142a   Section        2  use_no_semi.o(.text)
    .text                                    0x0800142c   Section        0  indicate_semi.o(.text)
    .text                                    0x0800142c   Section       74  sys_stackheap_outer.o(.text)
    .text                                    0x08001478   Section       16  rt_ctype_table.o(.text)
    .text                                    0x08001488   Section        8  rt_locale_intlibspace.o(.text)
    .text                                    0x08001490   Section        0  _printf_fp_infnan.o(.text)
    .text                                    0x08001510   Section        0  bigflt0.o(.text)
    .text                                    0x080015f4   Section        0  exit.o(.text)
    .text                                    0x08001606   Section        0  defsig_exit.o(.text)
    .text                                    0x08001610   Section        0  defsig_rtmem_inner.o(.text)
    .text                                    0x08001660   Section        0  defsig_general.o(.text)
    .text                                    0x08001692   Section        0  sys_wrch.o(.text)
    [Anonymous Symbol]                       0x080016a0   Section        0  main.o(.text.DHT11_read_data)
    [Anonymous Symbol]                       0x08001958   Section        0  gpio.o(.text.EXTI0_IRQHandler)
    [Anonymous Symbol]                       0x080019dc   Section        0  gpio.o(.text.EXTI15_10_IRQHandler)
    [Anonymous Symbol]                       0x08001a48   Section        0  gpio.o(.text.EXTI1_IRQHandler)
    [Anonymous Symbol]                       0x08001acc   Section        0  gpio.o(.text.EXTI2_IRQHandler)
    [Anonymous Symbol]                       0x08001b50   Section        0  gpio.o(.text.EXTI3_IRQHandler)
    [Anonymous Symbol]                       0x08001bd4   Section        0  gpio.o(.text.EXTI4_IRQHandler)
    [Anonymous Symbol]                       0x08001c58   Section        0  gpio.o(.text.EXTI9_5_IRQHandler)
    [Anonymous Symbol]                       0x08001cdc   Section        0  stm32f4xx_gpio.o(.text.GPIO_Init)
    [Anonymous Symbol]                       0x08001dd4   Section        0  stm32f4xx_gpio.o(.text.GPIO_PinAFConfig)
    [Anonymous Symbol]                       0x08001e48   Section        0  stm32f4xx_rcc.o(.text.RCC_AHB1PeriphClockCmd)
    [Anonymous Symbol]                       0x08001e80   Section        0  stm32f4xx_rcc.o(.text.RCC_APB1PeriphClockCmd)
    [Anonymous Symbol]                       0x08001eb8   Section        0  stm32f4xx_rcc.o(.text.RCC_GetClocksFreq)
    [Anonymous Symbol]                       0x0800201c   Section        0  timer.o(.text.SysTick_Handler)
    [Anonymous Symbol]                       0x0800202c   Section        0  system_stm32f4xx.o(.text.SystemInit)
    [Anonymous Symbol]                       0x08002040   Section        0  main.o(.text.TIM2_IRQHandler)
    [Anonymous Symbol]                       0x0800206c   Section        0  uart.o(.text.USART2_IRQHandler)
    [Anonymous Symbol]                       0x080020a4   Section        0  stm32f4xx_usart.o(.text.USART_Cmd)
    [Anonymous Symbol]                       0x080020d4   Section        0  stm32f4xx_usart.o(.text.USART_GetFlagStatus)
    [Anonymous Symbol]                       0x08002118   Section        0  stm32f4xx_usart.o(.text.USART_Init)
    [Anonymous Symbol]                       0x08002284   Section        0  stm32f4xx_usart.o(.text.USART_ReceiveData)
    [Anonymous Symbol]                       0x08002294   Section        0  stm32f4xx_usart.o(.text.USART_SendData)
    __NVIC_ClearPendingIRQ                   0x080022ad   Thumb Code    48  gpio.o(.text.__NVIC_ClearPendingIRQ)
    [Anonymous Symbol]                       0x080022ac   Section        0  gpio.o(.text.__NVIC_ClearPendingIRQ)
    __NVIC_ClearPendingIRQ                   0x080022dd   Thumb Code    48  uart.o(.text.__NVIC_ClearPendingIRQ)
    [Anonymous Symbol]                       0x080022dc   Section        0  uart.o(.text.__NVIC_ClearPendingIRQ)
    __NVIC_EnableIRQ                         0x0800230d   Thumb Code    48  main.o(.text.__NVIC_EnableIRQ)
    [Anonymous Symbol]                       0x0800230c   Section        0  main.o(.text.__NVIC_EnableIRQ)
    __NVIC_EnableIRQ                         0x0800233d   Thumb Code    48  uart.o(.text.__NVIC_EnableIRQ)
    [Anonymous Symbol]                       0x0800233c   Section        0  uart.o(.text.__NVIC_EnableIRQ)
    __NVIC_SetPriority                       0x0800236d   Thumb Code    66  main.o(.text.__NVIC_SetPriority)
    [Anonymous Symbol]                       0x0800236c   Section        0  main.o(.text.__NVIC_SetPriority)
    __NVIC_SetPriority                       0x080023b1   Thumb Code    66  uart.o(.text.__NVIC_SetPriority)
    [Anonymous Symbol]                       0x080023b0   Section        0  uart.o(.text.__NVIC_SetPriority)
    [Anonymous Symbol]                       0x080023f4   Section        0  main.o(.text.check_password)
    [Anonymous Symbol]                       0x08002414   Section        0  delay.o(.text.delay_ms)
    [Anonymous Symbol]                       0x0800248c   Section        0  delay.o(.text.delay_us)
    [Anonymous Symbol]                       0x08002508   Section        0  main.o(.text.go_up)
    [Anonymous Symbol]                       0x08002544   Section        0  gpio.o(.text.gpio_get)
    [Anonymous Symbol]                       0x08002570   Section        0  gpio.o(.text.gpio_set)
    [Anonymous Symbol]                       0x080025a8   Section        0  gpio.o(.text.gpio_set_mode)
    [Anonymous Symbol]                       0x080026ec   Section        0  main.o(.text.main)
    [Anonymous Symbol]                       0x08002aa8   Section        0  main.o(.text.observer)
    [Anonymous Symbol]                       0x08002b04   Section        0  queue.o(.text.queue_dequeue)
    [Anonymous Symbol]                       0x08002b48   Section        0  queue.o(.text.queue_enqueue)
    [Anonymous Symbol]                       0x08002b98   Section        0  queue.o(.text.queue_init)
    [Anonymous Symbol]                       0x08002bc8   Section        0  queue.o(.text.queue_is_empty)
    [Anonymous Symbol]                       0x08002be0   Section        0  queue.o(.text.queue_is_full)
    [Anonymous Symbol]                       0x08002c04   Section        0  uart.o(.text.uart_enable)
    [Anonymous Symbol]                       0x08002c18   Section        0  uart.o(.text.uart_init)
    [Anonymous Symbol]                       0x08002ca4   Section        0  main.o(.text.uart_menu)
    [Anonymous Symbol]                       0x08002dc0   Section        0  uart.o(.text.uart_print)
    [Anonymous Symbol]                       0x08002de4   Section        0  uart.o(.text.uart_rx)
    [Anonymous Symbol]                       0x08002e18   Section        0  main.o(.text.uart_rx_isr)
    [Anonymous Symbol]                       0x08002e4c   Section        0  uart.o(.text.uart_set_rx_callback)
    [Anonymous Symbol]                       0x08002e8c   Section        0  uart.o(.text.uart_tx)
    [Anonymous Symbol]                       0x08002ec0   Section        0  main.o(.text.update_timer_frequency)
    CL$$btod_d2e                             0x08002f04   Section       62  btod.o(CL$$btod_d2e)
    CL$$btod_d2e_denorm_low                  0x08002f42   Section       70  btod.o(CL$$btod_d2e_denorm_low)
    CL$$btod_d2e_norm_op1                    0x08002f88   Section       96  btod.o(CL$$btod_d2e_norm_op1)
    CL$$btod_div_common                      0x08002fe8   Section      824  btod.o(CL$$btod_div_common)
    CL$$btod_e2e                             0x08003320   Section      220  btod.o(CL$$btod_e2e)
    CL$$btod_ediv                            0x080033fc   Section       42  btod.o(CL$$btod_ediv)
    CL$$btod_emul                            0x08003426   Section       42  btod.o(CL$$btod_emul)
    CL$$btod_mult_common                     0x08003450   Section      580  btod.o(CL$$btod_mult_common)
    i.__ARM_fpclassify                       0x08003694   Section        0  fpclassify.o(i.__ARM_fpclassify)
    i._is_digit                              0x080036c4   Section        0  __printf_wp.o(i._is_digit)
    locale$$code                             0x080036d4   Section       44  lc_numeric_c.o(locale$$code)
    locale$$code                             0x08003700   Section       44  lc_ctype_c.o(locale$$code)
    $v0                                      0x0800372c   Number         0  dretinf.o(x$fpl$dretinf)
    x$fpl$dretinf                            0x0800372c   Section       12  dretinf.o(x$fpl$dretinf)
    $v0                                      0x08003738   Number         0  f2d.o(x$fpl$f2d)
    x$fpl$f2d                                0x08003738   Section       86  f2d.o(x$fpl$f2d)
    $v0                                      0x0800378e   Number         0  fnaninf.o(x$fpl$fnaninf)
    x$fpl$fnaninf                            0x0800378e   Section      140  fnaninf.o(x$fpl$fnaninf)
    $v0                                      0x0800381a   Number         0  fpinit.o(x$fpl$fpinit)
    x$fpl$fpinit                             0x0800381a   Section       26  fpinit.o(x$fpl$fpinit)
    $v0                                      0x08003834   Number         0  printf1.o(x$fpl$printf1)
    x$fpl$printf1                            0x08003834   Section        4  printf1.o(x$fpl$printf1)
    $v0                                      0x08003838   Number         0  printf2.o(x$fpl$printf2)
    x$fpl$printf2                            0x08003838   Section        4  printf2.o(x$fpl$printf2)
    initial_mbstate                          0x0800383c   Data           8  _printf_wctomb.o(.constdata)
    .constdata                               0x0800383c   Section        8  _printf_wctomb.o(.constdata)
    x$fpl$usenofp                            0x0800383c   Section        0  usenofp.o(x$fpl$usenofp)
    uc_hextab                                0x08003844   Data          20  _printf_hex_int_ll_ptr.o(.constdata)
    .constdata                               0x08003844   Section       40  _printf_hex_int_ll_ptr.o(.constdata)
    lc_hextab                                0x08003858   Data          20  _printf_hex_int_ll_ptr.o(.constdata)
    maptable                                 0x0800386c   Data          17  __printf_flags_ss_wp.o(.constdata)
    .constdata                               0x0800386c   Section       17  __printf_flags_ss_wp.o(.constdata)
    lc_hextab                                0x0800387d   Data          19  _printf_fp_hex.o(.constdata)
    .constdata                               0x0800387d   Section       38  _printf_fp_hex.o(.constdata)
    uc_hextab                                0x08003890   Data          19  _printf_fp_hex.o(.constdata)
    tenpwrs_x                                0x080038a4   Data          60  bigflt0.o(.constdata)
    .constdata                               0x080038a4   Section      148  bigflt0.o(.constdata)
    tenpwrs_i                                0x080038e0   Data          64  bigflt0.o(.constdata)
    APBAHBPrescTable                         0x08003938   Data          16  stm32f4xx_rcc.o(.rodata.APBAHBPrescTable)
    [Anonymous Symbol]                       0x08003938   Section        0  stm32f4xx_rcc.o(.rodata.APBAHBPrescTable)
    .L.str.9                                 0x08003948   Data           3  main.o(.rodata.str1.1)
    [Anonymous Symbol]                       0x08003948   Section        0  main.o(.rodata.str1.1)
    .L.str.23                                0x0800394b   Data          70  main.o(.rodata.str1.1)
    .L.str.22                                0x08003991   Data          70  main.o(.rodata.str1.1)
    .L.str.21                                0x080039d7   Data          63  main.o(.rodata.str1.1)
    .L.str.16                                0x08003a16   Data          21  main.o(.rodata.str1.1)
    .L.str.18                                0x08003a2b   Data          13  main.o(.rodata.str1.1)
    .L.str.17                                0x08003a38   Data          21  main.o(.rodata.str1.1)
    .L.str.19                                0x08003a4d   Data          13  main.o(.rodata.str1.1)
    .L.str.20                                0x08003a5a   Data          12  main.o(.rodata.str1.1)
    .L.str.15                                0x08003a66   Data           9  main.o(.rodata.str1.1)
    .L.str.12                                0x08003a72   Data          99  main.o(.rodata.str1.1)
    .L.str.27                                0x08003a81   Data          52  main.o(.rodata.str1.1)
    .L.str.14                                0x08003ada   Data          18  main.o(.rodata.str1.1)
    .L.str.8                                 0x08003aed   Data           3  main.o(.rodata.str1.1)
    .L.str.25                                0x08003af0   Data           9  main.o(.rodata.str1.1)
    .L.str.28                                0x08003af9   Data          53  main.o(.rodata.str1.1)
    .L.str.13                                0x08003b2e   Data           5  main.o(.rodata.str1.1)
    .L.str.24                                0x08003b33   Data          33  main.o(.rodata.str1.1)
    .L.str.10                                0x08003bb7   Data          10  main.o(.rodata.str1.1)
    .L.str.26                                0x08003bc1   Data          22  main.o(.rodata.str1.1)
    .L.str.11                                0x08003c9a   Data           5  main.o(.rodata.str1.1)
    locale$$data                             0x08003cd8   Section       28  lc_numeric_c.o(locale$$data)
    __lcnum_c_name                           0x08003cdc   Data           2  lc_numeric_c.o(locale$$data)
    __lcnum_c_start                          0x08003ce4   Data           0  lc_numeric_c.o(locale$$data)
    __lcnum_c_point                          0x08003cf0   Data           0  lc_numeric_c.o(locale$$data)
    __lcnum_c_thousands                      0x08003cf2   Data           0  lc_numeric_c.o(locale$$data)
    __lcnum_c_grouping                       0x08003cf3   Data           0  lc_numeric_c.o(locale$$data)
    __lcnum_c_end                            0x08003cf4   Data           0  lc_numeric_c.o(locale$$data)
    locale$$data                             0x08003cf4   Section      272  lc_ctype_c.o(locale$$data)
    __lcctype_c_name                         0x08003cf8   Data           2  lc_ctype_c.o(locale$$data)
    __lcctype_c_start                        0x08003d00   Data           0  lc_ctype_c.o(locale$$data)
    __lcctype_c_end                          0x08003e04   Data           0  lc_ctype_c.o(locale$$data)
    .bss                                     0x20000028   Section       96  libspace.o(.bss)
    GPIO_callback                            0x20000088   Data           4  gpio.o(.bss.GPIO_callback)
    [Anonymous Symbol]                       0x20000088   Section        0  gpio.o(.bss.GPIO_callback)
    UART_callback                            0x20000098   Data           4  uart.o(.bss.UART_callback)
    [Anonymous Symbol]                       0x20000098   Section        0  uart.o(.bss.UART_callback)
    timer_callback                           0x2000051c   Data           4  timer.o(.bss.timer_callback)
    [Anonymous Symbol]                       0x2000051c   Section        0  timer.o(.bss.timer_callback)
    Heap_Mem                                 0x20000520   Data         512  startup_stm32f411xe.o(HEAP)
    HEAP                                     0x20000520   Section      512  startup_stm32f411xe.o(HEAP)
    Stack_Mem                                0x20000720   Data        1024  startup_stm32f411xe.o(STACK)
    STACK                                    0x20000720   Section     1024  startup_stm32f411xe.o(STACK)
    __initial_sp                             0x20000b20   Data           0  startup_stm32f411xe.o(STACK)

    Global Symbols

    Symbol Name                              Value     Ov Type        Size  Object(Section)

    BuildAttributes$$THM_ISAv4$E$P$D$K$B$S$7EM$VFPi3$EXTD16$VFPS$VFMA$PE$A:L22UL41UL21$X:L11$S22US41US21$IEEE1$IW$~IW$USESV6$~STKCKD$USESV7$~SHL$OTIME$ROPI$IEEEJ$EBA8$UX$STANDARDLIB$REQ8$EABIv2 0x00000000   Number         0  anon$$obj.o ABSOLUTE
    _printf_flags                            0x00000000   Number         0  printf_stubs.o ABSOLUTE
    _printf_return_value                     0x00000000   Number         0  printf_stubs.o ABSOLUTE
    _printf_sizespec                         0x00000000   Number         0  printf_stubs.o ABSOLUTE
    _printf_widthprec                        0x00000000   Number         0  printf_stubs.o ABSOLUTE
    SHT$$ARM_EXIDX$$Base                      - Undefined Reference
    SHT$$ARM_EXIDX$$Limit                     - Undefined Reference
    __ARM_exceptions_init                     - Undefined Weak Reference
    __alloca_initialize                       - Undefined Weak Reference
    __arm_find_exidx_section                  - Undefined Weak Reference
    __arm_preinit_                            - Undefined Weak Reference
    __arm_relocate_pie_                       - Undefined Weak Reference
    __cpp_initialize__aeabi_                  - Undefined Weak Reference
    __cxa_finalize                            - Undefined Weak Reference
    __sigvec_lookup                           - Undefined Weak Reference
    __user_heap_extent                        - Undefined Weak Reference
    _atexit_init                              - Undefined Weak Reference
    _call_atexit_fns                          - Undefined Weak Reference
    _clock_init                               - Undefined Weak Reference
    _fp_trap_init                             - Undefined Weak Reference
    _fp_trap_shutdown                         - Undefined Weak Reference
    _get_lc_collate                           - Undefined Weak Reference
    _get_lc_monetary                          - Undefined Weak Reference
    _get_lc_time                              - Undefined Weak Reference
    _getenv_init                              - Undefined Weak Reference
    _handle_redirection                       - Undefined Weak Reference
    _initio                                   - Undefined Weak Reference
    _mutex_acquire                            - Undefined Weak Reference
    _mutex_free                               - Undefined Weak Reference
    _mutex_release                            - Undefined Weak Reference
    _printf_mbtowc                            - Undefined Weak Reference
    _printf_wc                                - Undefined Weak Reference
    _rand_init                                - Undefined Weak Reference
    _signal_finish                            - Undefined Weak Reference
    _signal_init                              - Undefined Weak Reference
    _terminateio                              - Undefined Weak Reference
    __Vectors_Size                           0x00000198   Number         0  startup_stm32f411xe.o ABSOLUTE
    __Vectors                                0x08000000   Data           4  startup_stm32f411xe.o(RESET)
    __Vectors_End                            0x08000198   Data           0  startup_stm32f411xe.o(RESET)
    __main                                   0x08000199   Thumb Code     8  __main.o(!!!main)
    __scatterload                            0x080001a1   Thumb Code     0  __scatter.o(!!!scatter)
    __scatterload_rt2                        0x080001a1   Thumb Code    84  __scatter.o(!!!scatter)
    __scatterload_rt2_thumb_only             0x080001a1   Thumb Code     0  __scatter.o(!!!scatter)
    __scatterload_loop                       0x080001ab   Thumb Code     0  __scatter.o(!!!scatter)
    __scatterload_copy                       0x080001fd   Thumb Code    26  __scatter_copy.o(!!handler_copy)
    __scatterload_null                       0x08000219   Thumb Code     2  __scatter.o(!!handler_null)
    __scatterload_zeroinit                   0x0800021d   Thumb Code    28  __scatter_zi.o(!!handler_zi)
    _printf_n                                0x08000239   Thumb Code     0  _printf_n.o(.ARM.Collect$$_printf_percent$$00000001)
    _printf_percent                          0x08000239   Thumb Code     0  _printf_percent.o(.ARM.Collect$$_printf_percent$$00000000)
    _printf_p                                0x0800023f   Thumb Code     0  _printf_p.o(.ARM.Collect$$_printf_percent$$00000002)
    _printf_f                                0x08000245   Thumb Code     0  _printf_f.o(.ARM.Collect$$_printf_percent$$00000003)
    _printf_e                                0x0800024b   Thumb Code     0  _printf_e.o(.ARM.Collect$$_printf_percent$$00000004)
    _printf_g                                0x08000251   Thumb Code     0  _printf_g.o(.ARM.Collect$$_printf_percent$$00000005)
    _printf_a                                0x08000257   Thumb Code     0  _printf_a.o(.ARM.Collect$$_printf_percent$$00000006)
    _printf_ll                               0x0800025d   Thumb Code     0  _printf_ll.o(.ARM.Collect$$_printf_percent$$00000007)
    _printf_i                                0x08000267   Thumb Code     0  _printf_i.o(.ARM.Collect$$_printf_percent$$00000008)
    _printf_d                                0x0800026d   Thumb Code     0  _printf_d.o(.ARM.Collect$$_printf_percent$$00000009)
    _printf_u                                0x08000273   Thumb Code     0  _printf_u.o(.ARM.Collect$$_printf_percent$$0000000A)
    _printf_o                                0x08000279   Thumb Code     0  _printf_o.o(.ARM.Collect$$_printf_percent$$0000000B)
    _printf_x                                0x0800027f   Thumb Code     0  _printf_x.o(.ARM.Collect$$_printf_percent$$0000000C)
    _printf_lli                              0x08000285   Thumb Code     0  _printf_lli.o(.ARM.Collect$$_printf_percent$$0000000D)
    _printf_lld                              0x0800028b   Thumb Code     0  _printf_lld.o(.ARM.Collect$$_printf_percent$$0000000E)
    _printf_llu                              0x08000291   Thumb Code     0  _printf_llu.o(.ARM.Collect$$_printf_percent$$0000000F)
    _printf_llo                              0x08000297   Thumb Code     0  _printf_llo.o(.ARM.Collect$$_printf_percent$$00000010)
    _printf_llx                              0x0800029d   Thumb Code     0  _printf_llx.o(.ARM.Collect$$_printf_percent$$00000011)
    _printf_l                                0x080002a3   Thumb Code     0  _printf_l.o(.ARM.Collect$$_printf_percent$$00000012)
    _printf_c                                0x080002ad   Thumb Code     0  _printf_c.o(.ARM.Collect$$_printf_percent$$00000013)
    _printf_s                                0x080002b3   Thumb Code     0  _printf_s.o(.ARM.Collect$$_printf_percent$$00000014)
    _printf_lc                               0x080002b9   Thumb Code     0  _printf_lc.o(.ARM.Collect$$_printf_percent$$00000015)
    _printf_ls                               0x080002bf   Thumb Code     0  _printf_ls.o(.ARM.Collect$$_printf_percent$$00000016)
    _printf_percent_end                      0x080002c5   Thumb Code     0  _printf_percent_end.o(.ARM.Collect$$_printf_percent$$00000017)
    __rt_lib_init                            0x080002c9   Thumb Code     0  libinit.o(.ARM.Collect$$libinit$$00000000)
    __rt_lib_init_fp_1                       0x080002cb   Thumb Code     0  libinit2.o(.ARM.Collect$$libinit$$00000001)
    __rt_lib_init_heap_2                     0x080002cf   Thumb Code     0  libinit2.o(.ARM.Collect$$libinit$$00000007)
    __rt_lib_init_preinit_1                  0x080002cf   Thumb Code     0  libinit2.o(.ARM.Collect$$libinit$$00000006)
    __rt_lib_init_relocate_pie_1             0x080002cf   Thumb Code     0  libinit2.o(.ARM.Collect$$libinit$$00000004)
    __rt_lib_init_heap_1                     0x080002d7   Thumb Code     0  libinit2.o(.ARM.Collect$$libinit$$0000000C)
    __rt_lib_init_lc_common                  0x080002d7   Thumb Code     0  libinit2.o(.ARM.Collect$$libinit$$00000011)
    __rt_lib_init_rand_1                     0x080002d7   Thumb Code     0  libinit2.o(.ARM.Collect$$libinit$$00000010)
    __rt_lib_init_user_alloc_1               0x080002d7   Thumb Code     0  libinit2.o(.ARM.Collect$$libinit$$0000000E)
    __rt_lib_init_lc_collate_1               0x080002dd   Thumb Code     0  libinit2.o(.ARM.Collect$$libinit$$00000013)
    __rt_lib_init_lc_ctype_2                 0x080002dd   Thumb Code     0  libinit2.o(.ARM.Collect$$libinit$$00000014)
    __rt_lib_init_lc_ctype_1                 0x080002e9   Thumb Code     0  libinit2.o(.ARM.Collect$$libinit$$00000015)
    __rt_lib_init_lc_monetary_1              0x080002e9   Thumb Code     0  libinit2.o(.ARM.Collect$$libinit$$00000017)
    __rt_lib_init_lc_numeric_2               0x080002e9   Thumb Code     0  libinit2.o(.ARM.Collect$$libinit$$00000018)
    __rt_lib_init_alloca_1                   0x080002f3   Thumb Code     0  libinit2.o(.ARM.Collect$$libinit$$00000030)
    __rt_lib_init_argv_1                     0x080002f3   Thumb Code     0  libinit2.o(.ARM.Collect$$libinit$$0000002E)
    __rt_lib_init_atexit_1                   0x080002f3   Thumb Code     0  libinit2.o(.ARM.Collect$$libinit$$0000001D)
    __rt_lib_init_clock_1                    0x080002f3   Thumb Code     0  libinit2.o(.ARM.Collect$$libinit$$00000023)
    __rt_lib_init_cpp_1                      0x080002f3   Thumb Code     0  libinit2.o(.ARM.Collect$$libinit$$00000034)
    __rt_lib_init_exceptions_1               0x080002f3   Thumb Code     0  libinit2.o(.ARM.Collect$$libinit$$00000032)
    __rt_lib_init_fp_trap_1                  0x080002f3   Thumb Code     0  libinit2.o(.ARM.Collect$$libinit$$00000021)
    __rt_lib_init_getenv_1                   0x080002f3   Thumb Code     0  libinit2.o(.ARM.Collect$$libinit$$00000025)
    __rt_lib_init_lc_numeric_1               0x080002f3   Thumb Code     0  libinit2.o(.ARM.Collect$$libinit$$00000019)
    __rt_lib_init_lc_time_1                  0x080002f3   Thumb Code     0  libinit2.o(.ARM.Collect$$libinit$$0000001B)
    __rt_lib_init_return                     0x080002f3   Thumb Code     0  libinit2.o(.ARM.Collect$$libinit$$00000035)
    __rt_lib_init_signal_1                   0x080002f3   Thumb Code     0  libinit2.o(.ARM.Collect$$libinit$$0000001F)
    __rt_lib_init_stdio_1                    0x080002f3   Thumb Code     0  libinit2.o(.ARM.Collect$$libinit$$00000027)
    __rt_lib_shutdown                        0x080002f5   Thumb Code     0  libshutdown.o(.ARM.Collect$$libshutdown$$00000000)
    __rt_lib_shutdown_cpp_1                  0x080002f7   Thumb Code     0  libshutdown2.o(.ARM.Collect$$libshutdown$$00000002)
    __rt_lib_shutdown_fp_trap_1              0x080002f7   Thumb Code     0  libshutdown2.o(.ARM.Collect$$libshutdown$$00000007)
    __rt_lib_shutdown_heap_1                 0x080002f7   Thumb Code     0  libshutdown2.o(.ARM.Collect$$libshutdown$$0000000F)
    __rt_lib_shutdown_return                 0x080002f7   Thumb Code     0  libshutdown2.o(.ARM.Collect$$libshutdown$$00000010)
    __rt_lib_shutdown_signal_1               0x080002f7   Thumb Code     0  libshutdown2.o(.ARM.Collect$$libshutdown$$0000000A)
    __rt_lib_shutdown_stdio_1                0x080002f7   Thumb Code     0  libshutdown2.o(.ARM.Collect$$libshutdown$$00000004)
    __rt_lib_shutdown_user_alloc_1           0x080002f7   Thumb Code     0  libshutdown2.o(.ARM.Collect$$libshutdown$$0000000C)
    __rt_entry                               0x080002f9   Thumb Code     0  __rtentry.o(.ARM.Collect$$rtentry$$00000000)
    __rt_entry_presh_1                       0x080002f9   Thumb Code     0  __rtentry2.o(.ARM.Collect$$rtentry$$00000002)
    __rt_entry_sh                            0x080002f9   Thumb Code     0  __rtentry4.o(.ARM.Collect$$rtentry$$00000004)
    __rt_entry_li                            0x080002ff   Thumb Code     0  __rtentry2.o(.ARM.Collect$$rtentry$$0000000A)
    __rt_entry_postsh_1                      0x080002ff   Thumb Code     0  __rtentry2.o(.ARM.Collect$$rtentry$$00000009)
    __rt_entry_main                          0x08000303   Thumb Code     0  __rtentry2.o(.ARM.Collect$$rtentry$$0000000D)
    __rt_entry_postli_1                      0x08000303   Thumb Code     0  __rtentry2.o(.ARM.Collect$$rtentry$$0000000C)
    __rt_exit                                0x0800030b   Thumb Code     0  rtexit.o(.ARM.Collect$$rtexit$$00000000)
    __rt_exit_ls                             0x0800030d   Thumb Code     0  rtexit2.o(.ARM.Collect$$rtexit$$00000003)
    __rt_exit_prels_1                        0x0800030d   Thumb Code     0  rtexit2.o(.ARM.Collect$$rtexit$$00000002)
    __rt_exit_exit                           0x08000311   Thumb Code     0  rtexit2.o(.ARM.Collect$$rtexit$$00000004)
    delay_cycles                             0x08000319   Thumb Code     0  delay_as.o(.text)
    Reset_Handler                            0x08000325   Thumb Code     8  startup_stm32f411xe.o(.text)
    NMI_Handler                              0x0800032d   Thumb Code     2  startup_stm32f411xe.o(.text)
    HardFault_Handler                        0x0800032f   Thumb Code     2  startup_stm32f411xe.o(.text)
    MemManage_Handler                        0x08000331   Thumb Code     2  startup_stm32f411xe.o(.text)
    BusFault_Handler                         0x08000333   Thumb Code     2  startup_stm32f411xe.o(.text)
    UsageFault_Handler                       0x08000335   Thumb Code     2  startup_stm32f411xe.o(.text)
    SVC_Handler                              0x08000337   Thumb Code     2  startup_stm32f411xe.o(.text)
    DebugMon_Handler                         0x08000339   Thumb Code     2  startup_stm32f411xe.o(.text)
    PendSV_Handler                           0x0800033b   Thumb Code     2  startup_stm32f411xe.o(.text)
    ADC_IRQHandler                           0x0800033f   Thumb Code     0  startup_stm32f411xe.o(.text)
    DMA1_Stream0_IRQHandler                  0x0800033f   Thumb Code     0  startup_stm32f411xe.o(.text)
    DMA1_Stream1_IRQHandler                  0x0800033f   Thumb Code     0  startup_stm32f411xe.o(.text)
    DMA1_Stream2_IRQHandler                  0x0800033f   Thumb Code     0  startup_stm32f411xe.o(.text)
    DMA1_Stream3_IRQHandler                  0x0800033f   Thumb Code     0  startup_stm32f411xe.o(.text)
    DMA1_Stream4_IRQHandler                  0x0800033f   Thumb Code     0  startup_stm32f411xe.o(.text)
    DMA1_Stream5_IRQHandler                  0x0800033f   Thumb Code     0  startup_stm32f411xe.o(.text)
    DMA1_Stream6_IRQHandler                  0x0800033f   Thumb Code     0  startup_stm32f411xe.o(.text)
    DMA1_Stream7_IRQHandler                  0x0800033f   Thumb Code     0  startup_stm32f411xe.o(.text)
    DMA2_Stream0_IRQHandler                  0x0800033f   Thumb Code     0  startup_stm32f411xe.o(.text)
    DMA2_Stream1_IRQHandler                  0x0800033f   Thumb Code     0  startup_stm32f411xe.o(.text)
    DMA2_Stream2_IRQHandler                  0x0800033f   Thumb Code     0  startup_stm32f411xe.o(.text)
    DMA2_Stream3_IRQHandler                  0x0800033f   Thumb Code     0  startup_stm32f411xe.o(.text)
    DMA2_Stream4_IRQHandler                  0x0800033f   Thumb Code     0  startup_stm32f411xe.o(.text)
    DMA2_Stream5_IRQHandler                  0x0800033f   Thumb Code     0  startup_stm32f411xe.o(.text)
    DMA2_Stream6_IRQHandler                  0x0800033f   Thumb Code     0  startup_stm32f411xe.o(.text)
    DMA2_Stream7_IRQHandler                  0x0800033f   Thumb Code     0  startup_stm32f411xe.o(.text)
    FLASH_IRQHandler                         0x0800033f   Thumb Code     0  startup_stm32f411xe.o(.text)
    FPU_IRQHandler                           0x0800033f   Thumb Code     0  startup_stm32f411xe.o(.text)
    I2C1_ER_IRQHandler                       0x0800033f   Thumb Code     0  startup_stm32f411xe.o(.text)
    I2C1_EV_IRQHandler                       0x0800033f   Thumb Code     0  startup_stm32f411xe.o(.text)
    I2C2_ER_IRQHandler                       0x0800033f   Thumb Code     0  startup_stm32f411xe.o(.text)
    I2C2_EV_IRQHandler                       0x0800033f   Thumb Code     0  startup_stm32f411xe.o(.text)
    I2C3_ER_IRQHandler                       0x0800033f   Thumb Code     0  startup_stm32f411xe.o(.text)
    I2C3_EV_IRQHandler                       0x0800033f   Thumb Code     0  startup_stm32f411xe.o(.text)
    OTG_FS_IRQHandler                        0x0800033f   Thumb Code     0  startup_stm32f411xe.o(.text)
    OTG_FS_WKUP_IRQHandler                   0x0800033f   Thumb Code     0  startup_stm32f411xe.o(.text)
    PVD_IRQHandler                           0x0800033f   Thumb Code     0  startup_stm32f411xe.o(.text)
    RCC_IRQHandler                           0x0800033f   Thumb Code     0  startup_stm32f411xe.o(.text)
    RTC_Alarm_IRQHandler                     0x0800033f   Thumb Code     0  startup_stm32f411xe.o(.text)
    RTC_WKUP_IRQHandler                      0x0800033f   Thumb Code     0  startup_stm32f411xe.o(.text)
    SDIO_IRQHandler                          0x0800033f   Thumb Code     0  startup_stm32f411xe.o(.text)
    SPI1_IRQHandler                          0x0800033f   Thumb Code     0  startup_stm32f411xe.o(.text)
    SPI2_IRQHandler                          0x0800033f   Thumb Code     0  startup_stm32f411xe.o(.text)
    SPI3_IRQHandler                          0x0800033f   Thumb Code     0  startup_stm32f411xe.o(.text)
    SPI4_IRQHandler                          0x0800033f   Thumb Code     0  startup_stm32f411xe.o(.text)
    SPI5_IRQHandler                          0x0800033f   Thumb Code     0  startup_stm32f411xe.o(.text)
    TAMP_STAMP_IRQHandler                    0x0800033f   Thumb Code     0  startup_stm32f411xe.o(.text)
    TIM1_BRK_TIM9_IRQHandler                 0x0800033f   Thumb Code     0  startup_stm32f411xe.o(.text)
    TIM1_CC_IRQHandler                       0x0800033f   Thumb Code     0  startup_stm32f411xe.o(.text)
    TIM1_TRG_COM_TIM11_IRQHandler            0x0800033f   Thumb Code     0  startup_stm32f411xe.o(.text)
    TIM1_UP_TIM10_IRQHandler                 0x0800033f   Thumb Code     0  startup_stm32f411xe.o(.text)
    TIM3_IRQHandler                          0x0800033f   Thumb Code     0  startup_stm32f411xe.o(.text)
    TIM4_IRQHandler                          0x0800033f   Thumb Code     0  startup_stm32f411xe.o(.text)
    TIM5_IRQHandler                          0x0800033f   Thumb Code     0  startup_stm32f411xe.o(.text)
    USART1_IRQHandler                        0x0800033f   Thumb Code     0  startup_stm32f411xe.o(.text)
    USART6_IRQHandler                        0x0800033f   Thumb Code     0  startup_stm32f411xe.o(.text)
    WWDG_IRQHandler                          0x0800033f   Thumb Code     0  startup_stm32f411xe.o(.text)
    __user_initial_stackheap                 0x08000341   Thumb Code     0  startup_stm32f411xe.o(.text)
    malloc                                   0x08000365   Thumb Code    94  h1_alloc.o(.text)
    sprintf                                  0x080003c5   Thumb Code    38  sprintf.o(.text)
    strcat                                   0x080003f1   Thumb Code    24  strcat.o(.text)
    strcmp                                   0x08000409   Thumb Code   124  strcmpv7em.o(.text)
    __use_two_region_memory                  0x08000485   Thumb Code     2  heapauxi.o(.text)
    __rt_heap_escrow                         0x08000487   Thumb Code     2  heapauxi.o(.text)
    __rt_heap_expand                         0x08000489   Thumb Code     2  heapauxi.o(.text)
    __rt_heap_descriptor                     0x0800048d   Thumb Code     8  rt_heap_descriptor_intlibspace.o(.text)
    __use_no_heap                            0x08000495   Thumb Code     2  hguard.o(.text)
    __heap$guard                             0x08000497   Thumb Code     2  hguard.o(.text)
    _terminate_user_alloc                    0x08000499   Thumb Code     2  init_alloc.o(.text)
    _init_user_alloc                         0x0800049b   Thumb Code     2  init_alloc.o(.text)
    __Heap_Full                              0x0800049d   Thumb Code    34  init_alloc.o(.text)
    __Heap_Broken                            0x080004bf   Thumb Code     6  init_alloc.o(.text)
    _init_alloc                              0x080004c5   Thumb Code    94  init_alloc.o(.text)
    __Heap_Initialize                        0x08000523   Thumb Code     8  h1_init.o(.text)
    __Heap_DescSize                          0x0800052b   Thumb Code     4  h1_init.o(.text)
    free                                     0x0800052f   Thumb Code    78  h1_free.o(.text)
    _printf_pre_padding                      0x0800057d   Thumb Code    44  _printf_pad.o(.text)
    _printf_post_padding                     0x080005a9   Thumb Code    34  _printf_pad.o(.text)
    _printf_truncate_signed                  0x080005cb   Thumb Code    18  _printf_truncate.o(.text)
    _printf_truncate_unsigned                0x080005dd   Thumb Code    18  _printf_truncate.o(.text)
    _printf_str                              0x080005ef   Thumb Code    82  _printf_str.o(.text)
    _printf_int_dec                          0x08000641   Thumb Code   104  _printf_dec.o(.text)
    _printf_charcount                        0x080006b9   Thumb Code    40  _printf_charcount.o(.text)
    _printf_char_common                      0x080006eb   Thumb Code    32  _printf_char_common.o(.text)
    _sputc                                   0x08000711   Thumb Code    10  _sputc.o(.text)
    _printf_wctomb                           0x0800071d   Thumb Code   182  _printf_wctomb.o(.text)
    _printf_longlong_dec                     0x080007d9   Thumb Code   108  _printf_longlong_dec.o(.text)
    _printf_longlong_oct                     0x08000855   Thumb Code    68  _printf_oct_int_ll.o(.text)
    _printf_int_oct                          0x08000899   Thumb Code    24  _printf_oct_int_ll.o(.text)
    _printf_ll_oct                           0x080008b1   Thumb Code    12  _printf_oct_int_ll.o(.text)
    _printf_longlong_hex                     0x080008c5   Thumb Code    86  _printf_hex_int_ll_ptr.o(.text)
    _printf_int_hex                          0x0800091b   Thumb Code    28  _printf_hex_int_ll_ptr.o(.text)
    _printf_ll_hex                           0x08000937   Thumb Code    12  _printf_hex_int_ll_ptr.o(.text)
    _printf_hex_ptr                          0x08000943   Thumb Code    18  _printf_hex_int_ll_ptr.o(.text)
    __printf                                 0x08000959   Thumb Code   388  __printf_flags_ss_wp.o(.text)
    _sys_exit                                0x08000ae1   Thumb Code     8  sys_exit.o(.text)
    __user_libspace                          0x08000aed   Thumb Code     8  libspace.o(.text)
    __user_perproc_libspace                  0x08000aed   Thumb Code     0  libspace.o(.text)
    __user_perthread_libspace                0x08000aed   Thumb Code     0  libspace.o(.text)
    __Heap_ProvideMemory                     0x08000af5   Thumb Code    52  h1_extend.o(.text)
    _maybe_terminate_alloc                   0x08000af5   Thumb Code     0  maybetermalloc1.o(.text)
    _ll_udiv10                               0x08000b29   Thumb Code   138  lludiv10.o(.text)
    _printf_int_common                       0x08000bb3   Thumb Code   178  _printf_intcommon.o(.text)
    _printf_fp_dec_real                      0x08000e15   Thumb Code   620  _printf_fp_dec.o(.text)
    _printf_fp_hex_real                      0x08001081   Thumb Code   756  _printf_fp_hex.o(.text)
    _printf_cs_common                        0x0800137d   Thumb Code    20  _printf_char.o(.text)
    _printf_char                             0x08001391   Thumb Code    16  _printf_char.o(.text)
    _printf_string                           0x080013a1   Thumb Code     8  _printf_char.o(.text)
    _printf_lcs_common                       0x080013a9   Thumb Code    20  _printf_wchar.o(.text)
    _printf_wchar                            0x080013bd   Thumb Code    16  _printf_wchar.o(.text)
    _printf_wstring                          0x080013cd   Thumb Code     8  _printf_wchar.o(.text)
    _c16rtomb                                0x080013d5   Thumb Code    72  _c16rtomb.o(.text)
    _wcrtomb                                 0x080013d5   Thumb Code     0  _c16rtomb.o(.text)
    __rt_SIGRTMEM                            0x0800141d   Thumb Code    14  defsig_rtmem_outer.o(.text)
    __I$use$semihosting                      0x0800142b   Thumb Code     0  use_no_semi.o(.text)
    __use_no_semihosting_swi                 0x0800142b   Thumb Code     2  use_no_semi.o(.text)
    __semihosting_library_function           0x0800142d   Thumb Code     0  indicate_semi.o(.text)
    __user_setup_stackheap                   0x0800142d   Thumb Code    74  sys_stackheap_outer.o(.text)
    __rt_ctype_table                         0x08001479   Thumb Code    16  rt_ctype_table.o(.text)
    __rt_locale                              0x08001489   Thumb Code     8  rt_locale_intlibspace.o(.text)
    _printf_fp_infnan                        0x08001491   Thumb Code   112  _printf_fp_infnan.o(.text)
    _btod_etento                             0x08001511   Thumb Code   224  bigflt0.o(.text)
    exit                                     0x080015f5   Thumb Code    18  exit.o(.text)
    __sig_exit                               0x08001607   Thumb Code    10  defsig_exit.o(.text)
    __rt_SIGRTMEM_inner                      0x08001611   Thumb Code    22  defsig_rtmem_inner.o(.text)
    __default_signal_display                 0x08001661   Thumb Code    50  defsig_general.o(.text)
    _ttywrch                                 0x08001693   Thumb Code    14  sys_wrch.o(.text)
    DHT11_read_data                          0x080016a1   Thumb Code   692  main.o(.text.DHT11_read_data)
    EXTI0_IRQHandler                         0x08001959   Thumb Code   132  gpio.o(.text.EXTI0_IRQHandler)
    EXTI15_10_IRQHandler                     0x080019dd   Thumb Code   108  gpio.o(.text.EXTI15_10_IRQHandler)
    EXTI1_IRQHandler                         0x08001a49   Thumb Code   132  gpio.o(.text.EXTI1_IRQHandler)
    EXTI2_IRQHandler                         0x08001acd   Thumb Code   132  gpio.o(.text.EXTI2_IRQHandler)
    EXTI3_IRQHandler                         0x08001b51   Thumb Code   132  gpio.o(.text.EXTI3_IRQHandler)
    EXTI4_IRQHandler                         0x08001bd5   Thumb Code   132  gpio.o(.text.EXTI4_IRQHandler)
    EXTI9_5_IRQHandler                       0x08001c59   Thumb Code   132  gpio.o(.text.EXTI9_5_IRQHandler)
    GPIO_Init                                0x08001cdd   Thumb Code   246  stm32f4xx_gpio.o(.text.GPIO_Init)
    GPIO_PinAFConfig                         0x08001dd5   Thumb Code   114  stm32f4xx_gpio.o(.text.GPIO_PinAFConfig)
    RCC_AHB1PeriphClockCmd                   0x08001e49   Thumb Code    56  stm32f4xx_rcc.o(.text.RCC_AHB1PeriphClockCmd)
    RCC_APB1PeriphClockCmd                   0x08001e81   Thumb Code    56  stm32f4xx_rcc.o(.text.RCC_APB1PeriphClockCmd)
    RCC_GetClocksFreq                        0x08001eb9   Thumb Code   354  stm32f4xx_rcc.o(.text.RCC_GetClocksFreq)
    SysTick_Handler                          0x0800201d   Thumb Code    16  timer.o(.text.SysTick_Handler)
    SystemInit                               0x0800202d   Thumb Code    18  system_stm32f4xx.o(.text.SystemInit)
    TIM2_IRQHandler                          0x08002041   Thumb Code    44  main.o(.text.TIM2_IRQHandler)
    USART2_IRQHandler                        0x0800206d   Thumb Code    54  uart.o(.text.USART2_IRQHandler)
    USART_Cmd                                0x080020a5   Thumb Code    46  stm32f4xx_usart.o(.text.USART_Cmd)
    USART_GetFlagStatus                      0x080020d5   Thumb Code    66  stm32f4xx_usart.o(.text.USART_GetFlagStatus)
    USART_Init                               0x08002119   Thumb Code   362  stm32f4xx_usart.o(.text.USART_Init)
    USART_ReceiveData                        0x08002285   Thumb Code    16  stm32f4xx_usart.o(.text.USART_ReceiveData)
    USART_SendData                           0x08002295   Thumb Code    24  stm32f4xx_usart.o(.text.USART_SendData)
    check_password                           0x080023f5   Thumb Code    32  main.o(.text.check_password)
    delay_ms                                 0x08002415   Thumb Code   118  delay.o(.text.delay_ms)
    delay_us                                 0x0800248d   Thumb Code   122  delay.o(.text.delay_us)
    go_up                                    0x08002509   Thumb Code    60  main.o(.text.go_up)
    gpio_get                                 0x08002545   Thumb Code    42  gpio.o(.text.gpio_get)
    gpio_set                                 0x08002571   Thumb Code    54  gpio.o(.text.gpio_set)
    gpio_set_mode                            0x080025a9   Thumb Code   322  gpio.o(.text.gpio_set_mode)
    main                                     0x080026ed   Thumb Code   954  main.o(.text.main)
    observer                                 0x08002aa9   Thumb Code    90  main.o(.text.observer)
    queue_dequeue                            0x08002b05   Thumb Code    68  queue.o(.text.queue_dequeue)
    queue_enqueue                            0x08002b49   Thumb Code    78  queue.o(.text.queue_enqueue)
    queue_init                               0x08002b99   Thumb Code    48  queue.o(.text.queue_init)
    queue_is_empty                           0x08002bc9   Thumb Code    22  queue.o(.text.queue_is_empty)
    queue_is_full                            0x08002be1   Thumb Code    34  queue.o(.text.queue_is_full)
    uart_enable                              0x08002c05   Thumb Code    18  uart.o(.text.uart_enable)
    uart_init                                0x08002c19   Thumb Code   138  uart.o(.text.uart_init)
    uart_menu                                0x08002ca5   Thumb Code   282  main.o(.text.uart_menu)
    uart_print                               0x08002dc1   Thumb Code    34  uart.o(.text.uart_print)
    uart_rx                                  0x08002de5   Thumb Code    50  uart.o(.text.uart_rx)
    uart_rx_isr                              0x08002e19   Thumb Code    50  main.o(.text.uart_rx_isr)
    uart_set_rx_callback                     0x08002e4d   Thumb Code    62  uart.o(.text.uart_set_rx_callback)
    uart_tx                                  0x08002e8d   Thumb Code    50  uart.o(.text.uart_tx)
    update_timer_frequency                   0x08002ec1   Thumb Code    68  main.o(.text.update_timer_frequency)
    _btod_d2e                                0x08002f05   Thumb Code    62  btod.o(CL$$btod_d2e)
    _d2e_denorm_low                          0x08002f43   Thumb Code    70  btod.o(CL$$btod_d2e_denorm_low)
    _d2e_norm_op1                            0x08002f89   Thumb Code    96  btod.o(CL$$btod_d2e_norm_op1)
    __btod_div_common                        0x08002fe9   Thumb Code   696  btod.o(CL$$btod_div_common)
    _e2e                                     0x08003321   Thumb Code   220  btod.o(CL$$btod_e2e)
    _btod_ediv                               0x080033fd   Thumb Code    42  btod.o(CL$$btod_ediv)
    _btod_emul                               0x08003427   Thumb Code    42  btod.o(CL$$btod_emul)
    __btod_mult_common                       0x08003451   Thumb Code   580  btod.o(CL$$btod_mult_common)
    __ARM_fpclassify                         0x08003695   Thumb Code    48  fpclassify.o(i.__ARM_fpclassify)
    _is_digit                                0x080036c5   Thumb Code    14  __printf_wp.o(i._is_digit)
    _get_lc_numeric                          0x080036d5   Thumb Code    44  lc_numeric_c.o(locale$$code)
    _get_lc_ctype                            0x08003701   Thumb Code    44  lc_ctype_c.o(locale$$code)
    __fpl_dretinf                            0x0800372d   Thumb Code    12  dretinf.o(x$fpl$dretinf)
    __aeabi_f2d                              0x08003739   Thumb Code     0  f2d.o(x$fpl$f2d)
    _f2d                                     0x08003739   Thumb Code    86  f2d.o(x$fpl$f2d)
    __fpl_fnaninf                            0x0800378f   Thumb Code   140  fnaninf.o(x$fpl$fnaninf)
    _fp_init                                 0x0800381b   Thumb Code    26  fpinit.o(x$fpl$fpinit)
    __fplib_config_fpu_vfp                   0x08003833   Thumb Code     0  fpinit.o(x$fpl$fpinit)
    __fplib_config_pureend_doubles           0x08003833   Thumb Code     0  fpinit.o(x$fpl$fpinit)
    _printf_fp_dec                           0x08003835   Thumb Code     4  printf1.o(x$fpl$printf1)
    _printf_fp_hex                           0x08003839   Thumb Code     4  printf2.o(x$fpl$printf2)
    __I$use$fp                               0x0800383c   Number         0  usenofp.o(x$fpl$usenofp)
    Region$$Table$$Base                      0x08003cb8   Number         0  anon$$obj.o(Region$$Table)
    Region$$Table$$Limit                     0x08003cd8   Number         0  anon$$obj.o(Region$$Table)
    __ctype                                  0x08003d01   Data           0  lc_ctype_c.o(locale$$data)
    SystemCoreClock                          0x20000000   Data           4  system_stm32f4xx.o(.data.SystemCoreClock)
    highlight_back                           0x20000004   Data           4  main.o(.data.highlight_back)
    highlight_front                          0x20000008   Data           4  main.o(.data.highlight_front)
    menu                                     0x2000000c   Data           4  main.o(.data.menu)
    password                                 0x20000010   Data           4  main.o(.data.password)
    reading_period                           0x20000014   Data           1  main.o(.data.reading_period)
    test                                     0x20000018   Data          16  main.o(.data.test)
    __libspace_start                         0x20000028   Data          96  libspace.o(.bss)
    __temporary_stack_top$libspace           0x20000088   Data           0  libspace.o(.bss)
    IRQ_pin_index                            0x2000008c   Data           4  gpio.o(.bss.IRQ_pin_index)
    IRQ_port_num                             0x20000090   Data           4  gpio.o(.bss.IRQ_port_num)
    IRQ_status                               0x20000094   Data           4  gpio.o(.bss.IRQ_status)
    buff                                     0x2000009c   Data         128  main.o(.bss.buff)
    buff_index                               0x2000011c   Data           4  main.o(.bss.buff_index)
    display_cases                            0x20000120   Data           1  main.o(.bss.display_cases)
    display_message                          0x20000121   Data        1000  main.o(.bss.display_message)
    rx_queue                                 0x2000050c   Data          16  main.o(.bss.rx_queue)



==============================================================================

Memory Map of the image

  Image Entry point : 0x08000325

  Load Region LR_1 (Base: 0x08000000, Size: 0x00003e2c, Max: 0xffffffff, ABSOLUTE)

    Execution Region ER_RO (Exec base: 0x08000000, Load base: 0x08000000, Size: 0x00003e04, Max: 0xffffffff, ABSOLUTE)

    Exec Addr    Load Addr    Size         Type   Attr      Idx    E Section Name        Object

    0x08000000   0x08000000   0x00000198   Data   RO          711    RESET               startup_stm32f411xe.o
    0x08000198   0x08000198   0x00000008   Code   RO          802  * !!!main             c_w.l(__main.o)
    0x080001a0   0x080001a0   0x0000005c   Code   RO         1335    !!!scatter          c_w.l(__scatter.o)
    0x080001fc   0x080001fc   0x0000001a   Code   RO         1339    !!handler_copy      c_w.l(__scatter_copy.o)
    0x08000216   0x08000216   0x00000002   PAD
    0x08000218   0x08000218   0x00000002   Code   RO         1336    !!handler_null      c_w.l(__scatter.o)
    0x0800021a   0x0800021a   0x00000002   PAD
    0x0800021c   0x0800021c   0x0000001c   Code   RO         1341    !!handler_zi        c_w.l(__scatter_zi.o)
    0x08000238   0x08000238   0x00000000   Code   RO          973    .ARM.Collect$$_printf_percent$$00000000  c_w.l(_printf_percent.o)
    0x08000238   0x08000238   0x00000006   Code   RO          962    .ARM.Collect$$_printf_percent$$00000001  c_w.l(_printf_n.o)
    0x0800023e   0x0800023e   0x00000006   Code   RO          964    .ARM.Collect$$_printf_percent$$00000002  c_w.l(_printf_p.o)
    0x08000244   0x08000244   0x00000006   Code   RO          969    .ARM.Collect$$_printf_percent$$00000003  c_w.l(_printf_f.o)
    0x0800024a   0x0800024a   0x00000006   Code   RO          970    .ARM.Collect$$_printf_percent$$00000004  c_w.l(_printf_e.o)
    0x08000250   0x08000250   0x00000006   Code   RO          971    .ARM.Collect$$_printf_percent$$00000005  c_w.l(_printf_g.o)
    0x08000256   0x08000256   0x00000006   Code   RO          972    .ARM.Collect$$_printf_percent$$00000006  c_w.l(_printf_a.o)
    0x0800025c   0x0800025c   0x0000000a   Code   RO          977    .ARM.Collect$$_printf_percent$$00000007  c_w.l(_printf_ll.o)
    0x08000266   0x08000266   0x00000006   Code   RO          966    .ARM.Collect$$_printf_percent$$00000008  c_w.l(_printf_i.o)
    0x0800026c   0x0800026c   0x00000006   Code   RO          967    .ARM.Collect$$_printf_percent$$00000009  c_w.l(_printf_d.o)
    0x08000272   0x08000272   0x00000006   Code   RO          968    .ARM.Collect$$_printf_percent$$0000000A  c_w.l(_printf_u.o)
    0x08000278   0x08000278   0x00000006   Code   RO          965    .ARM.Collect$$_printf_percent$$0000000B  c_w.l(_printf_o.o)
    0x0800027e   0x0800027e   0x00000006   Code   RO          963    .ARM.Collect$$_printf_percent$$0000000C  c_w.l(_printf_x.o)
    0x08000284   0x08000284   0x00000006   Code   RO          974    .ARM.Collect$$_printf_percent$$0000000D  c_w.l(_printf_lli.o)
    0x0800028a   0x0800028a   0x00000006   Code   RO          975    .ARM.Collect$$_printf_percent$$0000000E  c_w.l(_printf_lld.o)
    0x08000290   0x08000290   0x00000006   Code   RO          976    .ARM.Collect$$_printf_percent$$0000000F  c_w.l(_printf_llu.o)
    0x08000296   0x08000296   0x00000006   Code   RO          981    .ARM.Collect$$_printf_percent$$00000010  c_w.l(_printf_llo.o)
    0x0800029c   0x0800029c   0x00000006   Code   RO          982    .ARM.Collect$$_printf_percent$$00000011  c_w.l(_printf_llx.o)
    0x080002a2   0x080002a2   0x0000000a   Code   RO          978    .ARM.Collect$$_printf_percent$$00000012  c_w.l(_printf_l.o)
    0x080002ac   0x080002ac   0x00000006   Code   RO          960    .ARM.Collect$$_printf_percent$$00000013  c_w.l(_printf_c.o)
    0x080002b2   0x080002b2   0x00000006   Code   RO          961    .ARM.Collect$$_printf_percent$$00000014  c_w.l(_printf_s.o)
    0x080002b8   0x080002b8   0x00000006   Code   RO          979    .ARM.Collect$$_printf_percent$$00000015  c_w.l(_printf_lc.o)
    0x080002be   0x080002be   0x00000006   Code   RO          980    .ARM.Collect$$_printf_percent$$00000016  c_w.l(_printf_ls.o)
    0x080002c4   0x080002c4   0x00000004   Code   RO         1179    .ARM.Collect$$_printf_percent$$00000017  c_w.l(_printf_percent_end.o)
    0x080002c8   0x080002c8   0x00000002   Code   RO         1265    .ARM.Collect$$libinit$$00000000  c_w.l(libinit.o)
    0x080002ca   0x080002ca   0x00000004   Code   RO          991    .ARM.Collect$$libinit$$00000001  c_w.l(libinit2.o)
    0x080002ce   0x080002ce   0x00000000   Code   RO          994    .ARM.Collect$$libinit$$00000004  c_w.l(libinit2.o)
    0x080002ce   0x080002ce   0x00000000   Code   RO          996    .ARM.Collect$$libinit$$00000006  c_w.l(libinit2.o)
    0x080002ce   0x080002ce   0x00000008   Code   RO          997    .ARM.Collect$$libinit$$00000007  c_w.l(libinit2.o)
    0x080002d6   0x080002d6   0x00000000   Code   RO          999    .ARM.Collect$$libinit$$0000000C  c_w.l(libinit2.o)
    0x080002d6   0x080002d6   0x00000000   Code   RO         1001    .ARM.Collect$$libinit$$0000000E  c_w.l(libinit2.o)
    0x080002d6   0x080002d6   0x00000000   Code   RO         1003    .ARM.Collect$$libinit$$00000010  c_w.l(libinit2.o)
    0x080002d6   0x080002d6   0x00000006   Code   RO         1004    .ARM.Collect$$libinit$$00000011  c_w.l(libinit2.o)
    0x080002dc   0x080002dc   0x00000000   Code   RO         1006    .ARM.Collect$$libinit$$00000013  c_w.l(libinit2.o)
    0x080002dc   0x080002dc   0x0000000c   Code   RO         1007    .ARM.Collect$$libinit$$00000014  c_w.l(libinit2.o)
    0x080002e8   0x080002e8   0x00000000   Code   RO         1008    .ARM.Collect$$libinit$$00000015  c_w.l(libinit2.o)
    0x080002e8   0x080002e8   0x00000000   Code   RO         1010    .ARM.Collect$$libinit$$00000017  c_w.l(libinit2.o)
    0x080002e8   0x080002e8   0x0000000a   Code   RO         1011    .ARM.Collect$$libinit$$00000018  c_w.l(libinit2.o)
    0x080002f2   0x080002f2   0x00000000   Code   RO         1012    .ARM.Collect$$libinit$$00000019  c_w.l(libinit2.o)
    0x080002f2   0x080002f2   0x00000000   Code   RO         1014    .ARM.Collect$$libinit$$0000001B  c_w.l(libinit2.o)
    0x080002f2   0x080002f2   0x00000000   Code   RO         1016    .ARM.Collect$$libinit$$0000001D  c_w.l(libinit2.o)
    0x080002f2   0x080002f2   0x00000000   Code   RO         1018    .ARM.Collect$$libinit$$0000001F  c_w.l(libinit2.o)
    0x080002f2   0x080002f2   0x00000000   Code   RO         1020    .ARM.Collect$$libinit$$00000021  c_w.l(libinit2.o)
    0x080002f2   0x080002f2   0x00000000   Code   RO         1022    .ARM.Collect$$libinit$$00000023  c_w.l(libinit2.o)
    0x080002f2   0x080002f2   0x00000000   Code   RO         1024    .ARM.Collect$$libinit$$00000025  c_w.l(libinit2.o)
    0x080002f2   0x080002f2   0x00000000   Code   RO         1026    .ARM.Collect$$libinit$$00000027  c_w.l(libinit2.o)
    0x080002f2   0x080002f2   0x00000000   Code   RO         1030    .ARM.Collect$$libinit$$0000002E  c_w.l(libinit2.o)
    0x080002f2   0x080002f2   0x00000000   Code   RO         1032    .ARM.Collect$$libinit$$00000030  c_w.l(libinit2.o)
    0x080002f2   0x080002f2   0x00000000   Code   RO         1034    .ARM.Collect$$libinit$$00000032  c_w.l(libinit2.o)
    0x080002f2   0x080002f2   0x00000000   Code   RO         1036    .ARM.Collect$$libinit$$00000034  c_w.l(libinit2.o)
    0x080002f2   0x080002f2   0x00000002   Code   RO         1037    .ARM.Collect$$libinit$$00000035  c_w.l(libinit2.o)
    0x080002f4   0x080002f4   0x00000002   Code   RO         1332    .ARM.Collect$$libshutdown$$00000000  c_w.l(libshutdown.o)
    0x080002f6   0x080002f6   0x00000000   Code   RO         1286    .ARM.Collect$$libshutdown$$00000002  c_w.l(libshutdown2.o)
    0x080002f6   0x080002f6   0x00000000   Code   RO         1288    .ARM.Collect$$libshutdown$$00000004  c_w.l(libshutdown2.o)
    0x080002f6   0x080002f6   0x00000000   Code   RO         1291    .ARM.Collect$$libshutdown$$00000007  c_w.l(libshutdown2.o)
    0x080002f6   0x080002f6   0x00000000   Code   RO         1294    .ARM.Collect$$libshutdown$$0000000A  c_w.l(libshutdown2.o)
    0x080002f6   0x080002f6   0x00000000   Code   RO         1296    .ARM.Collect$$libshutdown$$0000000C  c_w.l(libshutdown2.o)
    0x080002f6   0x080002f6   0x00000000   Code   RO         1299    .ARM.Collect$$libshutdown$$0000000F  c_w.l(libshutdown2.o)
    0x080002f6   0x080002f6   0x00000002   Code   RO         1300    .ARM.Collect$$libshutdown$$00000010  c_w.l(libshutdown2.o)
    0x080002f8   0x080002f8   0x00000000   Code   RO          862    .ARM.Collect$$rtentry$$00000000  c_w.l(__rtentry.o)
    0x080002f8   0x080002f8   0x00000000   Code   RO         1140    .ARM.Collect$$rtentry$$00000002  c_w.l(__rtentry2.o)
    0x080002f8   0x080002f8   0x00000006   Code   RO         1152    .ARM.Collect$$rtentry$$00000004  c_w.l(__rtentry4.o)
    0x080002fe   0x080002fe   0x00000000   Code   RO         1142    .ARM.Collect$$rtentry$$00000009  c_w.l(__rtentry2.o)
    0x080002fe   0x080002fe   0x00000004   Code   RO         1143    .ARM.Collect$$rtentry$$0000000A  c_w.l(__rtentry2.o)
    0x08000302   0x08000302   0x00000000   Code   RO         1145    .ARM.Collect$$rtentry$$0000000C  c_w.l(__rtentry2.o)
    0x08000302   0x08000302   0x00000008   Code   RO         1146    .ARM.Collect$$rtentry$$0000000D  c_w.l(__rtentry2.o)
    0x0800030a   0x0800030a   0x00000002   Code   RO         1270    .ARM.Collect$$rtexit$$00000000  c_w.l(rtexit.o)
    0x0800030c   0x0800030c   0x00000000   Code   RO         1306    .ARM.Collect$$rtexit$$00000002  c_w.l(rtexit2.o)
    0x0800030c   0x0800030c   0x00000004   Code   RO         1307    .ARM.Collect$$rtexit$$00000003  c_w.l(rtexit2.o)
    0x08000310   0x08000310   0x00000006   Code   RO         1308    .ARM.Collect$$rtexit$$00000004  c_w.l(rtexit2.o)
    0x08000316   0x08000316   0x00000002   PAD
    0x08000318   0x08000318   0x0000000c   Code   RO          636    .text               delay_as.o
    0x08000324   0x08000324   0x00000040   Code   RO          712  * .text               startup_stm32f411xe.o
    0x08000364   0x08000364   0x0000005e   Code   RO          736    .text               c_w.l(h1_alloc.o)
    0x080003c2   0x080003c2   0x00000002   PAD
    0x080003c4   0x080003c4   0x0000002c   Code   RO          790    .text               c_w.l(sprintf.o)
    0x080003f0   0x080003f0   0x00000018   Code   RO          792    .text               c_w.l(strcat.o)
    0x08000408   0x08000408   0x0000007c   Code   RO          798    .text               c_w.l(strcmpv7em.o)
    0x08000484   0x08000484   0x00000006   Code   RO          800    .text               c_w.l(heapauxi.o)
    0x0800048a   0x0800048a   0x00000002   PAD
    0x0800048c   0x0800048c   0x00000008   Code   RO          866    .text               c_w.l(rt_heap_descriptor_intlibspace.o)
    0x08000494   0x08000494   0x00000004   Code   RO          868    .text               c_w.l(hguard.o)
    0x08000498   0x08000498   0x0000008a   Code   RO          870    .text               c_w.l(init_alloc.o)
    0x08000522   0x08000522   0x0000000c   Code   RO          876    .text               c_w.l(h1_init.o)
    0x0800052e   0x0800052e   0x0000004e   Code   RO          878    .text               c_w.l(h1_free.o)
    0x0800057c   0x0800057c   0x0000004e   Code   RO          894    .text               c_w.l(_printf_pad.o)
    0x080005ca   0x080005ca   0x00000024   Code   RO          896    .text               c_w.l(_printf_truncate.o)
    0x080005ee   0x080005ee   0x00000052   Code   RO          898    .text               c_w.l(_printf_str.o)
    0x08000640   0x08000640   0x00000078   Code   RO          900    .text               c_w.l(_printf_dec.o)
    0x080006b8   0x080006b8   0x00000028   Code   RO          902    .text               c_w.l(_printf_charcount.o)
    0x080006e0   0x080006e0   0x00000030   Code   RO          904    .text               c_w.l(_printf_char_common.o)
    0x08000710   0x08000710   0x0000000a   Code   RO          906    .text               c_w.l(_sputc.o)
    0x0800071a   0x0800071a   0x00000002   PAD
    0x0800071c   0x0800071c   0x000000bc   Code   RO          908    .text               c_w.l(_printf_wctomb.o)
    0x080007d8   0x080007d8   0x0000007c   Code   RO          911    .text               c_w.l(_printf_longlong_dec.o)
    0x08000854   0x08000854   0x00000070   Code   RO          917    .text               c_w.l(_printf_oct_int_ll.o)
    0x080008c4   0x080008c4   0x00000094   Code   RO          937    .text               c_w.l(_printf_hex_int_ll_ptr.o)
    0x08000958   0x08000958   0x00000188   Code   RO          957    .text               c_w.l(__printf_flags_ss_wp.o)
    0x08000ae0   0x08000ae0   0x0000000c   Code   RO         1130    .text               c_w.l(sys_exit.o)
    0x08000aec   0x08000aec   0x00000008   Code   RO         1136    .text               c_w.l(libspace.o)
    0x08000af4   0x08000af4   0x00000000   Code   RO         1156    .text               c_w.l(maybetermalloc1.o)
    0x08000af4   0x08000af4   0x00000034   Code   RO         1158    .text               c_w.l(h1_extend.o)
    0x08000b28   0x08000b28   0x0000008a   Code   RO         1162    .text               c_w.l(lludiv10.o)
    0x08000bb2   0x08000bb2   0x000000b2   Code   RO         1164    .text               c_w.l(_printf_intcommon.o)
    0x08000c64   0x08000c64   0x0000041c   Code   RO         1166    .text               c_w.l(_printf_fp_dec.o)
    0x08001080   0x08001080   0x000002fc   Code   RO         1170    .text               c_w.l(_printf_fp_hex.o)
    0x0800137c   0x0800137c   0x0000002c   Code   RO         1175    .text               c_w.l(_printf_char.o)
    0x080013a8   0x080013a8   0x0000002c   Code   RO         1177    .text               c_w.l(_printf_wchar.o)
    0x080013d4   0x080013d4   0x00000048   Code   RO         1180    .text               c_w.l(_c16rtomb.o)
    0x0800141c   0x0800141c   0x0000000e   Code   RO         1186    .text               c_w.l(defsig_rtmem_outer.o)
    0x0800142a   0x0800142a   0x00000002   Code   RO         1200    .text               c_w.l(use_no_semi.o)
    0x0800142c   0x0800142c   0x00000000   Code   RO         1202    .text               c_w.l(indicate_semi.o)
    0x0800142c   0x0800142c   0x0000004a   Code   RO         1203    .text               c_w.l(sys_stackheap_outer.o)
    0x08001476   0x08001476   0x00000002   PAD
    0x08001478   0x08001478   0x00000010   Code   RO         1205    .text               c_w.l(rt_ctype_table.o)
    0x08001488   0x08001488   0x00000008   Code   RO         1212    .text               c_w.l(rt_locale_intlibspace.o)
    0x08001490   0x08001490   0x00000080   Code   RO         1216    .text               c_w.l(_printf_fp_infnan.o)
    0x08001510   0x08001510   0x000000e4   Code   RO         1218    .text               c_w.l(bigflt0.o)
    0x080015f4   0x080015f4   0x00000012   Code   RO         1248    .text               c_w.l(exit.o)
    0x08001606   0x08001606   0x0000000a   Code   RO         1250    .text               c_w.l(defsig_exit.o)
    0x08001610   0x08001610   0x00000050   Code   RO         1254    .text               c_w.l(defsig_rtmem_inner.o)
    0x08001660   0x08001660   0x00000032   Code   RO         1283    .text               c_w.l(defsig_general.o)
    0x08001692   0x08001692   0x0000000e   Code   RO         1301    .text               c_w.l(sys_wrch.o)
    0x080016a0   0x080016a0   0x000002b8   Code   RO           16    .text.DHT11_read_data  main.o
    0x08001958   0x08001958   0x00000084   Code   RO          144    .text.EXTI0_IRQHandler  gpio.o
    0x080019dc   0x080019dc   0x0000006c   Code   RO          158    .text.EXTI15_10_IRQHandler  gpio.o
    0x08001a48   0x08001a48   0x00000084   Code   RO          148    .text.EXTI1_IRQHandler  gpio.o
    0x08001acc   0x08001acc   0x00000084   Code   RO          150    .text.EXTI2_IRQHandler  gpio.o
    0x08001b50   0x08001b50   0x00000084   Code   RO          152    .text.EXTI3_IRQHandler  gpio.o
    0x08001bd4   0x08001bd4   0x00000084   Code   RO          154    .text.EXTI4_IRQHandler  gpio.o
    0x08001c58   0x08001c58   0x00000084   Code   RO          156    .text.EXTI9_5_IRQHandler  gpio.o
    0x08001cdc   0x08001cdc   0x000000f6   Code   RO          400    .text.GPIO_Init     stm32f4xx_gpio.o
    0x08001dd2   0x08001dd2   0x00000002   PAD
    0x08001dd4   0x08001dd4   0x00000072   Code   RO          424    .text.GPIO_PinAFConfig  stm32f4xx_gpio.o
    0x08001e46   0x08001e46   0x00000002   PAD
    0x08001e48   0x08001e48   0x00000038   Code   RO          252    .text.RCC_AHB1PeriphClockCmd  stm32f4xx_rcc.o
    0x08001e80   0x08001e80   0x00000038   Code   RO          258    .text.RCC_APB1PeriphClockCmd  stm32f4xx_rcc.o
    0x08001eb8   0x08001eb8   0x00000162   Code   RO          242    .text.RCC_GetClocksFreq  stm32f4xx_rcc.o
    0x0800201a   0x0800201a   0x00000002   PAD
    0x0800201c   0x0800201c   0x00000010   Code   RO          587    .text.SysTick_Handler  timer.o
    0x0800202c   0x0800202c   0x00000012   Code   RO          719    .text.SystemInit    system_stm32f4xx.o
    0x0800203e   0x0800203e   0x00000002   PAD
    0x08002040   0x08002040   0x0000002c   Code   RO           18    .text.TIM2_IRQHandler  main.o
    0x0800206c   0x0800206c   0x00000036   Code   RO          616    .text.USART2_IRQHandler  uart.o
    0x080020a2   0x080020a2   0x00000002   PAD
    0x080020a4   0x080020a4   0x0000002e   Code   RO          516    .text.USART_Cmd     stm32f4xx_usart.o
    0x080020d2   0x080020d2   0x00000002   PAD
    0x080020d4   0x080020d4   0x00000042   Code   RO          556    .text.USART_GetFlagStatus  stm32f4xx_usart.o
    0x08002116   0x08002116   0x00000002   PAD
    0x08002118   0x08002118   0x0000016a   Code   RO          508    .text.USART_Init    stm32f4xx_usart.o
    0x08002282   0x08002282   0x00000002   PAD
    0x08002284   0x08002284   0x00000010   Code   RO          526    .text.USART_ReceiveData  stm32f4xx_usart.o
    0x08002294   0x08002294   0x00000018   Code   RO          524    .text.USART_SendData  stm32f4xx_usart.o
    0x080022ac   0x080022ac   0x00000030   Code   RO          146    .text.__NVIC_ClearPendingIRQ  gpio.o
    0x080022dc   0x080022dc   0x00000030   Code   RO          610    .text.__NVIC_ClearPendingIRQ  uart.o
    0x0800230c   0x0800230c   0x00000030   Code   RO           26    .text.__NVIC_EnableIRQ  main.o
    0x0800233c   0x0800233c   0x00000030   Code   RO          612    .text.__NVIC_EnableIRQ  uart.o
    0x0800236c   0x0800236c   0x00000042   Code   RO           24    .text.__NVIC_SetPriority  main.o
    0x080023ae   0x080023ae   0x00000002   PAD
    0x080023b0   0x080023b0   0x00000042   Code   RO          608    .text.__NVIC_SetPriority  uart.o
    0x080023f2   0x080023f2   0x00000002   PAD
    0x080023f4   0x080023f4   0x00000020   Code   RO            6    .text.check_password  main.o
    0x08002414   0x08002414   0x00000076   Code   RO          626    .text.delay_ms      delay.o
    0x0800248a   0x0800248a   0x00000002   PAD
    0x0800248c   0x0800248c   0x0000007a   Code   RO          628    .text.delay_us      delay.o
    0x08002506   0x08002506   0x00000002   PAD
    0x08002508   0x08002508   0x0000003c   Code   RO           10    .text.go_up         main.o
    0x08002544   0x08002544   0x0000002a   Code   RO          124    .text.gpio_get      gpio.o
    0x0800256e   0x0800256e   0x00000002   PAD
    0x08002570   0x08002570   0x00000036   Code   RO          122    .text.gpio_set      gpio.o
    0x080025a6   0x080025a6   0x00000002   PAD
    0x080025a8   0x080025a8   0x00000142   Code   RO          130    .text.gpio_set_mode  gpio.o
    0x080026ea   0x080026ea   0x00000002   PAD
    0x080026ec   0x080026ec   0x000003ba   Code   RO           22    .text.main          main.o
    0x08002aa6   0x08002aa6   0x00000002   PAD
    0x08002aa8   0x08002aa8   0x0000005a   Code   RO           14    .text.observer      main.o
    0x08002b02   0x08002b02   0x00000002   PAD
    0x08002b04   0x08002b04   0x00000044   Code   RO          304    .text.queue_dequeue  queue.o
    0x08002b48   0x08002b48   0x0000004e   Code   RO          300    .text.queue_enqueue  queue.o
    0x08002b96   0x08002b96   0x00000002   PAD
    0x08002b98   0x08002b98   0x00000030   Code   RO          298    .text.queue_init    queue.o
    0x08002bc8   0x08002bc8   0x00000016   Code   RO          306    .text.queue_is_empty  queue.o
    0x08002bde   0x08002bde   0x00000002   PAD
    0x08002be0   0x08002be0   0x00000022   Code   RO          302    .text.queue_is_full  queue.o
    0x08002c02   0x08002c02   0x00000002   PAD
    0x08002c04   0x08002c04   0x00000012   Code   RO          600    .text.uart_enable   uart.o
    0x08002c16   0x08002c16   0x00000002   PAD
    0x08002c18   0x08002c18   0x0000008a   Code   RO          598    .text.uart_init     uart.o
    0x08002ca2   0x08002ca2   0x00000002   PAD
    0x08002ca4   0x08002ca4   0x0000011a   Code   RO            4    .text.uart_menu     main.o
    0x08002dbe   0x08002dbe   0x00000002   PAD
    0x08002dc0   0x08002dc0   0x00000022   Code   RO          602    .text.uart_print    uart.o
    0x08002de2   0x08002de2   0x00000002   PAD
    0x08002de4   0x08002de4   0x00000032   Code   RO          614    .text.uart_rx       uart.o
    0x08002e16   0x08002e16   0x00000002   PAD
    0x08002e18   0x08002e18   0x00000032   Code   RO            2    .text.uart_rx_isr   main.o
    0x08002e4a   0x08002e4a   0x00000002   PAD
    0x08002e4c   0x08002e4c   0x0000003e   Code   RO          606    .text.uart_set_rx_callback  uart.o
    0x08002e8a   0x08002e8a   0x00000002   PAD
    0x08002e8c   0x08002e8c   0x00000032   Code   RO          604    .text.uart_tx       uart.o
    0x08002ebe   0x08002ebe   0x00000002   PAD
    0x08002ec0   0x08002ec0   0x00000044   Code   RO           20    .text.update_timer_frequency  main.o
    0x08002f04   0x08002f04   0x0000003e   Code   RO         1221    CL$$btod_d2e        c_w.l(btod.o)
    0x08002f42   0x08002f42   0x00000046   Code   RO         1223    CL$$btod_d2e_denorm_low  c_w.l(btod.o)
    0x08002f88   0x08002f88   0x00000060   Code   RO         1222    CL$$btod_d2e_norm_op1  c_w.l(btod.o)
    0x08002fe8   0x08002fe8   0x00000338   Code   RO         1231    CL$$btod_div_common  c_w.l(btod.o)
    0x08003320   0x08003320   0x000000dc   Code   RO         1228    CL$$btod_e2e        c_w.l(btod.o)
    0x080033fc   0x080033fc   0x0000002a   Code   RO         1225    CL$$btod_ediv       c_w.l(btod.o)
    0x08003426   0x08003426   0x0000002a   Code   RO         1224    CL$$btod_emul       c_w.l(btod.o)
    0x08003450   0x08003450   0x00000244   Code   RO         1230    CL$$btod_mult_common  c_w.l(btod.o)
    0x08003694   0x08003694   0x00000030   Code   RO         1268    i.__ARM_fpclassify  m_wm.l(fpclassify.o)
    0x080036c4   0x080036c4   0x0000000e   Code   RO          950    i._is_digit         c_w.l(__printf_wp.o)
    0x080036d2   0x080036d2   0x00000002   PAD
    0x080036d4   0x080036d4   0x0000002c   Code   RO         1246    locale$$code        c_w.l(lc_numeric_c.o)
    0x08003700   0x08003700   0x0000002c   Code   RO         1279    locale$$code        c_w.l(lc_ctype_c.o)
    0x0800372c   0x0800372c   0x0000000c   Code   RO         1040    x$fpl$dretinf       fz_wm.l(dretinf.o)
    0x08003738   0x08003738   0x00000056   Code   RO          818    x$fpl$f2d           fz_wm.l(f2d.o)
    0x0800378e   0x0800378e   0x0000008c   Code   RO         1042    x$fpl$fnaninf       fz_wm.l(fnaninf.o)
    0x0800381a   0x0800381a   0x0000001a   Code   RO         1197    x$fpl$fpinit        fz_wm.l(fpinit.o)
    0x08003834   0x08003834   0x00000004   Code   RO         1044    x$fpl$printf1       fz_wm.l(printf1.o)
    0x08003838   0x08003838   0x00000004   Code   RO         1046    x$fpl$printf2       fz_wm.l(printf2.o)
    0x0800383c   0x0800383c   0x00000000   Code   RO         1052    x$fpl$usenofp       fz_wm.l(usenofp.o)
    0x0800383c   0x0800383c   0x00000008   Data   RO          909    .constdata          c_w.l(_printf_wctomb.o)
    0x08003844   0x08003844   0x00000028   Data   RO          938    .constdata          c_w.l(_printf_hex_int_ll_ptr.o)
    0x0800386c   0x0800386c   0x00000011   Data   RO          958    .constdata          c_w.l(__printf_flags_ss_wp.o)
    0x0800387d   0x0800387d   0x00000026   Data   RO         1171    .constdata          c_w.l(_printf_fp_hex.o)
    0x080038a3   0x080038a3   0x00000001   PAD
    0x080038a4   0x080038a4   0x00000094   Data   RO         1219    .constdata          c_w.l(bigflt0.o)
    0x08003938   0x08003938   0x00000010   Data   RO          290    .rodata.APBAHBPrescTable  stm32f4xx_rcc.o
    0x08003948   0x08003948   0x0000036e   Data   RO           28    .rodata.str1.1      main.o
    0x08003cb6   0x08003cb6   0x00000002   PAD
    0x08003cb8   0x08003cb8   0x00000020   Data   RO         1334    Region$$Table       anon$$obj.o
    0x08003cd8   0x08003cd8   0x0000001c   Data   RO         1245    locale$$data        c_w.l(lc_numeric_c.o)
    0x08003cf4   0x08003cf4   0x00000110   Data   RO         1278    locale$$data        c_w.l(lc_ctype_c.o)


    Execution Region ER_RW (Exec base: 0x20000000, Load base: 0x08003e04, Size: 0x00000028, Max: 0xffffffff, ABSOLUTE)

    Exec Addr    Load Addr    Size         Type   Attr      Idx    E Section Name        Object

    0x20000000   0x08003e04   0x00000004   Data   RW          723    .data.SystemCoreClock  system_stm32f4xx.o
    0x20000004   0x08003e08   0x00000004   Data   RW           33    .data.highlight_back  main.o
    0x20000008   0x08003e0c   0x00000004   Data   RW           32    .data.highlight_front  main.o
    0x2000000c   0x08003e10   0x00000004   Data   RW           31    .data.menu          main.o
    0x20000010   0x08003e14   0x00000004   Data   RW           30    .data.password      main.o
    0x20000014   0x08003e18   0x00000001   Data   RW           34    .data.reading_period  main.o
    0x20000015   0x08003e19   0x00000003   PAD
    0x20000018   0x08003e1c   0x00000010   Data   RW           29    .data.test          main.o


    Execution Region ER_ZI (Exec base: 0x20000028, Load base: 0x08003e2c, Size: 0x00000af8, Max: 0xffffffff, ABSOLUTE)

    Exec Addr    Load Addr    Size         Type   Attr      Idx    E Section Name        Object

    0x20000028        -       0x00000060   Zero   RW         1137    .bss                c_w.l(libspace.o)
    0x20000088        -       0x00000004   Zero   RW          168    .bss.GPIO_callback  gpio.o
    0x2000008c        -       0x00000004   Zero   RW          166    .bss.IRQ_pin_index  gpio.o
    0x20000090        -       0x00000004   Zero   RW          165    .bss.IRQ_port_num   gpio.o
    0x20000094        -       0x00000004   Zero   RW          164    .bss.IRQ_status     gpio.o
    0x20000098        -       0x00000004   Zero   RW          618    .bss.UART_callback  uart.o
    0x2000009c        -       0x00000080   Zero   RW           39    .bss.buff           main.o
    0x2000011c        -       0x00000004   Zero   RW           38    .bss.buff_index     main.o
    0x20000120        -       0x00000001   Zero   RW           35    .bss.display_cases  main.o
    0x20000121        -       0x000003e8   Zero   RW           37    .bss.display_message  main.o
    0x20000509   0x08003e2c   0x00000003   PAD
    0x2000050c        -       0x00000010   Zero   RW           36    .bss.rx_queue       main.o
    0x2000051c        -       0x00000004   Zero   RW          589    .bss.timer_callback  timer.o
    0x20000520        -       0x00000200   Zero   RW          710    HEAP                startup_stm32f411xe.o
    0x20000720        -       0x00000400   Zero   RW          709    STACK               startup_stm32f411xe.o


==============================================================================

Image component sizes


      Code (inc. data)   RO Data    RW Data    ZI Data      Debug   Object Name

       240          0          0          0          0        799   delay.o
        12          0          0          0          0        364   delay_as.o
      1366          6          0          0         16      10583   gpio.o
      2390          8        878         33       1149       9964   main.o
       250          0          0          0          0       1419   queue.o
        64         26        408          0       1536        900   startup_stm32f411xe.o
       360          0          0          0          0       4449   stm32f4xx_gpio.o
       466          0         16          0          0       9313   stm32f4xx_rcc.o
       514          0          0          0          0       7051   stm32f4xx_usart.o
        18          0          0          4          0       2825   system_stm32f4xx.o
        16          0          0          0          4       4900   timer.o
       568          0          0          0          4       6212   uart.o

    ----------------------------------------------------------------------
      6320         40       1336         40       2712      58779   Object Totals
         0          0         32          0          0          0   (incl. Generated)
        56          0          2          3          3          0   (incl. Padding)

    ----------------------------------------------------------------------

      Code (inc. data)   RO Data    RW Data    ZI Data      Debug   Library Member Name

         8          0          0          0          0         68   __main.o
       392          4         17          0          0         92   __printf_flags_ss_wp.o
        14          0          0          0          0         68   __printf_wp.o
         0          0          0          0          0          0   __rtentry.o
        12          0          0          0          0          0   __rtentry2.o
         6          0          0          0          0          0   __rtentry4.o
        94          8          0          0          0          0   __scatter.o
        26          0          0          0          0          0   __scatter_copy.o
        28          0          0          0          0          0   __scatter_zi.o
        72          0          0          0          0         96   _c16rtomb.o
         6          0          0          0          0          0   _printf_a.o
         6          0          0          0          0          0   _printf_c.o
        44          0          0          0          0        108   _printf_char.o
        48          6          0          0          0         96   _printf_char_common.o
        40          0          0          0          0         68   _printf_charcount.o
         6          0          0          0          0          0   _printf_d.o
       120         16          0          0          0         92   _printf_dec.o
         6          0          0          0          0          0   _printf_e.o
         6          0          0          0          0          0   _printf_f.o
      1052          0          0          0          0        148   _printf_fp_dec.o
       764          8         38          0          0        100   _printf_fp_hex.o
       128         16          0          0          0         84   _printf_fp_infnan.o
         6          0          0          0          0          0   _printf_g.o
       148          4         40          0          0        160   _printf_hex_int_ll_ptr.o
         6          0          0          0          0          0   _printf_i.o
       178          0          0          0          0         88   _printf_intcommon.o
        10          0          0          0          0          0   _printf_l.o
         6          0          0          0          0          0   _printf_lc.o
        10          0          0          0          0          0   _printf_ll.o
         6          0          0          0          0          0   _printf_lld.o
         6          0          0          0          0          0   _printf_lli.o
         6          0          0          0          0          0   _printf_llo.o
         6          0          0          0          0          0   _printf_llu.o
         6          0          0          0          0          0   _printf_llx.o
       124         16          0          0          0         92   _printf_longlong_dec.o
         6          0          0          0          0          0   _printf_ls.o
         6          0          0          0          0          0   _printf_n.o
         6          0          0          0          0          0   _printf_o.o
       112          8          0          0          0        124   _printf_oct_int_ll.o
         6          0          0          0          0          0   _printf_p.o
        78          0          0          0          0        108   _printf_pad.o
         0          0          0          0          0          0   _printf_percent.o
         4          0          0          0          0          0   _printf_percent_end.o
         6          0          0          0          0          0   _printf_s.o
        82          0          0          0          0         80   _printf_str.o
        36          0          0          0          0         84   _printf_truncate.o
         6          0          0          0          0          0   _printf_u.o
        44          0          0          0          0        108   _printf_wchar.o
       188          6          8          0          0         92   _printf_wctomb.o
         6          0          0          0          0          0   _printf_x.o
        10          0          0          0          0         68   _sputc.o
       228          4        148          0          0         96   bigflt0.o
      1936        128          0          0          0        668   btod.o
        10          0          0          0          0         68   defsig_exit.o
        50          0          0          0          0         88   defsig_general.o
        80         58          0          0          0         76   defsig_rtmem_inner.o
        14          0          0          0          0         80   defsig_rtmem_outer.o
        18          0          0          0          0         80   exit.o
        94          0          0          0          0         80   h1_alloc.o
        52          0          0          0          0         68   h1_extend.o
        78          0          0          0          0         80   h1_free.o
        12          0          0          0          0         84   h1_init.o
         6          0          0          0          0        152   heapauxi.o
         4          0          0          0          0        136   hguard.o
         0          0          0          0          0          0   indicate_semi.o
       138          0          0          0          0        168   init_alloc.o
        44         10        272          0          0         76   lc_ctype_c.o
        44         10         28          0          0         76   lc_numeric_c.o
         2          0          0          0          0          0   libinit.o
        42          0          0          0          0          0   libinit2.o
         2          0          0          0          0          0   libshutdown.o
         2          0          0          0          0          0   libshutdown2.o
         8          4          0          0         96         68   libspace.o
       138          0          0          0          0         80   lludiv10.o
         0          0          0          0          0          0   maybetermalloc1.o
        16          4          0          0          0         76   rt_ctype_table.o
         8          4          0          0          0         68   rt_heap_descriptor_intlibspace.o
         8          4          0          0          0         68   rt_locale_intlibspace.o
         2          0          0          0          0          0   rtexit.o
        10          0          0          0          0          0   rtexit2.o
        44          6          0          0          0         84   sprintf.o
        24          0          0          0          0         68   strcat.o
       124          0          0          0          0         88   strcmpv7em.o
        12          4          0          0          0         68   sys_exit.o
        74          0          0          0          0         80   sys_stackheap_outer.o
        14          0          0          0          0         76   sys_wrch.o
         2          0          0          0          0         68   use_no_semi.o
        12          0          0          0          0        116   dretinf.o
        86          4          0          0          0        132   f2d.o
       140          4          0          0          0        132   fnaninf.o
        26          0          0          0          0        116   fpinit.o
         4          0          0          0          0        116   printf1.o
         4          0          0          0          0        116   printf2.o
         0          0          0          0          0          0   usenofp.o
        48          0          0          0          0        124   fpclassify.o

    ----------------------------------------------------------------------
      7668        336        552          0         96       5844   Library Totals
        16          0          1          0          0          0   (incl. Padding)

    ----------------------------------------------------------------------

      Code (inc. data)   RO Data    RW Data    ZI Data      Debug   Library Name

      7332        328        551          0         96       4992   c_w.l
       272          8          0          0          0        728   fz_wm.l
        48          0          0          0          0        124   m_wm.l

    ----------------------------------------------------------------------
      7668        336        552          0         96       5844   Library Totals

    ----------------------------------------------------------------------

==============================================================================


      Code (inc. data)   RO Data    RW Data    ZI Data      Debug   

     13988        376       1888         40       2808      61255   Grand Totals
     13988        376       1888         40       2808      61255   ELF Image Totals
     13988        376       1888         40          0          0   ROM Totals

==============================================================================

    Total RO  Size (Code + RO Data)                15876 (  15.50kB)
    Total RW  Size (RW Data + ZI Data)              2848 (   2.78kB)
    Total ROM Size (Code + RO Data + RW Data)      15916 (  15.54kB)

==============================================================================

